data/sales_data.csv
product_id,sku,date,quantity,price,revenue,cost,profit,discount_percent,competitor_price,season,day_of_week,is_holiday,promotion_active
1,SKU0001,2023-01-01,118,309.85,36562.24,21458.3,15103.94,0.0,317.08,Winter,Sunday,True,False
1,SKU0001,2023-01-02,114,275.6,31418.16,20730.9,10687.26,14.49,342.99,Winter,Monday,False,True
1,SKU0001,2023-01-03,89,279.77,24899.43,16184.65,8714.78,0.0,307.92,Winter,Tuesday,False,False
1,SKU0001,2023-01-04,86,309.43,26611.36,15639.1,10972.26,0.0,276.13,Winter,Wednesday,False,False
1,SKU0001,2023-01-05,75,288.77,21658.02,13638.75,8019.27,0.0,339.93,Winter,Thursday,False,False
1,SKU0001,2023-01-06,79,278.37,21990.97,14366.15,7624.82,0.0,282.77,Winter,Friday,False,False
1,SKU0001,2023-01-07,191,257.03,49092.3,34733.35,14358.95,19.56,325.01,Winter,Saturday,False,True
1,SKU0001,2023-01-09,125,249.43,31178.63,22731.25,8447.38,23.56,333.5,Winter,Monday,False,True
1,SKU0001,2023-01-10,87,281.75,24512.15,15820.95,8691.2,0.0,285.65,Winter,Tuesday,False,False
1,SKU0001,2023-01-11,62,321.03,19903.84,11274.7,8629.14,0.0,339.35,Winter,Wednesday,False,False
1,SKU0001,2023-01-12,72,287.9,20728.62,13093.2,7635.42,0.0,328.55,Winter,Thursday,False,False
1,SKU0001,2023-01-13,77,297.4,22900.18,14002.45,8897.73,0.0,271.67,Winter,Friday,False,False
1,SKU0001,2023-01-14,56,325.18,18210.13,10183.6,8026.53,0.0,331.34,Winter,Saturday,False,False
1,SKU0001,2023-01-15,74,274.27,20296.31,13456.9,6839.41,0.0,287.82,Winter,Sunday,False,False
1,SKU0001,2023-01-16,61,321.4,19605.42,11092.85,8512.57,0.0,331.33,Winter,Monday,False,False
1,SKU0001,2023-01-17,56,320.5,17947.97,10183.6,7764.37,0.0,336.92,Winter,Tuesday,False,False
1,SKU0001,2023-01-18,82,286.26,23472.91,14911.7,8561.21,0.0,299.47,Winter,Wednesday,False,False
1,SKU0001,2023-01-19,57,320.98,18296.01,10365.45,7930.56,0.0,259.77,Winter,Thursday,False,False
1,SKU0001,2023-01-20,60,292.67,17560.2,10911.0,6649.2,0.0,345.53,Winter,Friday,False,False
1,SKU0001,2023-01-21,102,311.66,31788.92,18548.7,13240.22,0.0,346.83,Winter,Saturday,False,False
1,SKU0001,2023-01-22,74,329.7,24398.16,13456.9,10941.26,0.0,345.85,Winter,Sunday,False,False
1,SKU0001,2023-01-23,64,331.12,21191.49,11638.4,9553.09,0.0,267.47,Winter,Monday,False,False
1,SKU0001,2023-01-24,53,316.93,16797.47,9638.05,7159.42,0.0,312.74,Winter,Tuesday,False,False
1,SKU0001,2023-01-25,69,296.12,20432.35,12547.65,7884.7,0.0,280.78,Winter,Wednesday,False,False
1,SKU0001,2023-01-26,85,272.87,23194.33,15457.25,7737.08,0.0,306.58,Winter,Thursday,False,False
1,SKU0001,2023-01-27,56,317.75,17793.78,10183.6,7610.18,0.0,290.73,Winter,Friday,False,False
1,SKU0001,2023-01-28,155,266.23,41265.22,28186.75,13078.47,14.95,334.72,Winter,Saturday,False,True
1,SKU0001,2023-01-29,84,290.98,24442.01,15275.4,9166.61,0.0,294.75,Winter,Sunday,False,False
1,SKU0001,2023-01-30,73,290.69,21220.62,13275.05,7945.57,0.0,295.85,Winter,Monday,False,False
1,SKU0001,2023-01-31,62,313.83,19457.35,11274.7,8182.65,0.0,313.58,Winter,Tuesday,False,False
1,SKU0001,2023-02-02,74,298.83,22113.43,13456.9,8656.53,0.0,317.15,Winter,Thursday,False,False
1,SKU0001,2023-02-03,62,299.57,18573.59,11274.7,7298.89,0.0,300.64,Winter,Friday,False,False
1,SKU0001,2023-02-04,90,321.02,28892.15,16366.5,12525.65,0.0,265.33,Winter,Saturday,False,False
1,SKU0001,2023-02-05,68,311.14,21157.41,12365.8,8791.61,0.0,332.03,Winter,Sunday,False,False
1,SKU0001,2023-02-06,71,313.55,22262.35,12911.35,9351.0,0.0,275.72,Winter,Monday,False,False
1,SKU0001,2023-02-07,101,238.35,24073.72,18366.85,5706.87,17.13,264.24,Winter,Tuesday,False,True
1,SKU0001,2023-02-08,56,310.95,17412.97,10183.6,7229.37,0.0,320.93,Winter,Wednesday,False,False
1,SKU0001,2023-02-09,80,287.56,23004.91,14548.0,8456.91,0.0,258.12,Winter,Thursday,False,False
1,SKU0001,2023-02-10,74,319.45,23639.23,13456.9,10182.33,0.0,296.27,Winter,Friday,False,False
1,SKU0001,2023-02-11,79,330.84,26136.37,14366.15,11770.22,0.0,262.18,Winter,Saturday,False,False
1,SKU0001,2023-02-12,77,324.19,24963.0,14002.45,10960.55,0.0,330.49,Winter,Sunday,False,False
1,SKU0001,2023-02-13,60,332.65,19959.25,10911.0,9048.25,0.0,344.0,Winter,Monday,False,False
1,SKU0001,2023-02-14,71,309.91,22003.51,12911.35,9092.16,0.0,303.51,Winter,Tuesday,True,False
1,SKU0001,2023-02-15,64,305.98,19582.84,11638.4,7944.44,0.0,325.23,Winter,Wednesday,False,False
1,SKU0001,2023-02-16,72,288.48,20770.79,13093.2,7677.59,0.0,315.6,Winter,Thursday,False,False
1,SKU0001,2023-02-17,83,304.37,25262.8,15093.55,10169.25,0.0,282.59,Winter,Friday,False,False
1,SKU0001,2023-02-18,169,249.26,42124.8,30732.65,11392.15,14.08,306.73,Winter,Saturday,False,True
1,SKU0001,2023-02-19,69,286.79,19788.52,12547.65,7240.87,0.0,321.85,Winter,Sunday,False,False
1,SKU0001,2023-02-20,145,243.52,35310.23,26368.25,8941.98,18.14,276.42,Winter,Monday,False,True
1,SKU0001,2023-02-21,61,327.62,19984.8,11092.85,8891.95,0.0,320.86,Winter,Tuesday,False,False
1,SKU0001,2023-02-22,60,319.18,19150.76,10911.0,8239.76,0.0,258.15,Winter,Wednesday,False,False
1,SKU0001,2023-02-23,74,318.44,23564.9,13456.9,10108.0,0.0,344.31,Winter,Thursday,False,False
1,SKU0001,2023-02-24,78,318.08,24810.51,14184.3,10626.21,0.0,312.47,Winter,Friday,False,False
1,SKU0001,2023-02-25,108,286.07,30895.83,19639.8,11256.03,0.0,260.26,Winter,Saturday,False,False
1,SKU0001,2023-02-26,72,313.94,22603.6,13093.2,9510.4,0.0,272.62,Winter,Sunday,False,False
1,SKU0001,2023-02-27,77,280.51,21599.14,14002.45,7596.69,0.0,260.07,Winter,Monday,False,False
1,SKU0001,2023-03-01,139,281.0,39058.66,25277.15,13781.51,0.0,262.19,Spring,Wednesday,False,False
1,SKU0001,2023-03-02,110,285.6,31416.22,20003.5,11412.72,0.0,326.83,Spring,Thursday,False,False
1,SKU0001,2023-03-03,98,318.36,31198.87,17821.3,13377.57,0.0,280.56,Spring,Friday,False,False
1,SKU0001,2023-03-04,234,224.39,52506.42,42552.9,9953.52,18.09,289.44,Spring,Saturday,False,True
1,SKU0001,2023-03-05,99,320.13,31692.6,18003.15,13689.45,0.0,326.2,Spring,Sunday,False,False
1,SKU0001,2023-03-07,146,280.42,40941.76,26550.1,14391.66,0.0,308.9,Spring,Tuesday,False,False
1,SKU0001,2023-03-08,102,315.17,32147.42,18548.7,13598.72,0.0,272.87,Spring,Wednesday,False,False
1,SKU0001,2023-03-09,117,318.11,37218.67,21276.45,15942.22,0.0,332.11,Spring,Thursday,False,False
1,SKU0001,2023-03-11,112,313.83,35148.97,20367.2,14781.77,0.0,293.68,Spring,Saturday,False,False
1,SKU0001,2023-03-12,156,277.38,43271.06,28368.6,14902.46,0.0,314.65,Spring,Sunday,False,False
1,SKU0001,2023-03-13,124,319.6,39629.99,22549.4,17080.59,0.0,312.21,Spring,Monday,False,False
1,SKU0001,2023-03-14,95,332.41,31578.83,17275.75,14303.08,0.0,289.19,Spring,Tuesday,False,False
1,SKU0001,2023-03-15,139,295.23,41037.6,25277.15,15760.45,0.0,288.64,Spring,Wednesday,False,False
1,SKU0001,2023-03-16,60,322.62,19357.1,10911.0,8446.1,0.0,344.98,Spring,Thursday,False,False
1,SKU0001,2023-03-17,111,323.0,35853.55,20185.35,15668.2,0.0,297.21,Spring,Friday,False,False
1,SKU0001,2023-03-18,116,331.3,38430.24,21094.6,17335.64,0.0,331.1,Spring,Saturday,False,False
1,SKU0001,2023-03-19,125,302.08,37759.96,22731.25,15028.71,0.0,324.09,Spring,Sunday,False,False
1,SKU0001,2023-03-20,100,324.4,32439.94,18185.0,14254.94,0.0,265.5,Spring,Monday,False,False
1,SKU0001,2023-03-21,82,287.55,23579.43,14911.7,8667.73,0.0,313.11,Spring,Tuesday,False,False
1,SKU0001,2023-03-22,121,274.51,33215.91,22003.85,11212.06,0.0,274.15,Spring,Wednesday,False,False
1,SKU0001,2023-03-23,105,321.13,33719.01,19094.25,14624.76,0.0,337.66,Spring,Thursday,False,False
1,SKU0001,2023-03-25,136,277.96,37802.77,24731.6,13071.17,0.0,302.04,Spring,Saturday,False,False
1,SKU0001,2023-03-26,109,314.63,34295.1,19821.65,14473.45,0.0,302.25,Spring,Sunday,False,False
1,SKU0001,2023-03-27,113,278.41,31460.61,20549.05,10911.56,0.0,320.52,Spring,Monday,False,False
1,SKU0001,2023-03-28,121,308.02,37270.85,22003.85,15267.0,0.0,305.89,Spring,Tuesday,False,False
1,SKU0001,2023-03-29,106,317.99,33706.69,19276.1,14430.59,0.0,321.52,Spring,Wednesday,False,False
1,SKU0001,2023-03-30,108,288.01,31105.2,19639.8,11465.4,0.0,275.13,Spring,Thursday,False,False
1,SKU0001,2023-03-31,116,305.25,35409.46,21094.6,14314.86,0.0,274.45,Spring,Friday,False,False
1,SKU0001,2023-04-01,133,302.12,40182.25,24186.05,15996.2,0.0,346.42,Spring,Saturday,False,False
1,SKU0001,2023-04-02,159,289.93,46098.27,28914.15,17184.12,0.0,275.27,Spring,Sunday,False,False
1,SKU0001,2023-04-04,110,289.4,31833.96,20003.5,11830.46,0.0,307.93,Spring,Tuesday,False,False
1,SKU0001,2023-04-05,114,280.43,31968.63,20730.9,11237.73,0.0,302.25,Spring,Wednesday,False,False
1,SKU0001,2023-04-06,83,307.57,25528.27,15093.55,10434.72,0.0,297.67,Spring,Thursday,False,False
1,SKU0001,2023-04-07,130,275.89,35865.21,23640.5,12224.71,0.0,301.06,Spring,Friday,False,False
1,SKU0001,2023-04-08,140,297.06,41588.58,25459.0,16129.58,0.0,314.85,Spring,Saturday,False,False
1,SKU0001,2023-04-09,272,229.84,62516.92,49463.2,13053.72,18.44,347.99,Spring,Sunday,False,True
1,SKU0001,2023-04-10,97,319.11,30953.62,17639.45,13314.17,0.0,329.52,Spring,Monday,False,False
1,SKU0001,2023-04-11,85,304.45,25878.1,15457.25,10420.85,0.0,297.87,Spring,Tuesday,False,False
1,SKU0001,2023-04-12,89,332.78,29617.75,16184.65,13433.1,0.0,314.08,Spring,Wednesday,False,False
1,SKU0001,2023-04-13,96,317.63,30492.79,17457.6,13035.19,0.0,276.51,Spring,Thursday,False,False
1,SKU0001,2023-04-14,91,312.8,28465.21,16548.35,11916.86,0.0,273.42,Spring,Friday,False,False
1,SKU0001,2023-04-15,269,227.2,61116.02,48917.65,12198.37,16.76,284.1,Spring,Saturday,False,True
1,SKU0001,2023-04-16,131,315.62,41346.85,23822.35,17524.5,0.0,298.9,Spring,Sunday,False,False
1,SKU0001,2023-04-17,124,328.78,40768.2,22549.4,18218.8,0.0,314.45,Spring,Monday,False,False
1,SKU0001,2023-04-18,99,329.37,32607.36,18003.15,14604.21,0.0,307.13,Spring,Tuesday,False,False
1,SKU0001,2023-04-19,101,327.84,33111.46,18366.85,14744.61,0.0,264.11,Spring,Wednesday,False,False
1,SKU0001,2023-04-20,114,291.42,33221.67,20730.9,12490.77,0.0,309.37,Spring,Thursday,False,False
1,SKU0001,2023-04-21,86,280.31,24106.64,15639.1,8467.54,0.0,321.24,Spring,Friday,False,False
1,SKU0001,2023-04-22,130,303.11,39404.12,23640.5,15763.62,0.0,264.93,Spring,Saturday,False,False
1,SKU0001,2023-04-23,237,254.61,60342.49,43098.45,17244.04,14.83,265.92,Spring,Sunday,False,True
1,SKU0001,2023-04-24,136,323.44,43988.45,24731.6,19256.85,0.0,344.07,Spring,Monday,False,False
1,SKU0001,2023-04-25,100,313.52,31352.3,18185.0,13167.3,0.0,261.28,Spring,Tuesday,False,False
1,SKU0001,2023-04-26,115,301.29,34648.57,20912.75,13735.82,0.0,340.91,Spring,Wednesday,False,False
1,SKU0001,2023-04-27,105,308.25,32366.5,19094.25,13272.25,0.0,302.33,Spring,Thursday,False,False
1,SKU0001,2023-04-28,166,249.79,41464.39,30187.1,11277.29,15.0,335.61,Spring,Friday,False,True
1,SKU0001,2023-04-29,145,314.82,45648.86,26368.25,19280.61,0.0,343.56,Spring,Saturday,False,False
1,SKU0001,2023-04-30,143,306.12,43774.68,26004.55,17770.13,0.0,286.22,Spring,Sunday,False,False
1,SKU0001,2023-05-01,107,331.58,35479.14,19457.95,16021.19,0.0,304.41,Spring,Monday,False,False
1,SKU0001,2023-05-02,90,312.64,28137.31,16366.5,11770.81,0.0,295.19,Spring,Tuesday,False,False
1,SKU0001,2023-05-03,137,294.7,40374.12,24913.45,15460.67,0.0,314.48,Spring,Wednesday,False,False
1,SKU0001,2023-05-04,94,285.11,26800.42,17093.9,9706.52,0.0,341.97,Spring,Thursday,False,False
1,SKU0001,2023-05-05,112,315.1,35290.88,20367.2,14923.68,0.0,346.1,Spring,Friday,False,False
1,SKU0001,2023-05-06,187,287.28,53720.85,34005.95,19714.9,0.0,307.7,Spring,Saturday,False,False
1,SKU0001,2023-05-07,125,278.42,34802.75,22731.25,12071.5,0.0,340.63,Spring,Sunday,False,False
1,SKU0001,2023-05-08,111,279.89,31068.05,20185.35,10882.7,0.0,302.93,Spring,Monday,False,False
1,SKU0001,2023-05-09,110,303.62,33397.96,20003.5,13394.46,0.0,333.51,Spring,Tuesday,False,False
1,SKU0001,2023-05-10,108,287.55,31054.97,19639.8,11415.17,0.0,292.5,Spring,Wednesday,False,False
1,SKU0001,2023-05-11,83,303.58,25197.1,15093.55,10103.55,0.0,336.18,Spring,Thursday,False,False
1,SKU0001,2023-05-12,101,320.66,32386.56,18366.85,14019.71,0.0,342.56,Spring,Friday,False,False
1,SKU0001,2023-05-13,100,322.51,32251.04,18185.0,14066.04,0.0,284.76,Spring,Saturday,False,False
1,SKU0001,2023-05-14,122,333.32,40665.22,22185.7,18479.52,0.0,271.13,Spring,Sunday,False,False
1,SKU0001,2023-05-15,98,293.69,28781.82,17821.3,10960.52,0.0,307.03,Spring,Monday,False,False
1,SKU0001,2023-05-16,141,292.28,41211.04,25640.85,15570.19,0.0,321.04,Spring,Tuesday,False,False
1,SKU0001,2023-05-17,104,286.93,29840.68,18912.4,10928.28,0.0,261.59,Spring,Wednesday,False,False
1,SKU0001,2023-05-18,98,315.52,30920.97,17821.3,13099.67,0.0,292.72,Spring,Thursday,False,False
1,SKU0001,2023-05-19,112,322.52,36122.51,20367.2,15755.31,0.0,302.66,Spring,Friday,False,False
1,SKU0001,2023-05-20,201,246.05,49456.84,36551.85,12904.99,18.85,337.1,Spring,Saturday,False,True
1,SKU0001,2023-05-21,134,304.65,40823.51,24367.9,16455.61,0.0,323.31,Spring,Sunday,False,False
1,SKU0001,2023-05-22,124,312.46,38745.32,22549.4,16195.92,0.0,300.31,Spring,Monday,False,False
1,SKU0001,2023-05-23,86,293.29,25223.3,15639.1,9584.2,0.0,316.7,Spring,Tuesday,False,False
1,SKU0001,2023-05-24,101,324.44,32768.19,18366.85,14401.34,0.0,292.17,Spring,Wednesday,False,False
1,SKU0001,2023-05-25,106,316.34,33531.8,19276.1,14255.7,0.0,336.94,Spring,Thursday,False,False
1,SKU0001,2023-05-26,264,223.01,58874.73,48008.4,10866.33,19.47,348.31,Spring,Friday,False,True
1,SKU0001,2023-05-27,108,299.08,32300.38,19639.8,12660.58,0.0,315.24,Spring,Saturday,False,False
1,SKU0001,2023-05-28,106,299.67,31764.6,19276.1,12488.5,0.0,339.76,Spring,Sunday,False,False
1,SKU0001,2023-05-29,189,274.8,51937.37,34369.65,17567.72,14.4,270.85,Spring,Monday,False,True
1,SKU0001,2023-05-30,111,307.08,34085.47,20185.35,13900.12,0.0,273.07,Spring,Tuesday,False,False
1,SKU0001,2023-05-31,194,262.74,50971.58,35278.9,15692.68,19.3,340.62,Spring,Wednesday,False,True
1,SKU0001,2023-06-01,135,300.73,40597.88,24549.75,16048.13,0.0,280.83,Summer,Thursday,False,False
1,SKU0001,2023-06-02,215,245.92,52873.68,39097.75,13775.93,23.52,271.98,Summer,Friday,False,True
1,SKU0001,2023-06-03,165,293.72,48463.6,30005.25,18458.35,0.0,315.71,Summer,Saturday,False,False
1,SKU0001,2023-06-04,171,287.93,49236.36,31096.35,18140.01,0.0,275.73,Summer,Sunday,False,False
1,SKU0001,2023-06-05,114,302.06,34435.08,20730.9,13704.18,0.0,309.62,Summer,Monday,False,False
1,SKU0001,2023-06-06,142,332.95,47278.19,25822.7,21455.49,0.0,346.54,Summer,Tuesday,False,False
1,SKU0001,2023-06-07,145,289.41,41964.44,26368.25,15596.19,0.0,319.97,Summer,Wednesday,False,False
1,SKU0001,2023-06-08,119,275.74,32813.64,21640.15,11173.49,0.0,302.78,Summer,Thursday,False,False
1,SKU0001,2023-06-09,148,290.12,42937.75,26913.8,16023.95,0.0,312.81,Summer,Friday,False,False
1,SKU0001,2023-06-10,125,311.36,38920.15,22731.25,16188.9,0.0,319.24,Summer,Saturday,False,False
1,SKU0001,2023-06-11,163,312.73,50974.82,29641.55,21333.27,0.0,314.74,Summer,Sunday,False,False
1,SKU0001,2023-06-12,143,311.95,44608.93,26004.55,18604.38,0.0,297.7,Summer,Monday,False,False
1,SKU0001,2023-06-13,104,317.16,32985.13,18912.4,14072.73,0.0,284.45,Summer,Tuesday,False,False
1,SKU0001,2023-06-14,160,283.42,45346.98,29096.0,16250.98,0.0,306.66,Summer,Wednesday,False,False
1,SKU0001,2023-06-15,134,304.95,40863.32,24367.9,16495.42,0.0,333.13,Summer,Thursday,False,False
1,SKU0001,2023-06-16,130,322.76,41958.98,23640.5,18318.48,0.0,330.95,Summer,Friday,False,False
1,SKU0001,2023-06-17,205,293.3,60127.23,37279.25,22847.98,0.0,345.17,Summer,Saturday,False,False
1,SKU0001,2023-06-18,129,331.36,42745.1,23458.65,19286.45,0.0,323.47,Summer,Sunday,False,False
1,SKU0001,2023-06-19,99,331.4,32809.0,18003.15,14805.85,0.0,290.88,Summer,Monday,False,False
1,SKU0001,2023-06-20,127,273.62,34749.19,23094.95,11654.24,0.0,298.97,Summer,Tuesday,False,False
1,SKU0001,2023-06-21,106,313.53,33233.82,19276.1,13957.72,0.0,332.4,Summer,Wednesday,False,False
1,SKU0001,2023-06-22,141,279.34,39386.87,25640.85,13746.02,0.0,259.89,Summer,Thursday,False,False
1,SKU0001,2023-06-23,131,306.8,40191.1,23822.35,16368.75,0.0,277.75,Summer,Friday,False,False
1,SKU0001,2023-06-24,299,246.42,73679.39,54373.15,19306.24,23.64,294.74,Summer,Saturday,False,True
1,SKU0001,2023-06-25,151,330.13,49849.72,27459.35,22390.37,0.0,302.41,Summer,Sunday,False,False
1,SKU0001,2023-06-26,192,287.25,55152.66,34915.2,20237.46,12.03,318.58,Summer,Monday,False,True
1,SKU0001,2023-06-27,137,330.11,45225.5,24913.45,20312.05,0.0,325.11,Summer,Tuesday,False,False
1,SKU0001,2023-06-28,125,297.92,37240.08,22731.25,14508.83,0.0,302.11,Summer,Wednesday,False,False
1,SKU0001,2023-06-30,141,299.65,42250.38,25640.85,16609.53,0.0,335.4,Summer,Friday,False,False
1,SKU0001,2023-07-01,235,257.23,60449.04,42734.75,17714.29,18.17,290.23,Summer,Saturday,False,True
1,SKU0001,2023-07-02,140,284.28,39798.84,25459.0,14339.84,0.0,334.72,Summer,Sunday,False,False
1,SKU0001,2023-07-03,130,312.95,40683.03,23640.5,17042.53,0.0,311.91,Summer,Monday,False,False
1,SKU0001,2023-07-04,255,276.71,70560.96,46371.75,24189.21,13.65,308.95,Summer,Tuesday,True,True
1,SKU0001,2023-07-05,224,277.32,62119.74,40734.4,21385.34,13.11,336.69,Summer,Wednesday,False,True
1,SKU0001,2023-07-06,151,281.72,42539.14,27459.35,15079.79,0.0,257.88,Summer,Thursday,False,False
1,SKU0001,2023-07-07,139,281.54,39134.39,25277.15,13857.24,0.0,280.41,Summer,Friday,False,False
1,SKU0001,2023-07-09,187,277.15,51826.63,34005.95,17820.68,13.57,273.46,Summer,Sunday,False,True
1,SKU0001,2023-07-10,206,260.89,53742.44,37461.1,16281.34,17.89,300.92,Summer,Monday,False,True
1,SKU0001,2023-07-11,143,303.88,43455.19,26004.55,17450.64,0.0,303.43,Summer,Tuesday,False,False
1,SKU0001,2023-07-12,150,275.4,41310.09,27277.5,14032.59,0.0,336.45,Summer,Wednesday,False,False
1,SKU0001,2023-07-13,104,300.54,31255.82,18912.4,12343.42,0.0,263.15,Summer,Thursday,False,False
1,SKU0001,2023-07-14,134,297.12,39813.6,24367.9,15445.7,0.0,302.2,Summer,Friday,False,False
