data/sales_data.csv
product_id,sku,date,quantity,price,revenue,cost,profit,discount_percent,competitor_price,season,day_of_week,is_holiday,promotion_active
1,SKU0001,2023-07-15,183,277.23,50732.49,33278.55,17453.94,0.0,312.93,Summer,Saturday,False,False
1,SKU0001,2023-07-16,270,233.01,62913.31,49099.5,13813.81,19.5,287.19,Summer,Sunday,False,True
1,SKU0001,2023-07-17,129,304.93,39336.26,23458.65,15877.61,0.0,312.67,Summer,Monday,False,False
1,SKU0001,2023-07-18,245,243.45,59644.2,44553.25,15090.95,22.79,327.54,Summer,Tuesday,False,True
1,SKU0001,2023-07-19,114,285.81,32581.87,20730.9,11850.97,0.0,278.39,Summer,Wednesday,False,False
1,SKU0001,2023-07-20,135,300.26,40535.27,24549.75,15985.52,0.0,266.26,Summer,Thursday,False,False
1,SKU0001,2023-07-21,131,313.09,41014.55,23822.35,17192.2,0.0,271.5,Summer,Friday,False,False
1,SKU0001,2023-07-22,202,276.84,55921.95,36733.7,19188.25,0.0,266.09,Summer,Saturday,False,False
1,SKU0001,2023-07-23,331,247.13,81800.75,60192.35,21608.4,22.18,310.94,Summer,Sunday,False,True
1,SKU0001,2023-07-24,106,292.75,31031.91,19276.1,11755.81,0.0,289.77,Summer,Monday,False,False
1,SKU0001,2023-07-25,102,318.25,32461.63,18548.7,13912.93,0.0,323.18,Summer,Tuesday,False,False
1,SKU0001,2023-07-26,133,309.17,41119.14,24186.05,16933.09,0.0,310.16,Summer,Wednesday,False,False
1,SKU0001,2023-07-27,131,312.58,40948.08,23822.35,17125.73,0.0,267.46,Summer,Thursday,False,False
1,SKU0001,2023-07-28,142,295.05,41897.4,25822.7,16074.7,0.0,309.82,Summer,Friday,False,False
1,SKU0001,2023-07-29,219,324.0,70956.42,39825.15,31131.27,0.0,332.03,Summer,Saturday,False,False
1,SKU0001,2023-07-31,136,323.05,43934.88,24731.6,19203.28,0.0,274.02,Summer,Monday,False,False
1,SKU0001,2023-08-01,153,291.5,44599.72,27823.05,16776.67,0.0,258.17,Summer,Tuesday,False,False
1,SKU0001,2023-08-02,137,307.1,42072.72,24913.45,17159.27,0.0,270.52,Summer,Wednesday,False,False
1,SKU0001,2023-08-03,139,274.63,38173.61,25277.15,12896.46,0.0,277.18,Summer,Thursday,False,False
1,SKU0001,2023-08-04,148,293.44,43428.49,26913.8,16514.69,0.0,323.23,Summer,Friday,False,False
1,SKU0001,2023-08-05,132,307.18,40547.4,24004.2,16543.2,0.0,262.4,Summer,Saturday,False,False
1,SKU0001,2023-08-06,142,310.22,44051.65,25822.7,18228.95,0.0,282.36,Summer,Sunday,False,False
1,SKU0001,2023-08-07,118,302.21,35660.88,21458.3,14202.58,0.0,282.46,Summer,Monday,False,False
1,SKU0001,2023-08-08,144,279.67,40272.65,26186.4,14086.25,0.0,283.37,Summer,Tuesday,False,False
1,SKU0001,2023-08-09,172,302.27,51990.39,31278.2,20712.19,0.0,261.75,Summer,Wednesday,False,False
1,SKU0001,2023-08-11,152,285.58,43407.58,27641.2,15766.38,0.0,280.85,Summer,Friday,False,False
1,SKU0001,2023-08-12,134,273.24,36614.23,24367.9,12246.33,0.0,273.59,Summer,Saturday,False,False
1,SKU0001,2023-08-13,134,315.43,42267.05,24367.9,17899.15,0.0,333.39,Summer,Sunday,False,False
1,SKU0001,2023-08-14,168,277.14,46559.68,30550.8,16008.88,0.0,261.46,Summer,Monday,False,False
1,SKU0001,2023-08-15,232,253.25,58754.85,42189.2,16565.65,22.93,309.75,Summer,Tuesday,False,True
1,SKU0001,2023-08-16,109,298.09,32491.91,19821.65,12670.26,0.0,259.51,Summer,Wednesday,False,False
1,SKU0001,2023-08-17,104,321.34,33419.87,18912.4,14507.47,0.0,333.27,Summer,Thursday,False,False
1,SKU0001,2023-08-18,158,278.11,43942.02,28732.3,15209.72,0.0,279.74,Summer,Friday,False,False
1,SKU0001,2023-08-19,135,304.53,41111.89,24549.75,16562.14,0.0,285.83,Summer,Saturday,False,False
1,SKU0001,2023-08-20,165,292.96,48338.61,30005.25,18333.36,0.0,304.03,Summer,Sunday,False,False
1,SKU0001,2023-08-21,127,303.68,38567.77,23094.95,15472.82,0.0,289.38,Summer,Monday,False,False
1,SKU0001,2023-08-22,105,322.41,33853.41,19094.25,14759.16,0.0,279.1,Summer,Tuesday,False,False
1,SKU0001,2023-08-23,183,284.73,52105.56,33278.55,18827.01,0.0,326.74,Summer,Wednesday,False,False
1,SKU0001,2023-08-24,153,283.51,43377.01,27823.05,15553.96,0.0,302.55,Summer,Thursday,False,False
1,SKU0001,2023-08-25,82,318.83,26144.28,14911.7,11232.58,0.0,341.65,Summer,Friday,False,False
1,SKU0001,2023-08-26,151,311.28,47003.47,27459.35,19544.12,0.0,336.2,Summer,Saturday,False,False
1,SKU0001,2023-08-27,152,281.92,42852.21,27641.2,15211.01,0.0,297.83,Summer,Sunday,False,False
1,SKU0001,2023-08-28,153,289.42,44281.51,27823.05,16458.46,0.0,303.75,Summer,Monday,False,False
1,SKU0001,2023-08-29,113,300.17,33918.67,20549.05,13369.62,0.0,333.24,Summer,Tuesday,False,False
1,SKU0001,2023-08-30,229,250.93,57462.38,41643.65,15818.73,22.83,303.72,Summer,Wednesday,False,True
1,SKU0001,2023-08-31,134,306.37,41053.91,24367.9,16686.01,0.0,339.07,Summer,Thursday,False,False
1,SKU0001,2023-09-01,94,321.86,30254.82,17093.9,13160.92,0.0,286.85,Fall,Friday,False,False
1,SKU0001,2023-09-02,99,281.92,27909.74,18003.15,9906.59,0.0,267.03,Fall,Saturday,False,False
1,SKU0001,2023-09-03,108,293.59,31707.7,19639.8,12067.9,0.0,303.49,Fall,Sunday,False,False
1,SKU0001,2023-09-04,90,287.79,25901.03,16366.5,9534.53,0.0,297.57,Fall,Monday,False,False
1,SKU0001,2023-09-05,90,282.39,25415.51,16366.5,9049.01,0.0,283.34,Fall,Tuesday,False,False
1,SKU0001,2023-09-06,120,293.28,35193.9,21822.0,13371.9,0.0,329.38,Fall,Wednesday,False,False
1,SKU0001,2023-09-07,109,276.77,30167.64,19821.65,10345.99,0.0,319.3,Fall,Thursday,False,False
1,SKU0001,2023-09-08,69,316.64,21848.29,12547.65,9300.64,0.0,340.03,Fall,Friday,False,False
1,SKU0001,2023-09-09,130,292.98,38087.28,23640.5,14446.78,0.0,270.48,Fall,Saturday,False,False
1,SKU0001,2023-09-10,126,331.43,41760.17,22913.1,18847.07,0.0,293.26,Fall,Sunday,False,False
1,SKU0001,2023-09-11,93,329.63,30655.58,16912.05,13743.53,0.0,291.87,Fall,Monday,False,False
1,SKU0001,2023-09-12,64,322.06,20612.1,11638.4,8973.7,0.0,332.99,Fall,Tuesday,False,False
1,SKU0001,2023-09-13,80,314.32,25145.53,14548.0,10597.53,0.0,316.36,Fall,Wednesday,False,False
1,SKU0001,2023-09-14,112,294.7,33006.91,20367.2,12639.71,0.0,274.01,Fall,Thursday,False,False
1,SKU0001,2023-09-15,71,330.22,23445.33,12911.35,10533.98,0.0,278.22,Fall,Friday,False,False
1,SKU0001,2023-09-16,132,277.45,36623.33,24004.2,12619.13,0.0,266.81,Fall,Saturday,False,False
1,SKU0001,2023-09-17,111,323.39,35896.69,20185.35,15711.34,0.0,261.05,Fall,Sunday,False,False
1,SKU0001,2023-09-18,72,319.22,22984.02,13093.2,9890.82,0.0,291.87,Fall,Monday,False,False
1,SKU0001,2023-09-19,82,323.16,26499.51,14911.7,11587.81,0.0,331.18,Fall,Tuesday,False,False
1,SKU0001,2023-09-20,47,299.3,14067.19,8546.95,5520.24,0.0,319.12,Fall,Wednesday,False,False
1,SKU0001,2023-09-21,78,299.7,23376.41,14184.3,9192.11,0.0,325.68,Fall,Thursday,False,False
1,SKU0001,2023-09-22,86,305.14,26242.18,15639.1,10603.08,0.0,331.14,Fall,Friday,False,False
1,SKU0001,2023-09-23,80,323.39,25871.46,14548.0,11323.46,0.0,343.73,Fall,Saturday,False,False
1,SKU0001,2023-09-24,137,300.76,41203.74,24913.45,16290.29,0.0,292.34,Fall,Sunday,False,False
1,SKU0001,2023-09-25,62,331.34,20543.29,11274.7,9268.59,0.0,330.47,Fall,Monday,False,False
1,SKU0001,2023-09-26,91,287.93,26201.28,16548.35,9652.93,0.0,337.1,Fall,Tuesday,False,False
1,SKU0001,2023-09-27,104,278.99,29015.02,18912.4,10102.62,0.0,335.01,Fall,Wednesday,False,False
1,SKU0001,2023-09-28,102,319.03,32540.97,18548.7,13992.27,0.0,339.93,Fall,Thursday,False,False
1,SKU0001,2023-09-29,72,299.29,21548.87,13093.2,8455.67,0.0,277.81,Fall,Friday,False,False
1,SKU0001,2023-10-01,188,262.16,49285.75,34187.8,15097.95,13.54,291.71,Fall,Sunday,False,True
1,SKU0001,2023-10-02,139,254.84,35422.42,25277.15,10145.27,22.59,329.57,Fall,Monday,False,True
1,SKU0001,2023-10-03,103,290.16,29886.63,18730.55,11156.08,0.0,320.91,Fall,Tuesday,False,False
1,SKU0001,2023-10-04,88,315.54,27767.41,16002.8,11764.61,0.0,258.1,Fall,Wednesday,False,False
1,SKU0001,2023-10-05,179,223.35,39979.73,32551.15,7428.58,22.52,323.74,Fall,Thursday,False,True
1,SKU0001,2023-10-06,103,279.51,28789.71,18730.55,10059.16,0.0,285.0,Fall,Friday,False,False
1,SKU0001,2023-10-07,209,232.88,48672.89,38006.65,10666.24,21.91,267.7,Fall,Saturday,False,True
1,SKU0001,2023-10-09,107,287.44,30755.79,19457.95,11297.84,0.0,296.65,Fall,Monday,False,False
1,SKU0001,2023-10-10,121,287.35,34769.84,22003.85,12765.99,0.0,318.03,Fall,Tuesday,False,False
1,SKU0001,2023-10-11,107,295.3,31596.84,19457.95,12138.89,11.02,303.75,Fall,Wednesday,False,True
1,SKU0001,2023-10-12,118,306.36,36150.77,21458.3,14692.47,0.0,300.36,Fall,Thursday,False,False
1,SKU0001,2023-10-13,56,332.24,18605.37,10183.6,8421.77,0.0,259.09,Fall,Friday,False,False
1,SKU0001,2023-10-14,111,293.67,32597.65,20185.35,12412.3,0.0,314.74,Fall,Saturday,False,False
1,SKU0001,2023-10-15,111,317.34,35224.31,20185.35,15038.96,0.0,261.65,Fall,Sunday,False,False
1,SKU0001,2023-10-16,86,322.08,27699.19,15639.1,12060.09,0.0,328.46,Fall,Monday,False,False
1,SKU0001,2023-10-17,78,314.92,24564.05,14184.3,10379.75,0.0,331.4,Fall,Tuesday,False,False
1,SKU0001,2023-10-18,148,265.88,39350.69,26913.8,12436.89,16.87,261.6,Fall,Wednesday,False,True
1,SKU0001,2023-10-19,96,275.31,26429.97,17457.6,8972.37,0.0,304.48,Fall,Thursday,False,False
1,SKU0001,2023-10-20,81,305.69,24760.76,14729.85,10030.91,0.0,326.11,Fall,Friday,False,False
1,SKU0001,2023-10-21,128,294.41,37684.52,23276.8,14407.72,0.0,336.34,Fall,Saturday,False,False
1,SKU0001,2023-10-22,128,280.32,35880.6,23276.8,12603.8,0.0,338.49,Fall,Sunday,False,False
1,SKU0001,2023-10-23,73,327.0,23871.1,13275.05,10596.05,0.0,346.15,Fall,Monday,False,False
1,SKU0001,2023-10-24,103,302.93,31201.78,18730.55,12471.23,0.0,304.83,Fall,Tuesday,False,False
1,SKU0001,2023-10-25,89,316.84,28199.18,16184.65,12014.53,0.0,312.4,Fall,Wednesday,False,False
1,SKU0001,2023-10-26,100,305.84,30583.65,18185.0,12398.65,0.0,264.9,Fall,Thursday,False,False
1,SKU0001,2023-10-27,105,291.35,30591.81,19094.25,11497.56,0.0,296.36,Fall,Friday,False,False
1,SKU0001,2023-10-29,104,294.14,30590.84,18912.4,11678.44,0.0,282.58,Fall,Sunday,False,False
1,SKU0001,2023-10-30,89,330.23,29390.49,16184.65,13205.84,0.0,315.58,Fall,Monday,False,False
1,SKU0001,2023-10-31,118,321.33,37917.09,21458.3,16458.79,0.0,344.25,Fall,Tuesday,True,False
1,SKU0001,2023-11-01,87,309.6,26935.26,15820.95,11114.31,0.0,260.78,Fall,Wednesday,False,False
1,SKU0001,2023-11-02,152,270.38,41098.45,27641.2,13457.25,15.49,309.19,Fall,Thursday,False,True
1,SKU0001,2023-11-03,103,313.93,32335.2,18730.55,13604.65,0.0,291.44,Fall,Friday,False,False
1,SKU0001,2023-11-04,97,307.56,29833.4,17639.45,12193.95,0.0,293.81,Fall,Saturday,False,False
1,SKU0001,2023-11-05,127,287.9,36563.61,23094.95,13468.66,0.0,324.51,Fall,Sunday,False,False
1,SKU0001,2023-11-06,91,296.23,26956.9,16548.35,10408.55,0.0,281.42,Fall,Monday,False,False
1,SKU0001,2023-11-07,89,299.82,26684.27,16184.65,10499.62,0.0,283.58,Fall,Tuesday,False,False
1,SKU0001,2023-11-08,106,302.55,32069.94,19276.1,12793.84,0.0,335.16,Fall,Wednesday,False,False
1,SKU0001,2023-11-09,91,327.25,29779.42,16548.35,13231.07,0.0,265.6,Fall,Thursday,False,False
1,SKU0001,2023-11-10,92,324.02,29810.22,16730.2,13080.02,0.0,289.21,Fall,Friday,False,False
1,SKU0001,2023-11-11,264,234.21,61831.21,48008.4,13822.81,23.37,322.34,Fall,Saturday,False,True
1,SKU0001,2023-11-12,105,311.43,32699.82,19094.25,13605.57,0.0,303.88,Fall,Sunday,False,False
1,SKU0001,2023-11-13,109,284.95,31060.05,19821.65,11238.4,0.0,329.48,Fall,Monday,False,False
1,SKU0001,2023-11-14,152,258.77,39332.5,27641.2,11691.3,15.53,307.78,Fall,Tuesday,False,True
1,SKU0001,2023-11-15,107,278.0,29745.79,19457.95,10287.84,0.0,348.51,Fall,Wednesday,False,False
1,SKU0001,2023-11-16,88,304.64,26808.11,16002.8,10805.31,0.0,332.48,Fall,Thursday,False,False
1,SKU0001,2023-11-17,155,266.58,41320.13,28186.75,13133.38,19.64,319.46,Fall,Friday,False,True
1,SKU0001,2023-11-18,107,325.99,34880.98,19457.95,15423.03,0.0,315.79,Fall,Saturday,False,False
1,SKU0001,2023-11-19,84,331.34,27832.82,15275.4,12557.42,0.0,340.42,Fall,Sunday,False,False
1,SKU0001,2023-11-20,225,245.83,55312.84,40916.25,14396.59,12.3,286.96,Fall,Monday,False,True
1,SKU0001,2023-11-21,80,293.75,23499.72,14548.0,8951.72,0.0,338.99,Fall,Tuesday,False,False
1,SKU0001,2023-11-22,80,287.96,23037.02,14548.0,8489.02,0.0,307.7,Fall,Wednesday,False,False
1,SKU0001,2023-11-23,113,291.13,32897.47,20549.05,12348.42,0.0,303.31,Fall,Thursday,False,False
1,SKU0001,2023-11-24,117,329.85,38592.27,21276.45,17315.82,0.0,317.51,Fall,Friday,True,False
1,SKU0001,2023-11-25,150,309.45,46417.97,27277.5,19140.47,0.0,308.86,Fall,Saturday,True,False
1,SKU0001,2023-11-27,88,307.73,27080.55,16002.8,11077.75,0.0,327.35,Fall,Monday,False,False
1,SKU0001,2023-11-28,75,311.51,23362.88,13638.75,9724.13,0.0,314.64,Fall,Tuesday,False,False
1,SKU0001,2023-11-29,81,330.76,26791.58,14729.85,12061.73,0.0,330.78,Fall,Wednesday,False,False
1,SKU0001,2023-11-30,86,290.8,25008.91,15639.1,9369.81,0.0,263.07,Fall,Thursday,False,False
1,SKU0001,2023-12-01,83,302.13,25076.41,15093.55,9982.86,0.0,312.78,Winter,Friday,False,False
1,SKU0001,2023-12-02,80,316.32,25305.3,14548.0,10757.3,0.0,335.88,Winter,Saturday,False,False
1,SKU0001,2023-12-03,85,280.7,23859.37,15457.25,8402.12,0.0,308.69,Winter,Sunday,False,False
1,SKU0001,2023-12-04,69,301.05,20772.29,12547.65,8224.64,0.0,280.16,Winter,Monday,False,False
1,SKU0001,2023-12-05,146,244.6,35710.97,26550.1,9160.87,15.76,280.19,Winter,Tuesday,False,True
1,SKU0001,2023-12-06,73,282.45,20619.02,13275.05,7343.97,0.0,310.14,Winter,Wednesday,False,False
1,SKU0001,2023-12-07,59,319.03,18822.73,10729.15,8093.58,0.0,304.42,Winter,Thursday,False,False
1,SKU0001,2023-12-09,90,303.41,27306.9,16366.5,10940.4,0.0,277.18,Winter,Saturday,False,False
1,SKU0001,2023-12-10,92,275.84,25376.87,16730.2,8646.67,0.0,337.84,Winter,Sunday,False,False
1,SKU0001,2023-12-11,68,301.3,20488.2,12365.8,8122.4,0.0,334.65,Winter,Monday,False,False
1,SKU0001,2023-12-12,67,326.26,21859.62,12183.95,9675.67,0.0,327.07,Winter,Tuesday,False,False
1,SKU0001,2023-12-13,58,297.05,17229.11,10547.3,6681.81,0.0,275.32,Winter,Wednesday,False,False
1,SKU0001,2023-12-14,65,277.23,18019.9,11820.25,6199.65,0.0,327.12,Winter,Thursday,False,False
1,SKU0001,2023-12-15,56,332.73,18632.7,10183.6,8449.1,0.0,268.42,Winter,Friday,False,False
1,SKU0001,2023-12-16,87,296.65,25808.45,15820.95,9987.5,0.0,288.45,Winter,Saturday,False,False
1,SKU0001,2023-12-17,85,318.53,27075.47,15457.25,11618.22,0.0,303.91,Winter,Sunday,False,False
1,SKU0001,2023-12-18,101,275.52,27827.33,18366.85,9460.48,0.0,287.9,Winter,Monday,False,False
1,SKU0001,2023-12-19,83,300.47,24939.24,15093.55,9845.69,0.0,304.49,Winter,Tuesday,False,False
1,SKU0001,2023-12-20,68,309.93,21075.49,12365.8,8709.69,0.0,347.69,Winter,Wednesday,False,False
1,SKU0001,2023-12-21,76,290.91,22109.19,13820.6,8288.59,0.0,332.93,Winter,Thursday,False,False
1,SKU0001,2023-12-22,58,315.73,18312.51,10547.3,7765.21,0.0,331.79,Winter,Friday,False,False
1,SKU0001,2023-12-23,82,313.62,25716.47,14911.7,10804.77,0.0,310.69,Winter,Saturday,False,False
1,SKU0001,2023-12-24,78,316.74,24705.58,14184.3,10521.28,0.0,260.04,Winter,Sunday,False,False
1,SKU0001,2023-12-25,87,331.39,28831.1,15820.95,13010.15,0.0,328.19,Winter,Monday,True,False
1,SKU0001,2023-12-26,77,316.5,24370.53,14002.45,10368.08,0.0,273.12,Winter,Tuesday,True,False
1,SKU0001,2023-12-27,75,310.34,23275.34,13638.75,9636.59,0.0,271.05,Winter,Wednesday,False,False
1,SKU0001,2023-12-28,102,274.69,28017.94,18548.7,9469.24,0.0,267.61,Winter,Thursday,False,False
1,SKU0001,2023-12-29,127,255.98,32509.49,23094.95,9414.54,12.27,294.93,Winter,Friday,False,True
1,SKU0001,2023-12-30,82,328.57,26942.76,14911.7,12031.06,0.0,324.52,Winter,Saturday,False,False
1,SKU0001,2023-12-31,183,244.28,44703.96,33278.55,11425.41,13.11,317.83,Winter,Sunday,False,True
1,SKU0001,2024-01-01,93,291.79,27136.51,16912.05,10224.46,0.0,340.55,Winter,Monday,True,False
1,SKU0001,2024-01-02,78,294.25,22951.3,14184.3,8767.0,0.0,323.17,Winter,Tuesday,False,False
1,SKU0001,2024-01-03,69,314.8,21721.05,12547.65,9173.4,0.0,275.1,Winter,Wednesday,False,False
1,SKU0001,2024-01-04,72,306.6,22075.27,13093.2,8982.07,0.0,346.08,Winter,Thursday,False,False
1,SKU0001,2024-01-05,68,290.29,19739.74,12365.8,7373.94,0.0,321.72,Winter,Friday,False,False
1,SKU0001,2024-01-06,91,293.92,26746.27,16548.35,10197.92,0.0,329.94,Winter,Saturday,False,False
1,SKU0001,2024-01-07,104,280.16,29136.59,18912.4,10224.19,0.0,292.14,Winter,Sunday,False,False
1,SKU0001,2024-01-08,81,322.38,26112.68,14729.85,11382.83,0.0,330.78,Winter,Monday,False,False
1,SKU0001,2024-01-09,88,290.21,25538.22,16002.8,9535.42,0.0,289.11,Winter,Tuesday,False,False
1,SKU0001,2024-01-10,103,288.32,29696.61,18730.55,10966.06,0.0,275.99,Winter,Wednesday,False,False
1,SKU0001,2024-01-11,57,329.33,18771.71,10365.45,8406.26,0.0,270.1,Winter,Thursday,False,False
1,SKU0001,2024-01-12,80,308.34,24667.47,14548.0,10119.47,0.0,318.52,Winter,Friday,False,False
1,SKU0001,2024-01-13,86,311.44,26783.98,15639.1,11144.88,0.0,295.2,Winter,Saturday,False,False
1,SKU0001,2024-01-14,130,278.87,36252.66,23640.5,12612.16,0.0,258.09,Winter,Sunday,False,False
1,SKU0001,2024-01-15,56,329.09,18429.06,10183.6,8245.46,0.0,342.63,Winter,Monday,False,False
1,SKU0001,2024-01-16,63,301.71,19007.92,11456.55,7551.37,0.0,345.26,Winter,Tuesday,False,False
1,SKU0001,2024-01-17,63,311.92,19651.2,11456.55,8194.65,0.0,265.75,Winter,Wednesday,False,False
1,SKU0001,2024-01-18,49,305.21,14955.33,8910.65,6044.68,0.0,342.78,Winter,Thursday,False,False
1,SKU0001,2024-01-19,73,283.38,20687.01,13275.05,7411.96,0.0,273.6,Winter,Friday,False,False
1,SKU0001,2024-01-20,67,333.22,22325.51,12183.95,10141.56,0.0,302.66,Winter,Saturday,False,False
1,SKU0001,2024-01-21,78,331.09,25825.22,14184.3,11640.92,0.0,337.33,Winter,Sunday,False,False
1,SKU0001,2024-01-22,125,271.54,33941.9,22731.25,11210.65,11.61,283.49,Winter,Monday,False,True
1,SKU0001,2024-01-23,92,305.7,28124.83,16730.2,11394.63,0.0,342.96,Winter,Tuesday,False,False
1,SKU0001,2024-01-24,83,301.14,24994.75,15093.55,9901.2,0.0,267.86,Winter,Wednesday,False,False
1,SKU0001,2024-01-25,67,300.59,20139.5,12183.95,7955.55,0.0,274.55,Winter,Thursday,False,False
