data/sales_data.csv
product_id,sku,date,quantity,price,revenue,cost,profit,discount_percent,competitor_price,season,day_of_week,is_holiday,promotion_active
1,SKU0001,2024-01-26,58,320.71,18600.9,10547.3,8053.6,0.0,326.47,Winter,Friday,False,False
1,SKU0001,2024-01-27,84,324.67,27272.13,15275.4,11996.73,0.0,332.81,Winter,Saturday,False,False
1,SKU0001,2024-01-28,79,278.03,21964.35,14366.15,7598.2,0.0,274.42,Winter,Sunday,False,False
1,SKU0001,2024-01-29,97,292.39,28361.58,17639.45,10722.13,0.0,281.33,Winter,Monday,False,False
1,SKU0001,2024-01-30,79,318.46,25158.48,14366.15,10792.33,0.0,285.07,Winter,Tuesday,False,False
1,SKU0001,2024-01-31,78,273.47,21330.28,14184.3,7145.98,0.0,320.61,Winter,Wednesday,False,False
1,SKU0001,2024-02-01,106,239.06,25340.51,19276.1,6064.41,14.6,303.31,Winter,Thursday,False,True
1,SKU0001,2024-02-02,82,315.42,25864.34,14911.7,10952.64,0.0,268.29,Winter,Friday,False,False
1,SKU0001,2024-02-03,91,290.66,26449.7,16548.35,9901.35,0.0,277.54,Winter,Saturday,False,False
1,SKU0001,2024-02-04,114,282.06,32154.55,20730.9,11423.65,0.0,312.69,Winter,Sunday,False,False
1,SKU0001,2024-02-05,54,306.06,16527.48,9819.9,6707.58,0.0,306.49,Winter,Monday,False,False
1,SKU0001,2024-02-06,71,286.01,20306.8,12911.35,7395.45,0.0,326.24,Winter,Tuesday,False,False
1,SKU0001,2024-02-07,82,277.73,22774.24,14911.7,7862.54,0.0,321.61,Winter,Wednesday,False,False
1,SKU0001,2024-02-08,118,273.43,32264.62,21458.3,10806.32,10.93,303.58,Winter,Thursday,False,True
1,SKU0001,2024-02-09,75,281.86,21139.16,13638.75,7500.41,0.0,304.93,Winter,Friday,False,False
1,SKU0001,2024-02-10,104,285.22,29663.15,18912.4,10750.75,0.0,265.89,Winter,Saturday,False,False
1,SKU0001,2024-02-11,67,321.79,21560.04,12183.95,9376.09,0.0,304.28,Winter,Sunday,False,False
1,SKU0001,2024-02-12,81,276.27,22378.01,14729.85,7648.16,0.0,330.99,Winter,Monday,False,False
1,SKU0001,2024-02-13,76,296.77,22554.73,13820.6,8734.13,0.0,325.43,Winter,Tuesday,False,False
1,SKU0001,2024-02-14,116,275.52,31960.01,21094.6,10865.41,0.0,263.42,Winter,Wednesday,True,False
1,SKU0001,2024-02-15,71,329.42,23389.01,12911.35,10477.66,0.0,342.52,Winter,Thursday,False,False
1,SKU0001,2024-02-16,122,233.48,28484.37,22185.7,6298.67,21.53,346.57,Winter,Friday,False,True
1,SKU0001,2024-02-17,68,298.25,20281.18,12365.8,7915.38,0.0,292.39,Winter,Saturday,False,False
1,SKU0001,2024-02-18,93,327.74,30479.5,16912.05,13567.45,0.0,319.69,Winter,Sunday,False,False
1,SKU0001,2024-02-19,75,305.46,22909.67,13638.75,9270.92,0.0,289.24,Winter,Monday,False,False
1,SKU0001,2024-02-20,63,305.34,19236.32,11456.55,7779.77,0.0,323.8,Winter,Tuesday,False,False
1,SKU0001,2024-02-22,70,313.6,21951.78,12729.5,9222.28,0.0,305.98,Winter,Thursday,False,False
1,SKU0001,2024-02-23,92,287.78,26475.32,16730.2,9745.12,0.0,282.68,Winter,Friday,False,False
1,SKU0001,2024-02-24,82,316.72,25971.04,14911.7,11059.34,0.0,331.22,Winter,Saturday,False,False
1,SKU0001,2024-02-25,106,319.21,33835.95,19276.1,14559.85,0.0,259.04,Winter,Sunday,False,False
1,SKU0001,2024-02-28,85,297.16,25258.24,15457.25,9800.99,0.0,277.37,Winter,Wednesday,False,False
1,SKU0001,2024-02-29,91,276.19,25133.6,16548.35,8585.25,0.0,283.92,Winter,Thursday,False,False
1,SKU0001,2024-03-01,123,317.11,39004.98,22367.55,16637.43,0.0,311.98,Spring,Friday,False,False
1,SKU0001,2024-03-02,117,292.21,34188.5,21276.45,12912.05,0.0,270.64,Spring,Saturday,False,False
1,SKU0001,2024-03-03,156,286.17,44642.63,28368.6,16274.03,0.0,263.16,Spring,Sunday,False,False
1,SKU0001,2024-03-04,113,326.1,36848.93,20549.05,16299.88,0.0,314.54,Spring,Monday,False,False
1,SKU0001,2024-03-05,80,302.81,24225.16,14548.0,9677.16,0.0,343.23,Spring,Tuesday,False,False
1,SKU0001,2024-03-06,82,320.4,26273.16,14911.7,11361.46,0.0,295.47,Spring,Wednesday,False,False
1,SKU0001,2024-03-07,78,295.59,23056.14,14184.3,8871.84,0.0,300.67,Spring,Thursday,False,False
1,SKU0001,2024-03-08,110,291.0,32010.16,20003.5,12006.66,0.0,330.88,Spring,Friday,False,False
1,SKU0001,2024-03-09,142,306.86,43574.35,25822.7,17751.65,0.0,308.29,Spring,Saturday,False,False
1,SKU0001,2024-03-10,173,287.49,49736.31,31460.05,18276.26,0.0,316.42,Spring,Sunday,False,False
1,SKU0001,2024-03-11,100,324.12,32412.18,18185.0,14227.18,0.0,323.5,Spring,Monday,False,False
1,SKU0001,2024-03-12,145,289.05,41911.53,26368.25,15543.28,0.0,312.44,Spring,Tuesday,False,False
1,SKU0001,2024-03-13,94,284.18,26712.7,17093.9,9618.8,0.0,323.47,Spring,Wednesday,False,False
1,SKU0001,2024-03-14,81,301.83,24448.31,14729.85,9718.46,0.0,287.89,Spring,Thursday,False,False
1,SKU0001,2024-03-15,125,273.7,34212.68,22731.25,11481.43,0.0,345.09,Spring,Friday,False,False
1,SKU0001,2024-03-16,120,333.36,40003.45,21822.0,18181.45,0.0,279.68,Spring,Saturday,False,False
1,SKU0001,2024-03-17,142,285.17,40493.97,25822.7,14671.27,0.0,307.82,Spring,Sunday,False,False
1,SKU0001,2024-03-18,77,295.85,22780.16,14002.45,8777.71,0.0,290.28,Spring,Monday,False,False
1,SKU0001,2024-03-19,107,303.86,32512.69,19457.95,13054.74,0.0,266.58,Spring,Tuesday,False,False
1,SKU0001,2024-03-20,88,301.23,26508.3,16002.8,10505.5,0.0,340.75,Spring,Wednesday,False,False
1,SKU0001,2024-03-21,123,297.86,36637.12,22367.55,14269.57,0.0,277.74,Spring,Thursday,False,False
1,SKU0001,2024-03-22,123,288.58,35495.23,22367.55,13127.68,0.0,310.28,Spring,Friday,False,False
1,SKU0001,2024-03-23,124,282.01,34969.31,22549.4,12419.91,0.0,292.15,Spring,Saturday,False,False
1,SKU0001,2024-03-24,120,303.04,36364.52,21822.0,14542.52,0.0,319.89,Spring,Sunday,False,False
1,SKU0001,2024-03-25,83,322.57,26773.61,15093.55,11680.06,0.0,315.96,Spring,Monday,False,False
1,SKU0001,2024-03-26,119,282.97,33673.39,21640.15,12033.24,0.0,273.01,Spring,Tuesday,False,False
1,SKU0001,2024-03-27,125,302.37,37796.47,22731.25,15065.22,0.0,306.91,Spring,Wednesday,False,False
1,SKU0001,2024-03-29,103,330.07,33996.75,18730.55,15266.2,0.0,327.11,Spring,Friday,False,False
1,SKU0001,2024-03-30,109,323.84,35298.96,19821.65,15477.31,0.0,321.92,Spring,Saturday,False,False
1,SKU0001,2024-03-31,205,256.1,52500.26,37279.25,15221.01,15.6,318.24,Spring,Sunday,False,True
1,SKU0001,2024-04-01,107,302.06,32320.62,19457.95,12862.67,0.0,258.22,Spring,Monday,False,False
1,SKU0001,2024-04-02,106,273.49,28989.98,19276.1,9713.88,0.0,282.6,Spring,Tuesday,False,False
1,SKU0001,2024-04-03,115,273.81,31488.28,20912.75,10575.53,0.0,318.9,Spring,Wednesday,False,False
1,SKU0001,2024-04-04,79,327.92,25905.59,14366.15,11539.44,0.0,266.38,Spring,Thursday,False,False
1,SKU0001,2024-04-05,154,284.41,43798.55,28004.9,15793.65,0.0,331.74,Spring,Friday,False,False
1,SKU0001,2024-04-06,135,296.83,40072.09,24549.75,15522.34,0.0,294.54,Spring,Saturday,False,False
1,SKU0001,2024-04-07,102,332.8,33945.19,18548.7,15396.49,0.0,319.81,Spring,Sunday,False,False
1,SKU0001,2024-04-08,107,312.4,33426.68,19457.95,13968.73,0.0,326.68,Spring,Monday,False,False
1,SKU0001,2024-04-09,207,241.67,50024.69,37642.95,12381.74,18.29,258.48,Spring,Tuesday,False,True
1,SKU0001,2024-04-10,105,303.07,31822.5,19094.25,12728.25,0.0,328.94,Spring,Wednesday,False,False
1,SKU0001,2024-04-11,107,324.78,34751.26,19457.95,15293.31,0.0,305.64,Spring,Thursday,False,False
1,SKU0001,2024-04-12,269,219.84,59136.98,48917.65,10219.33,23.02,300.85,Spring,Friday,False,True
1,SKU0001,2024-04-13,282,211.05,59517.25,51281.7,8235.55,23.88,308.85,Spring,Saturday,False,True
1,SKU0001,2024-04-14,186,280.64,52199.03,33824.1,18374.93,14.72,310.99,Spring,Sunday,False,True
1,SKU0001,2024-04-15,98,315.97,30965.42,17821.3,13144.12,0.0,264.61,Spring,Monday,False,False
1,SKU0001,2024-04-16,77,287.35,22125.83,14002.45,8123.38,0.0,293.0,Spring,Tuesday,False,False
1,SKU0001,2024-04-17,88,292.88,25773.45,16002.8,9770.65,0.0,270.34,Spring,Wednesday,False,False
1,SKU0001,2024-04-18,123,316.67,38950.15,22367.55,16582.6,0.0,346.21,Spring,Thursday,False,False
1,SKU0001,2024-04-19,279,231.69,64642.01,50736.15,13905.86,22.58,327.54,Spring,Friday,False,True
1,SKU0001,2024-04-20,129,296.82,38289.59,23458.65,14830.94,0.0,260.31,Spring,Saturday,False,False
1,SKU0001,2024-04-21,124,332.94,41284.38,22549.4,18734.98,0.0,289.97,Spring,Sunday,False,False
1,SKU0001,2024-04-22,116,298.95,34678.07,21094.6,13583.47,0.0,317.69,Spring,Monday,False,False
1,SKU0001,2024-04-23,307,242.1,74325.05,55827.95,18497.1,21.97,265.08,Spring,Tuesday,False,True
1,SKU0001,2024-04-24,120,315.91,37909.32,21822.0,16087.32,0.0,324.87,Spring,Wednesday,False,False
1,SKU0001,2024-04-26,97,294.59,28575.11,17639.45,10935.66,0.0,269.67,Spring,Friday,False,False
1,SKU0001,2024-04-27,100,299.98,29997.91,18185.0,11812.91,0.0,294.72,Spring,Saturday,False,False
1,SKU0001,2024-04-28,234,260.7,61002.66,42552.9,18449.76,11.4,287.12,Spring,Sunday,False,True
1,SKU0001,2024-04-29,102,290.46,29627.19,18548.7,11078.49,0.0,265.32,Spring,Monday,False,False
1,SKU0001,2024-04-30,76,327.64,24900.8,13820.6,11080.2,0.0,309.62,Spring,Tuesday,False,False
1,SKU0001,2024-05-01,101,295.85,29880.9,18366.85,11514.05,0.0,285.0,Spring,Wednesday,False,False
1,SKU0001,2024-05-02,104,276.61,28767.13,18912.4,9854.73,0.0,295.91,Spring,Thursday,False,False
1,SKU0001,2024-05-03,155,277.43,43002.37,28186.75,14815.62,0.0,280.04,Spring,Friday,False,False
1,SKU0001,2024-05-04,144,308.77,44462.33,26186.4,18275.93,0.0,267.34,Spring,Saturday,False,False
1,SKU0001,2024-05-05,115,330.29,37982.88,20912.75,17070.13,0.0,314.01,Spring,Sunday,False,False
1,SKU0001,2024-05-06,140,292.75,40984.65,25459.0,15525.65,0.0,331.76,Spring,Monday,False,False
1,SKU0001,2024-05-07,96,331.83,31855.26,17457.6,14397.66,0.0,286.77,Spring,Tuesday,False,False
1,SKU0001,2024-05-08,103,284.95,29349.52,18730.55,10618.97,0.0,345.32,Spring,Wednesday,False,False
1,SKU0001,2024-05-09,142,290.44,41242.26,25822.7,15419.56,0.0,302.26,Spring,Thursday,False,False
1,SKU0001,2024-05-10,127,287.47,36508.28,23094.95,13413.33,0.0,331.86,Spring,Friday,False,False
1,SKU0001,2024-05-11,124,279.68,34679.75,22549.4,12130.35,0.0,311.47,Spring,Saturday,False,False
1,SKU0001,2024-05-12,120,314.09,37691.36,21822.0,15869.36,0.0,344.27,Spring,Sunday,False,False
1,SKU0001,2024-05-13,89,315.71,28098.22,16184.65,11913.57,0.0,284.11,Spring,Monday,False,False
1,SKU0001,2024-05-14,79,322.41,25470.74,14366.15,11104.59,0.0,294.82,Spring,Tuesday,False,False
1,SKU0001,2024-05-15,119,311.16,37028.31,21640.15,15388.16,0.0,317.51,Spring,Wednesday,False,False
1,SKU0001,2024-05-16,129,320.6,41357.75,23458.65,17899.1,0.0,347.7,Spring,Thursday,False,False
1,SKU0001,2024-05-17,88,297.07,26141.91,16002.8,10139.11,0.0,341.3,Spring,Friday,False,False
1,SKU0001,2024-05-18,140,305.73,42801.58,25459.0,17342.58,0.0,290.31,Spring,Saturday,False,False
1,SKU0001,2024-05-19,116,305.32,35416.78,21094.6,14322.18,0.0,265.34,Spring,Sunday,False,False
1,SKU0001,2024-05-20,96,312.63,30012.79,17457.6,12555.19,0.0,316.45,Spring,Monday,False,False
1,SKU0001,2024-05-21,168,265.38,44583.3,30550.8,14032.5,20.16,326.05,Spring,Tuesday,False,True
1,SKU0001,2024-05-23,109,303.73,33106.26,19821.65,13284.61,0.0,310.4,Spring,Thursday,False,False
1,SKU0001,2024-05-24,97,299.79,29079.95,17639.45,11440.5,0.0,327.84,Spring,Friday,False,False
1,SKU0001,2024-05-25,136,303.11,41222.72,24731.6,16491.12,0.0,259.85,Spring,Saturday,False,False
1,SKU0001,2024-05-26,133,297.99,39632.24,24186.05,15446.19,0.0,268.17,Spring,Sunday,False,False
1,SKU0001,2024-05-27,116,281.36,32637.73,21094.6,11543.13,0.0,299.02,Spring,Monday,False,False
1,SKU0001,2024-05-28,94,302.05,28392.23,17093.9,11298.33,0.0,297.46,Spring,Tuesday,False,False
1,SKU0001,2024-05-29,105,292.1,30670.82,19094.25,11576.57,0.0,331.28,Spring,Wednesday,False,False
1,SKU0001,2024-05-30,110,324.25,35667.05,20003.5,15663.55,0.0,319.19,Spring,Thursday,False,False
1,SKU0001,2024-05-31,102,332.41,33906.04,18548.7,15357.34,0.0,273.48,Spring,Friday,False,False
1,SKU0001,2024-06-01,128,306.71,39258.6,23276.8,15981.8,0.0,278.7,Summer,Saturday,False,False
1,SKU0001,2024-06-02,170,283.95,48271.96,30914.5,17357.46,0.0,296.91,Summer,Sunday,False,False
1,SKU0001,2024-06-03,234,269.82,63138.24,42552.9,20585.34,12.96,292.97,Summer,Monday,False,True
1,SKU0001,2024-06-04,104,285.25,29665.57,18912.4,10753.17,0.0,331.15,Summer,Tuesday,False,False
1,SKU0001,2024-06-05,315,214.56,67586.83,57282.75,10304.08,23.08,287.26,Summer,Wednesday,False,True
1,SKU0001,2024-06-06,122,288.67,35218.33,22185.7,13032.63,0.0,305.6,Summer,Thursday,False,False
1,SKU0001,2024-06-07,134,308.96,41400.37,24367.9,17032.47,0.0,310.99,Summer,Friday,False,False
1,SKU0001,2024-06-08,122,324.02,39530.92,22185.7,17345.22,0.0,331.61,Summer,Saturday,False,False
1,SKU0001,2024-06-09,118,290.8,34314.63,21458.3,12856.33,0.0,265.32,Summer,Sunday,False,False
1,SKU0001,2024-06-10,107,279.92,29951.04,19457.95,10493.09,0.0,274.26,Summer,Monday,False,False
1,SKU0001,2024-06-11,127,303.74,38574.49,23094.95,15479.54,0.0,270.15,Summer,Tuesday,False,False
1,SKU0001,2024-06-12,145,284.03,41184.59,26368.25,14816.34,0.0,320.67,Summer,Wednesday,False,False
1,SKU0001,2024-06-13,96,333.38,32004.66,17457.6,14547.06,0.0,302.14,Summer,Thursday,False,False
1,SKU0001,2024-06-14,147,291.84,42900.57,26731.95,16168.62,0.0,262.49,Summer,Friday,False,False
1,SKU0001,2024-06-15,132,273.35,36082.58,24004.2,12078.38,0.0,331.74,Summer,Saturday,False,False
1,SKU0001,2024-06-16,151,303.41,45814.85,27459.35,18355.5,0.0,319.87,Summer,Sunday,False,False
1,SKU0001,2024-06-17,94,323.68,30426.19,17093.9,13332.29,0.0,265.13,Summer,Monday,False,False
1,SKU0001,2024-06-18,186,273.04,50785.72,33824.1,16961.62,14.38,306.5,Summer,Tuesday,False,True
1,SKU0001,2024-06-19,129,300.49,38763.6,23458.65,15304.95,0.0,327.26,Summer,Wednesday,False,False
1,SKU0001,2024-06-20,124,279.63,34674.67,22549.4,12125.27,0.0,328.09,Summer,Thursday,False,False
1,SKU0001,2024-06-21,124,295.01,36581.2,22549.4,14031.8,0.0,261.4,Summer,Friday,False,False
1,SKU0001,2024-06-22,173,305.89,52918.93,31460.05,21458.88,0.0,266.93,Summer,Saturday,False,False
1,SKU0001,2024-06-23,130,318.32,41381.02,23640.5,17740.52,0.0,348.48,Summer,Sunday,False,False
1,SKU0001,2024-06-24,149,293.9,43791.3,27095.65,16695.65,0.0,297.54,Summer,Monday,False,False
1,SKU0001,2024-06-25,97,319.79,31019.41,17639.45,13379.96,0.0,331.33,Summer,Tuesday,False,False
1,SKU0001,2024-06-26,143,294.03,42045.69,26004.55,16041.14,0.0,315.15,Summer,Wednesday,False,False
1,SKU0001,2024-06-27,172,281.21,48368.44,31278.2,17090.24,0.0,276.43,Summer,Thursday,False,False
1,SKU0001,2024-06-28,145,252.24,36574.21,26368.25,10205.96,14.22,287.05,Summer,Friday,False,True
1,SKU0001,2024-06-29,143,290.31,41514.36,26004.55,15509.81,0.0,335.63,Summer,Saturday,False,False
1,SKU0001,2024-06-30,157,313.95,49289.9,28550.45,20739.45,0.0,345.16,Summer,Sunday,False,False
1,SKU0001,2024-07-01,110,328.46,36131.05,20003.5,16127.55,0.0,336.45,Summer,Monday,False,False
1,SKU0001,2024-07-02,121,325.27,39357.7,22003.85,17353.85,0.0,322.3,Summer,Tuesday,False,False
1,SKU0001,2024-07-03,107,318.93,34125.45,19457.95,14667.5,0.0,302.12,Summer,Wednesday,False,False
1,SKU0001,2024-07-04,179,289.06,51741.84,32551.15,19190.69,0.0,298.71,Summer,Thursday,True,False
1,SKU0001,2024-07-05,111,326.12,36199.5,20185.35,16014.15,0.0,304.5,Summer,Friday,False,False
1,SKU0001,2024-07-06,159,329.53,52395.1,28914.15,23480.95,0.0,344.02,Summer,Saturday,False,False
1,SKU0001,2024-07-07,184,272.92,50217.63,33460.4,16757.23,0.0,324.24,Summer,Sunday,False,False
1,SKU0001,2024-07-08,135,300.56,40575.78,24549.75,16026.03,0.0,290.19,Summer,Monday,False,False
1,SKU0001,2024-07-09,202,264.68,53465.13,36733.7,16731.43,13.27,276.88,Summer,Tuesday,False,True
1,SKU0001,2024-07-10,107,322.98,34559.17,19457.95,15101.22,0.0,310.17,Summer,Wednesday,False,False
1,SKU0001,2024-07-11,119,302.19,35960.76,21640.15,14320.61,0.0,319.68,Summer,Thursday,False,False
1,SKU0001,2024-07-12,301,218.14,65661.3,54736.85,10924.45,21.76,268.91,Summer,Friday,False,True
1,SKU0001,2024-07-14,174,285.04,49596.22,31641.9,17954.32,0.0,269.61,Summer,Sunday,False,False
1,SKU0001,2024-07-15,184,282.41,51963.18,33460.4,18502.78,0.0,282.53,Summer,Monday,False,False
1,SKU0001,2024-07-16,154,287.95,44344.24,28004.9,16339.34,0.0,339.8,Summer,Tuesday,False,False
1,SKU0001,2024-07-17,124,296.8,36802.78,22549.4,14253.38,0.0,321.21,Summer,Wednesday,False,False
1,SKU0001,2024-07-18,143,312.5,44688.2,26004.55,18683.65,0.0,257.72,Summer,Thursday,False,False
1,SKU0001,2024-07-19,133,280.82,37348.49,24186.05,13162.44,0.0,319.44,Summer,Friday,False,False
1,SKU0001,2024-07-20,201,244.84,49213.26,36551.85,12661.41,22.26,296.02,Summer,Saturday,False,True
1,SKU0001,2024-07-21,147,277.07,40728.6,26731.95,13996.65,0.0,324.06,Summer,Sunday,False,False
1,SKU0001,2024-07-22,96,291.77,28009.55,17457.6,10551.95,0.0,270.09,Summer,Monday,False,False
1,SKU0001,2024-07-23,112,318.43,35663.65,20367.2,15296.45,0.0,347.9,Summer,Tuesday,False,False
1,SKU0001,2024-07-25,162,299.45,48510.75,29459.7,19051.05,0.0,314.73,Summer,Thursday,False,False
1,SKU0001,2024-07-26,136,297.73,40491.04,24731.6,15759.44,0.0,335.81,Summer,Friday,False,False
1,SKU0001,2024-07-27,327,219.5,71776.95,59464.95,12312.0,21.29,292.54,Summer,Saturday,False,True
1,SKU0001,2024-07-28,181,291.84,52822.31,32914.85,19907.46,0.0,282.8,Summer,Sunday,False,False
1,SKU0001,2024-07-29,158,248.12,39202.35,28732.3,10470.05,19.0,328.45,Summer,Monday,False,True
1,SKU0001,2024-07-30,119,324.17,38575.97,21640.15,16935.82,0.0,285.05,Summer,Tuesday,False,False
1,SKU0001,2024-07-31,141,303.66,42815.67,25640.85,17174.82,0.0,284.49,Summer,Wednesday,False,False
1,SKU0001,2024-08-01,185,247.62,45810.56,33642.25,12168.31,24.32,267.87,Summer,Thursday,False,True
1,SKU0001,2024-08-02,145,308.77,44772.18,26368.25,18403.93,0.0,346.51,Summer,Friday,False,False
1,SKU0001,2024-08-03,142,329.38,46772.35,25822.7,20949.65,0.0,335.89,Summer,Saturday,False,False
1,SKU0001,2024-08-04,148,294.92,43648.43,26913.8,16734.63,0.0,326.97,Summer,Sunday,False,False
1,SKU0001,2024-08-06,300,258.07,77422.1,54555.0,22867.1,10.6,329.38,Summer,Tuesday,False,True
1,SKU0001,2024-08-07,126,310.87,39170.05,22913.1,16256.95,0.0,295.39,Summer,Wednesday,False,False
