data/sales_data.csv
product_id,sku,date,quantity,price,revenue,cost,profit,discount_percent,competitor_price,season,day_of_week,is_holiday,promotion_active
1,SKU0001,2024-08-08,149,277.77,41387.5,27095.65,14291.85,0.0,313.63,Summer,Thursday,False,False
1,SKU0001,2024-08-09,125,291.56,36444.66,22731.25,13713.41,0.0,276.09,Summer,Friday,False,False
1,SKU0001,2024-08-10,131,305.29,39992.44,23822.35,16170.09,0.0,315.29,Summer,Saturday,False,False
1,SKU0001,2024-08-11,163,314.05,51190.94,29641.55,21549.39,0.0,321.14,Summer,Sunday,False,False
1,SKU0001,2024-08-12,100,324.08,32408.15,18185.0,14223.15,0.0,265.46,Summer,Monday,False,False
1,SKU0001,2024-08-13,130,300.25,39032.97,23640.5,15392.47,0.0,285.74,Summer,Tuesday,False,False
1,SKU0001,2024-08-14,110,317.67,34943.45,20003.5,14939.95,0.0,321.98,Summer,Wednesday,False,False
1,SKU0001,2024-08-15,150,282.7,42405.43,27277.5,15127.93,0.0,305.17,Summer,Thursday,False,False
1,SKU0001,2024-08-16,125,316.46,39557.74,22731.25,16826.49,0.0,269.16,Summer,Friday,False,False
1,SKU0001,2024-08-17,188,289.06,54343.92,34187.8,20156.12,0.0,327.76,Summer,Saturday,False,False
1,SKU0001,2024-08-18,225,276.4,62190.41,40916.25,21274.16,14.08,322.39,Summer,Sunday,False,True
1,SKU0001,2024-08-19,138,277.44,38287.23,25095.3,13191.93,0.0,290.36,Summer,Monday,False,False
1,SKU0001,2024-08-20,106,307.13,32556.24,19276.1,13280.14,0.0,280.81,Summer,Tuesday,False,False
1,SKU0001,2024-08-21,116,307.56,35676.99,21094.6,14582.39,0.0,278.39,Summer,Wednesday,False,False
1,SKU0001,2024-08-22,154,275.44,42417.98,28004.9,14413.08,0.0,279.85,Summer,Thursday,False,False
1,SKU0001,2024-08-23,146,295.99,43214.06,26550.1,16663.96,0.0,342.28,Summer,Friday,False,False
1,SKU0001,2024-08-24,129,306.28,39510.69,23458.65,16052.04,0.0,324.96,Summer,Saturday,False,False
1,SKU0001,2024-08-25,181,292.28,52902.38,32914.85,19987.53,0.0,323.11,Summer,Sunday,False,False
1,SKU0001,2024-08-26,173,277.49,48006.32,31460.05,16546.27,0.0,303.27,Summer,Monday,False,False
1,SKU0001,2024-08-27,148,283.64,41979.18,26913.8,15065.38,0.0,346.85,Summer,Tuesday,False,False
1,SKU0001,2024-08-28,185,276.95,51235.76,33642.25,17593.51,0.0,283.29,Summer,Wednesday,False,False
1,SKU0001,2024-08-29,118,292.61,34528.18,21458.3,13069.88,0.0,258.34,Summer,Thursday,False,False
1,SKU0001,2024-08-30,101,306.95,31001.72,18366.85,12634.87,0.0,314.24,Summer,Friday,False,False
1,SKU0001,2024-08-31,109,308.64,33641.54,19821.65,13819.89,0.0,327.87,Summer,Saturday,False,False
1,SKU0001,2024-09-01,119,327.35,38955.04,21640.15,17314.89,0.0,279.91,Fall,Sunday,False,False
1,SKU0001,2024-09-02,176,257.46,45313.33,32005.6,13307.73,13.49,333.96,Fall,Monday,False,True
1,SKU0001,2024-09-04,86,324.24,27884.24,15639.1,12245.14,0.0,267.07,Fall,Wednesday,False,False
1,SKU0001,2024-09-05,81,287.21,23263.91,14729.85,8534.06,0.0,263.06,Fall,Thursday,False,False
1,SKU0001,2024-09-06,117,315.91,36961.41,21276.45,15684.96,0.0,341.38,Fall,Friday,False,False
1,SKU0001,2024-09-07,110,304.28,33470.55,20003.5,13467.05,0.0,291.49,Fall,Saturday,False,False
1,SKU0001,2024-09-08,125,277.92,34739.81,22731.25,12008.56,0.0,269.76,Fall,Sunday,False,False
1,SKU0001,2024-09-09,114,277.31,31613.1,20730.9,10882.2,0.0,297.17,Fall,Monday,False,False
1,SKU0001,2024-09-10,105,287.12,30148.04,19094.25,11053.79,0.0,286.26,Fall,Tuesday,False,False
1,SKU0001,2024-09-11,88,315.25,27741.75,16002.8,11738.95,0.0,286.54,Fall,Wednesday,False,False
1,SKU0001,2024-09-12,91,277.3,25234.23,16548.35,8685.88,0.0,328.53,Fall,Thursday,False,False
1,SKU0001,2024-09-13,107,282.19,30194.58,19457.95,10736.63,0.0,299.99,Fall,Friday,False,False
1,SKU0001,2024-09-14,138,305.26,42125.55,25095.3,17030.25,0.0,276.5,Fall,Saturday,False,False
1,SKU0001,2024-09-15,140,288.84,40437.0,25459.0,14978.0,0.0,271.95,Fall,Sunday,False,False
1,SKU0001,2024-09-16,102,322.86,32932.15,18548.7,14383.45,0.0,261.28,Fall,Monday,False,False
1,SKU0001,2024-09-17,88,292.64,25752.46,16002.8,9749.66,0.0,280.19,Fall,Tuesday,False,False
1,SKU0001,2024-09-18,77,303.9,23399.98,14002.45,9397.53,0.0,281.27,Fall,Wednesday,False,False
1,SKU0001,2024-09-19,102,274.66,28014.92,18548.7,9466.22,0.0,298.73,Fall,Thursday,False,False
1,SKU0001,2024-09-20,98,287.92,28215.87,17821.3,10394.57,0.0,330.71,Fall,Friday,False,False
1,SKU0001,2024-09-21,147,273.5,40204.03,26731.95,13472.08,0.0,346.96,Fall,Saturday,False,False
1,SKU0001,2024-09-22,74,322.7,23879.78,13456.9,10422.88,0.0,314.93,Fall,Sunday,False,False
1,SKU0001,2024-09-23,109,308.07,33579.65,19821.65,13758.0,0.0,331.52,Fall,Monday,False,False
1,SKU0001,2024-09-24,207,211.56,43792.22,37642.95,6149.27,23.54,269.33,Fall,Tuesday,False,True
1,SKU0001,2024-09-25,77,323.04,24874.41,14002.45,10871.96,0.0,261.5,Fall,Wednesday,False,False
1,SKU0001,2024-09-26,85,282.95,24051.16,15457.25,8593.91,0.0,332.33,Fall,Thursday,False,False
1,SKU0001,2024-09-27,78,274.56,21415.61,14184.3,7231.31,0.0,273.33,Fall,Friday,False,False
1,SKU0001,2024-09-28,134,284.12,38071.59,24367.9,13703.69,0.0,337.94,Fall,Saturday,False,False
1,SKU0001,2024-09-29,184,267.83,49281.35,33460.4,15820.95,13.69,295.08,Fall,Sunday,False,True
1,SKU0001,2024-09-30,83,276.47,22946.87,15093.55,7853.32,0.0,270.1,Fall,Monday,False,False
1,SKU0001,2024-10-01,65,326.4,21215.75,11820.25,9395.5,0.0,314.97,Fall,Tuesday,False,False
1,SKU0001,2024-10-02,79,320.95,25355.24,14366.15,10989.09,0.0,328.71,Fall,Wednesday,False,False
1,SKU0001,2024-10-03,112,305.78,34247.19,20367.2,13879.99,0.0,340.6,Fall,Thursday,False,False
1,SKU0001,2024-10-04,90,296.31,26668.27,16366.5,10301.77,0.0,286.61,Fall,Friday,False,False
1,SKU0001,2024-10-05,75,327.07,24530.23,13638.75,10891.48,0.0,262.95,Fall,Saturday,False,False
1,SKU0001,2024-10-06,104,304.86,31705.86,18912.4,12793.46,0.0,348.51,Fall,Sunday,False,False
1,SKU0001,2024-10-07,98,278.84,27326.49,17821.3,9505.19,0.0,281.85,Fall,Monday,False,False
1,SKU0001,2024-10-08,48,328.37,15761.88,8728.8,7033.08,0.0,348.21,Fall,Tuesday,False,False
1,SKU0001,2024-10-09,81,324.08,26250.78,14729.85,11520.93,0.0,289.88,Fall,Wednesday,False,False
1,SKU0001,2024-10-10,79,324.01,25596.47,14366.15,11230.32,0.0,311.49,Fall,Thursday,False,False
1,SKU0001,2024-10-11,95,315.06,29930.64,17275.75,12654.89,0.0,260.18,Fall,Friday,False,False
1,SKU0001,2024-10-12,123,330.21,40615.73,22367.55,18248.18,0.0,308.82,Fall,Saturday,False,False
1,SKU0001,2024-10-13,111,332.66,36925.37,20185.35,16740.02,0.0,302.37,Fall,Sunday,False,False
1,SKU0001,2024-10-14,87,302.5,26317.53,15820.95,10496.58,0.0,278.77,Fall,Monday,False,False
1,SKU0001,2024-10-16,137,284.98,39042.8,24913.45,14129.35,0.0,322.8,Fall,Wednesday,False,False
1,SKU0001,2024-10-17,83,323.95,26887.78,15093.55,11794.23,0.0,259.61,Fall,Thursday,False,False
1,SKU0001,2024-10-18,81,328.37,26598.01,14729.85,11868.16,0.0,334.58,Fall,Friday,False,False
1,SKU0001,2024-10-19,95,331.0,31444.74,17275.75,14168.99,0.0,343.26,Fall,Saturday,False,False
1,SKU0001,2024-10-20,126,278.9,35140.92,22913.1,12227.82,0.0,270.02,Fall,Sunday,False,False
1,SKU0001,2024-10-21,78,330.28,25761.68,14184.3,11577.38,0.0,344.97,Fall,Monday,False,False
1,SKU0001,2024-10-22,91,283.33,25783.16,16548.35,9234.81,0.0,320.68,Fall,Tuesday,False,False
1,SKU0001,2024-10-23,77,320.48,24676.67,14002.45,10674.22,0.0,311.17,Fall,Wednesday,False,False
1,SKU0001,2024-10-24,95,291.37,27680.19,17275.75,10404.44,0.0,269.2,Fall,Thursday,False,False
1,SKU0001,2024-10-25,73,330.28,24110.71,13275.05,10835.66,0.0,293.22,Fall,Friday,False,False
1,SKU0001,2024-10-27,98,328.6,32202.96,17821.3,14381.66,0.0,277.7,Fall,Sunday,False,False
1,SKU0001,2024-10-28,77,329.55,25375.37,14002.45,11372.92,0.0,325.39,Fall,Monday,False,False
1,SKU0001,2024-10-29,97,332.32,32235.03,17639.45,14595.58,0.0,338.11,Fall,Tuesday,False,False
1,SKU0001,2024-10-30,98,253.9,24882.48,17821.3,7061.18,19.59,298.23,Fall,Wednesday,False,True
1,SKU0001,2024-10-31,148,287.9,42608.93,26913.8,15695.13,0.0,280.95,Fall,Thursday,True,False
1,SKU0001,2024-11-01,125,272.85,34106.21,22731.25,11374.96,0.0,324.23,Fall,Friday,False,False
1,SKU0001,2024-11-02,67,326.39,21868.13,12183.95,9684.18,0.0,292.05,Fall,Saturday,False,False
1,SKU0001,2024-11-03,116,278.92,32354.74,21094.6,11260.14,0.0,336.18,Fall,Sunday,False,False
1,SKU0001,2024-11-04,81,314.42,25468.42,14729.85,10738.57,0.0,264.32,Fall,Monday,False,False
1,SKU0001,2024-11-05,76,290.65,22089.26,13820.6,8268.66,0.0,344.15,Fall,Tuesday,False,False
1,SKU0001,2024-11-06,158,238.83,37735.44,28732.3,9003.14,15.63,307.36,Fall,Wednesday,False,True
1,SKU0001,2024-11-07,85,278.42,23665.33,15457.25,8208.08,0.0,313.41,Fall,Thursday,False,False
1,SKU0001,2024-11-08,132,274.65,36253.89,24004.2,12249.69,0.0,272.62,Fall,Friday,False,False
1,SKU0001,2024-11-09,137,282.3,38674.42,24913.45,13760.97,0.0,276.31,Fall,Saturday,False,False
1,SKU0001,2024-11-10,122,315.03,38434.06,22185.7,16248.36,0.0,323.99,Fall,Sunday,False,False
1,SKU0001,2024-11-11,107,289.84,31012.54,19457.95,11554.59,0.0,262.13,Fall,Monday,False,False
1,SKU0001,2024-11-12,68,323.68,22010.28,12365.8,9644.48,0.0,290.43,Fall,Tuesday,False,False
1,SKU0001,2024-11-13,88,290.63,25575.12,16002.8,9572.32,0.0,312.19,Fall,Wednesday,False,False
1,SKU0001,2024-11-14,112,274.33,30725.18,20367.2,10357.98,0.0,284.15,Fall,Thursday,False,False
1,SKU0001,2024-11-15,118,276.54,32632.18,21458.3,11173.88,14.63,302.09,Fall,Friday,False,True
1,SKU0001,2024-11-16,136,278.3,37848.3,24731.6,13116.7,0.0,274.43,Fall,Saturday,False,False
1,SKU0001,2024-11-17,109,295.16,32172.84,19821.65,12351.19,0.0,281.56,Fall,Sunday,False,False
1,SKU0001,2024-11-18,93,286.49,26643.19,16912.05,9731.14,0.0,263.22,Fall,Monday,False,False
1,SKU0001,2024-11-19,96,313.23,30070.2,17457.6,12612.6,0.0,288.88,Fall,Tuesday,False,False
1,SKU0001,2024-11-20,85,331.61,28187.04,15457.25,12729.79,0.0,307.95,Fall,Wednesday,False,False
1,SKU0001,2024-11-21,78,322.38,25145.68,14184.3,10961.38,0.0,306.31,Fall,Thursday,False,False
1,SKU0001,2024-11-22,107,301.55,32266.27,19457.95,12808.32,0.0,300.92,Fall,Friday,False,False
1,SKU0001,2024-11-23,159,259.66,41285.23,28914.15,12371.08,20.71,339.49,Fall,Saturday,False,True
1,SKU0001,2024-11-24,147,313.84,46134.69,26731.95,19402.74,0.0,268.55,Fall,Sunday,True,False
1,SKU0001,2024-11-25,141,283.25,39938.42,25640.85,14297.57,0.0,346.01,Fall,Monday,True,False
1,SKU0001,2024-11-26,96,280.42,26920.41,17457.6,9462.81,0.0,347.48,Fall,Tuesday,False,False
1,SKU0001,2024-11-27,83,333.22,27657.47,15093.55,12563.92,0.0,333.46,Fall,Wednesday,False,False
1,SKU0001,2024-11-28,65,327.98,21318.79,11820.25,9498.54,0.0,263.71,Fall,Thursday,False,False
1,SKU0001,2024-11-29,106,296.86,31466.96,19276.1,12190.86,0.0,282.73,Fall,Friday,False,False
1,SKU0001,2024-11-30,95,325.72,30943.21,17275.75,13667.46,0.0,314.27,Fall,Saturday,False,False
1,SKU0001,2024-12-01,82,298.21,24452.9,14911.7,9541.2,0.0,271.09,Winter,Sunday,False,False
1,SKU0001,2024-12-02,78,318.74,24861.86,14184.3,10677.56,0.0,341.72,Winter,Monday,False,False
1,SKU0001,2024-12-03,73,278.89,20359.24,13275.05,7084.19,0.0,306.32,Winter,Tuesday,False,False
1,SKU0001,2024-12-04,58,297.68,17265.35,10547.3,6718.05,0.0,301.77,Winter,Wednesday,False,False
1,SKU0001,2024-12-05,64,275.04,17602.75,11638.4,5964.35,0.0,270.7,Winter,Thursday,False,False
1,SKU0001,2024-12-07,74,292.87,21672.07,13456.9,8215.17,0.0,325.42,Winter,Saturday,False,False
1,SKU0001,2024-12-09,52,291.14,15139.38,9456.2,5683.18,0.0,302.32,Winter,Monday,False,False
1,SKU0001,2024-12-10,102,278.73,28430.01,18548.7,9881.31,0.0,269.84,Winter,Tuesday,False,False
1,SKU0001,2024-12-11,76,299.63,22772.0,13820.6,8951.4,0.0,282.11,Winter,Wednesday,False,False
1,SKU0001,2024-12-12,68,311.9,21209.4,12365.8,8843.6,0.0,276.84,Winter,Thursday,False,False
1,SKU0001,2024-12-13,62,317.69,19696.48,11274.7,8421.78,0.0,336.47,Winter,Friday,False,False
1,SKU0001,2024-12-14,92,304.01,27968.51,16730.2,11238.31,0.0,285.91,Winter,Saturday,False,False
1,SKU0001,2024-12-15,96,280.99,26975.48,17457.6,9517.88,0.0,337.57,Winter,Sunday,False,False
1,SKU0001,2024-12-16,187,220.47,41228.08,34005.95,7222.13,22.49,280.3,Winter,Monday,False,True
1,SKU0001,2024-12-17,65,328.42,21347.26,11820.25,9527.01,0.0,282.53,Winter,Tuesday,False,False
1,SKU0001,2024-12-18,74,303.39,22450.91,13456.9,8994.01,0.0,268.88,Winter,Wednesday,False,False
1,SKU0001,2024-12-19,134,239.5,32092.59,24367.9,7724.69,18.91,336.77,Winter,Thursday,False,True
1,SKU0001,2024-12-20,75,293.97,22047.98,13638.75,8409.23,0.0,338.95,Winter,Friday,False,False
1,SKU0001,2024-12-21,86,314.53,27049.35,15639.1,11410.25,0.0,292.77,Winter,Saturday,False,False
1,SKU0001,2024-12-22,63,307.46,19369.98,11456.55,7913.43,0.0,335.55,Winter,Sunday,False,False
1,SKU0001,2024-12-23,55,313.85,17261.81,10001.75,7260.06,0.0,294.85,Winter,Monday,False,False
1,SKU0001,2024-12-25,93,312.01,29017.22,16912.05,12105.17,0.0,258.39,Winter,Wednesday,True,False
1,SKU0001,2024-12-26,84,321.57,27012.14,15275.4,11736.74,0.0,345.54,Winter,Thursday,True,False
1,SKU0001,2024-12-27,74,298.46,22086.15,13456.9,8629.25,0.0,289.32,Winter,Friday,False,False
1,SKU0001,2024-12-28,92,301.06,27697.65,16730.2,10967.45,0.0,332.57,Winter,Saturday,False,False
1,SKU0001,2024-12-29,90,278.97,25107.64,16366.5,8741.14,0.0,317.84,Winter,Sunday,False,False
1,SKU0001,2024-12-30,66,295.46,19500.12,12002.1,7498.02,0.0,313.0,Winter,Monday,False,False
1,SKU0001,2024-12-31,84,279.32,23463.29,15275.4,8187.89,0.0,347.48,Winter,Tuesday,False,False
2,SKU0002,2023-01-01,97,1288.32,124967.38,75752.15,49215.23,0.0,1277.55,Winter,Sunday,True,False
2,SKU0002,2023-01-02,95,1153.11,109545.56,74190.25,35355.31,0.0,1297.15,Winter,Monday,False,False
2,SKU0002,2023-01-03,55,1274.85,70116.88,42952.25,27164.63,0.0,1237.52,Winter,Tuesday,False,False
2,SKU0002,2023-01-04,90,1244.89,112040.47,70285.5,41754.97,0.0,1257.47,Winter,Wednesday,False,False
2,SKU0002,2023-01-05,97,1143.65,110934.25,75752.15,35182.1,0.0,1161.19,Winter,Thursday,False,False
2,SKU0002,2023-01-06,162,1018.93,165066.43,126513.9,38552.53,18.58,1283.12,Winter,Friday,False,True
2,SKU0002,2023-01-07,113,1209.78,136705.43,88247.35,48458.08,0.0,1347.99,Winter,Saturday,False,False
2,SKU0002,2023-01-08,124,1203.22,149198.99,96837.8,52361.19,0.0,1324.24,Winter,Sunday,False,False
2,SKU0002,2023-01-09,107,1124.84,120357.83,83561.65,36796.18,0.0,1067.36,Winter,Monday,False,False
2,SKU0002,2023-01-10,54,1275.55,68879.84,42171.3,26708.54,0.0,1087.23,Winter,Tuesday,False,False
2,SKU0002,2023-01-11,71,1161.96,82499.43,55447.45,27051.98,0.0,1149.3,Winter,Wednesday,False,False
2,SKU0002,2023-01-12,80,1155.1,92408.33,62476.0,29932.33,0.0,1140.66,Winter,Thursday,False,False
2,SKU0002,2023-01-13,90,1151.97,103677.49,70285.5,33391.99,0.0,1190.84,Winter,Friday,False,False
2,SKU0002,2023-01-14,104,1221.54,127040.4,81218.8,45821.6,0.0,1046.91,Winter,Saturday,False,False
2,SKU0002,2023-01-15,89,1201.57,106940.15,69504.55,37435.6,0.0,1158.81,Winter,Sunday,False,False
2,SKU0002,2023-01-16,100,1094.3,109430.47,78095.0,31335.47,0.0,1070.75,Winter,Monday,False,False
2,SKU0002,2023-01-17,76,1179.64,89652.6,59352.2,30300.4,0.0,1348.02,Winter,Tuesday,False,False
2,SKU0002,2023-01-18,80,1157.34,92587.07,62476.0,30111.07,0.0,1302.0,Winter,Wednesday,False,False
2,SKU0002,2023-01-19,62,1232.95,76442.66,48418.9,28023.76,0.0,1249.94,Winter,Thursday,False,False
2,SKU0002,2023-01-20,166,901.37,149627.18,129637.7,19989.48,21.42,1296.79,Winter,Friday,False,True
2,SKU0002,2023-01-21,72,1264.79,91065.14,56228.4,34836.74,0.0,1242.72,Winter,Saturday,False,False
2,SKU0002,2023-01-22,88,1178.25,103685.67,68723.6,34962.07,0.0,1159.4,Winter,Sunday,False,False
2,SKU0002,2023-01-24,63,1281.53,80736.53,49199.85,31536.68,0.0,1265.17,Winter,Tuesday,False,False
2,SKU0002,2023-01-25,127,1141.1,144920.23,99180.65,45739.58,0.0,1145.36,Winter,Wednesday,False,False
2,SKU0002,2023-01-26,93,1173.48,109133.46,72628.35,36505.11,0.0,1081.44,Winter,Thursday,False,False
2,SKU0002,2023-01-27,92,1152.97,106073.2,71847.4,34225.8,0.0,1283.58,Winter,Friday,False,False
2,SKU0002,2023-01-28,92,1162.49,106949.36,71847.4,35101.96,0.0,1380.05,Winter,Saturday,False,False
2,SKU0002,2023-01-29,96,1297.91,124599.29,74971.2,49628.09,0.0,1089.16,Winter,Sunday,False,False
2,SKU0002,2023-01-30,66,1301.95,85928.79,51542.7,34386.09,0.0,1103.57,Winter,Monday,False,False
2,SKU0002,2023-01-31,97,1112.84,107945.64,75752.15,32193.49,0.0,1233.79,Winter,Tuesday,False,False
2,SKU0002,2023-02-01,120,1169.4,140328.36,93714.0,46614.36,0.0,1034.71,Winter,Wednesday,False,False
2,SKU0002,2023-02-02,89,1142.78,101707.25,69504.55,32202.7,0.0,1038.75,Winter,Thursday,False,False
2,SKU0002,2023-02-03,92,1240.38,114114.97,71847.4,42267.57,0.0,1028.36,Winter,Friday,False,False
2,SKU0002,2023-02-04,92,1181.46,108694.49,71847.4,36847.09,0.0,1218.5,Winter,Saturday,False,False
2,SKU0002,2023-02-05,112,1118.11,125228.23,87466.4,37761.83,0.0,1248.43,Winter,Sunday,False,False
2,SKU0002,2023-02-06,99,1240.31,122790.36,77314.05,45476.31,0.0,1118.55,Winter,Monday,False,False
2,SKU0002,2023-02-07,86,1114.27,95827.5,67161.7,28665.8,0.0,1059.06,Winter,Tuesday,False,False
2,SKU0002,2023-02-08,121,1109.6,134262.17,94494.95,39767.22,0.0,1059.54,Winter,Wednesday,False,False
2,SKU0002,2023-02-09,102,1129.31,115189.84,79656.9,35532.94,0.0,1209.8,Winter,Thursday,False,False
2,SKU0002,2023-02-10,71,1250.34,88774.44,55447.45,33326.99,0.0,1035.44,Winter,Friday,False,False
2,SKU0002,2023-02-11,121,1131.22,136877.77,94494.95,42382.82,0.0,1140.4,Winter,Saturday,False,False
2,SKU0002,2023-02-12,243,949.38,230700.46,189770.85,40929.61,23.6,1262.38,Winter,Sunday,False,True
2,SKU0002,2023-02-13,105,1102.96,115810.82,81999.75,33811.07,0.0,1282.04,Winter,Monday,False,False
2,SKU0002,2023-02-14,90,1142.8,102852.25,70285.5,32566.75,0.0,1377.59,Winter,Tuesday,True,False
2,SKU0002,2023-02-15,75,1192.88,89465.71,58571.25,30894.46,0.0,1084.21,Winter,Wednesday,False,False
2,SKU0002,2023-02-16,187,897.61,167853.01,146037.65,21815.36,22.02,1287.44,Winter,Thursday,False,True
2,SKU0002,2023-02-17,128,1128.46,144442.47,99961.6,44480.87,10.69,1260.34,Winter,Friday,False,True
