data/sales_data.csv
product_id,sku,date,quantity,price,revenue,cost,profit,discount_percent,competitor_price,season,day_of_week,is_holiday,promotion_active
2,SKU0002,2023-02-18,114,1167.22,133063.65,89028.3,44035.35,0.0,1245.36,Winter,Saturday,False,False
2,SKU0002,2023-02-19,119,1103.65,131334.29,92933.05,38401.24,0.0,1087.15,Winter,Sunday,False,False
2,SKU0002,2023-02-20,56,1312.55,73502.77,43733.2,29769.57,0.0,1160.27,Winter,Monday,False,False
2,SKU0002,2023-02-21,79,1273.52,100608.34,61695.05,38913.29,0.0,1308.48,Winter,Tuesday,False,False
2,SKU0002,2023-02-22,84,1248.6,104882.24,65599.8,39282.44,0.0,1360.94,Winter,Wednesday,False,False
2,SKU0002,2023-02-23,93,1181.28,109859.24,72628.35,37230.89,0.0,1310.41,Winter,Thursday,False,False
2,SKU0002,2023-02-24,108,1124.87,121485.9,84342.6,37143.3,0.0,1150.49,Winter,Friday,False,False
2,SKU0002,2023-02-25,232,964.51,223766.62,181180.4,42586.22,22.58,1068.33,Winter,Saturday,False,True
2,SKU0002,2023-02-26,123,1108.45,136339.59,96056.85,40282.74,0.0,1037.81,Winter,Sunday,False,False
2,SKU0002,2023-02-27,88,1156.82,101800.41,68723.6,33076.81,0.0,1265.59,Winter,Monday,False,False
2,SKU0002,2023-02-28,60,1219.88,73192.69,46857.0,26335.69,0.0,1373.71,Winter,Tuesday,False,False
2,SKU0002,2023-03-01,65,1162.6,75569.32,50761.75,24807.57,0.0,1273.76,Spring,Wednesday,False,False
2,SKU0002,2023-03-02,102,1070.04,109144.02,79656.9,29487.12,13.73,1265.0,Spring,Thursday,False,True
2,SKU0002,2023-03-03,53,1282.93,67995.13,41390.35,26604.78,0.0,1377.28,Spring,Friday,False,False
2,SKU0002,2023-03-04,94,1083.23,101823.94,73409.3,28414.64,12.35,1328.29,Spring,Saturday,False,True
2,SKU0002,2023-03-05,67,1099.3,73653.34,52323.65,21329.69,0.0,1108.07,Spring,Sunday,False,False
2,SKU0002,2023-03-06,78,1093.41,85286.2,60914.1,24372.1,0.0,1253.12,Spring,Monday,False,False
2,SKU0002,2023-03-07,63,1137.78,71680.31,49199.85,22480.46,0.0,1310.05,Spring,Tuesday,False,False
2,SKU0002,2023-03-08,56,1287.15,72080.15,43733.2,28346.95,0.0,1064.03,Spring,Wednesday,False,False
2,SKU0002,2023-03-09,54,1238.31,66868.97,42171.3,24697.67,0.0,1169.86,Spring,Thursday,False,False
2,SKU0002,2023-03-10,69,1081.35,74613.48,53885.55,20727.93,0.0,1239.02,Spring,Friday,False,False
2,SKU0002,2023-03-11,84,1154.51,96978.54,65599.8,31378.74,0.0,1095.8,Spring,Saturday,False,False
2,SKU0002,2023-03-12,54,1309.68,70722.54,42171.3,28551.24,0.0,1040.8,Spring,Sunday,False,False
2,SKU0002,2023-03-13,59,1190.52,70240.51,46076.05,24164.46,0.0,1244.63,Spring,Monday,False,False
2,SKU0002,2023-03-14,50,1239.23,61961.3,39047.5,22913.8,0.0,1062.34,Spring,Tuesday,False,False
2,SKU0002,2023-03-15,59,1134.6,66941.29,46076.05,20865.24,0.0,1320.36,Spring,Wednesday,False,False
2,SKU0002,2023-03-16,59,1151.48,67937.04,46076.05,21860.99,0.0,1274.3,Spring,Thursday,False,False
2,SKU0002,2023-03-17,118,985.07,116238.48,92152.1,24086.38,12.11,1281.32,Spring,Friday,False,True
2,SKU0002,2023-03-18,61,1228.1,74913.9,47637.95,27275.95,0.0,1356.53,Spring,Saturday,False,False
2,SKU0002,2023-03-19,83,1191.14,98864.5,64818.85,34045.65,0.0,1279.6,Spring,Sunday,False,False
2,SKU0002,2023-03-20,51,1180.91,60226.3,39828.45,20397.85,0.0,1323.1,Spring,Monday,False,False
2,SKU0002,2023-03-21,51,1266.85,64609.57,39828.45,24781.12,0.0,1258.57,Spring,Tuesday,False,False
2,SKU0002,2023-03-22,61,1113.67,67933.62,47637.95,20295.67,0.0,1212.4,Spring,Wednesday,False,False
2,SKU0002,2023-03-23,133,1011.12,134479.39,103866.35,30613.04,22.58,1204.46,Spring,Thursday,False,True
2,SKU0002,2023-03-24,66,1123.89,74177.03,51542.7,22634.33,0.0,1284.54,Spring,Friday,False,False
2,SKU0002,2023-03-25,83,1174.4,97475.57,64818.85,32656.72,0.0,1339.4,Spring,Saturday,False,False
2,SKU0002,2023-03-26,56,1173.75,65729.74,43733.2,21996.54,0.0,1351.37,Spring,Sunday,False,False
2,SKU0002,2023-03-27,65,1147.06,74558.7,50761.75,23796.95,0.0,1371.04,Spring,Monday,False,False
2,SKU0002,2023-03-28,74,1113.36,82388.8,57790.3,24598.5,0.0,1273.55,Spring,Tuesday,False,False
2,SKU0002,2023-03-29,62,1153.14,71494.71,48418.9,23075.81,0.0,1331.47,Spring,Wednesday,False,False
2,SKU0002,2023-03-30,57,1306.11,74448.27,44514.15,29934.12,0.0,1093.65,Spring,Thursday,False,False
2,SKU0002,2023-03-31,57,1151.14,65614.86,44514.15,21100.71,0.0,1263.59,Spring,Friday,False,False
2,SKU0002,2023-04-01,79,1237.52,97764.44,61695.05,36069.39,0.0,1202.86,Spring,Saturday,False,False
2,SKU0002,2023-04-02,99,1158.78,114719.19,77314.05,37405.14,0.0,1148.2,Spring,Sunday,False,False
2,SKU0002,2023-04-03,53,1218.43,64576.99,41390.35,23186.64,0.0,1171.72,Spring,Monday,False,False
2,SKU0002,2023-04-04,47,1283.49,60324.18,36704.65,23619.53,0.0,1326.64,Spring,Tuesday,False,False
2,SKU0002,2023-04-06,67,1242.37,83238.84,52323.65,30915.19,0.0,1291.64,Spring,Thursday,False,False
2,SKU0002,2023-04-07,57,1150.19,65560.57,44514.15,21046.42,0.0,1323.79,Spring,Friday,False,False
2,SKU0002,2023-04-08,69,1152.23,79504.14,53885.55,25618.59,0.0,1032.89,Spring,Saturday,False,False
2,SKU0002,2023-04-09,76,1105.94,84051.37,59352.2,24699.17,0.0,1287.78,Spring,Sunday,False,False
2,SKU0002,2023-04-10,42,1259.71,52907.81,32799.9,20107.91,0.0,1106.88,Spring,Monday,False,False
2,SKU0002,2023-04-11,44,1273.26,56023.64,34361.8,21661.84,0.0,1260.75,Spring,Tuesday,False,False
2,SKU0002,2023-04-12,50,1174.44,58722.01,39047.5,19674.51,0.0,1372.96,Spring,Wednesday,False,False
2,SKU0002,2023-04-14,54,1230.43,66443.22,42171.3,24271.92,0.0,1334.86,Spring,Friday,False,False
2,SKU0002,2023-04-15,62,1300.34,80620.89,48418.9,32201.99,0.0,1254.67,Spring,Saturday,False,False
2,SKU0002,2023-04-16,83,1212.66,100650.88,64818.85,35832.03,0.0,1300.99,Spring,Sunday,False,False
2,SKU0002,2023-04-17,52,1152.0,59904.13,40609.4,19294.73,0.0,1267.3,Spring,Monday,False,False
2,SKU0002,2023-04-18,74,1123.08,83107.59,57790.3,25317.29,0.0,1157.2,Spring,Tuesday,False,False
2,SKU0002,2023-04-19,54,1215.06,65613.25,42171.3,23441.95,0.0,1231.73,Spring,Wednesday,False,False
2,SKU0002,2023-04-20,60,1160.75,69644.74,46857.0,22787.74,0.0,1077.04,Spring,Thursday,False,False
2,SKU0002,2023-04-21,67,1158.84,77642.24,52323.65,25318.59,0.0,1357.31,Spring,Friday,False,False
2,SKU0002,2023-04-22,54,1240.36,66979.49,42171.3,24808.19,0.0,1227.66,Spring,Saturday,False,False
2,SKU0002,2023-04-23,66,1269.71,83800.89,51542.7,32258.19,0.0,1100.52,Spring,Sunday,False,False
2,SKU0002,2023-04-24,69,1097.7,75741.04,53885.55,21855.49,0.0,1171.16,Spring,Monday,False,False
2,SKU0002,2023-04-25,71,1103.41,78341.95,55447.45,22894.5,0.0,1098.14,Spring,Tuesday,False,False
2,SKU0002,2023-04-26,63,1168.01,73584.68,49199.85,24384.83,0.0,1292.53,Spring,Wednesday,False,False
2,SKU0002,2023-04-27,66,1320.8,87172.57,51542.7,35629.87,0.0,1374.88,Spring,Thursday,False,False
2,SKU0002,2023-04-28,95,1034.82,98307.68,74190.25,24117.43,16.69,1242.44,Spring,Friday,False,True
2,SKU0002,2023-04-29,54,1311.73,70833.38,42171.3,28662.08,0.0,1136.92,Spring,Saturday,False,False
2,SKU0002,2023-04-30,53,1308.39,69344.51,41390.35,27954.16,0.0,1215.96,Spring,Sunday,False,False
2,SKU0002,2023-05-01,45,1300.3,58513.53,35142.75,23370.78,0.0,1156.39,Spring,Monday,False,False
2,SKU0002,2023-05-03,75,1127.57,84567.99,58571.25,25996.74,0.0,1363.01,Spring,Wednesday,False,False
2,SKU0002,2023-05-04,59,1311.1,77354.87,46076.05,31278.82,0.0,1023.88,Spring,Thursday,False,False
2,SKU0002,2023-05-05,106,973.99,103242.68,82780.7,20461.98,21.6,1174.14,Spring,Friday,False,True
2,SKU0002,2023-05-06,59,1210.53,71421.39,46076.05,25345.34,0.0,1373.11,Spring,Saturday,False,False
2,SKU0002,2023-05-07,70,1236.68,86567.42,54666.5,31900.92,0.0,1290.45,Spring,Sunday,False,False
2,SKU0002,2023-05-08,53,1191.66,63158.09,41390.35,21767.74,0.0,1052.79,Spring,Monday,False,False
2,SKU0002,2023-05-09,114,1038.45,118382.85,89028.3,29354.55,18.37,1103.29,Spring,Tuesday,False,True
2,SKU0002,2023-05-10,61,1174.56,71647.86,47637.95,24009.91,0.0,1177.32,Spring,Wednesday,False,False
2,SKU0002,2023-05-11,83,1019.06,84582.31,64818.85,19763.46,18.02,1244.12,Spring,Thursday,False,True
2,SKU0002,2023-05-12,68,1222.03,83098.1,53104.6,29993.5,0.0,1047.4,Spring,Friday,False,False
2,SKU0002,2023-05-13,101,1106.82,111788.57,78875.95,32912.62,0.0,1129.86,Spring,Saturday,False,False
2,SKU0002,2023-05-14,110,1055.62,116118.26,85904.5,30213.76,16.57,1259.39,Spring,Sunday,False,True
2,SKU0002,2023-05-15,53,1209.5,64103.61,41390.35,22713.26,0.0,1162.17,Spring,Monday,False,False
2,SKU0002,2023-05-16,59,1212.45,71534.39,46076.05,25458.34,0.0,1073.17,Spring,Tuesday,False,False
2,SKU0002,2023-05-17,52,1300.98,67651.04,40609.4,27041.64,0.0,1284.12,Spring,Wednesday,False,False
2,SKU0002,2023-05-18,54,1309.46,70710.99,42171.3,28539.69,0.0,1221.31,Spring,Thursday,False,False
2,SKU0002,2023-05-19,90,1082.52,97427.04,70285.5,27141.54,0.0,1214.85,Spring,Friday,False,False
2,SKU0002,2023-05-20,72,1154.53,83126.08,56228.4,26897.68,0.0,1346.91,Spring,Saturday,False,False
2,SKU0002,2023-05-21,62,1180.47,73189.24,48418.9,24770.34,0.0,1205.98,Spring,Sunday,False,False
2,SKU0002,2023-05-22,50,1134.37,56718.38,39047.5,17670.88,0.0,1091.28,Spring,Monday,False,False
2,SKU0002,2023-05-23,46,1273.47,58579.43,35923.7,22655.73,0.0,1328.11,Spring,Tuesday,False,False
2,SKU0002,2023-05-24,48,1320.24,63371.49,37485.6,25885.89,0.0,1219.36,Spring,Wednesday,False,False
2,SKU0002,2023-05-25,85,1097.5,93287.56,66380.75,26906.81,0.0,1282.77,Spring,Thursday,False,False
2,SKU0002,2023-05-26,56,1160.81,65005.63,43733.2,21272.43,0.0,1257.5,Spring,Friday,False,False
2,SKU0002,2023-05-27,68,1230.18,83652.15,53104.6,30547.55,0.0,1135.78,Spring,Saturday,False,False
2,SKU0002,2023-05-28,66,1229.42,81141.47,51542.7,29598.77,0.0,1231.8,Spring,Sunday,False,False
2,SKU0002,2023-05-29,71,1168.9,82991.82,55447.45,27544.37,0.0,1175.62,Spring,Monday,False,False
2,SKU0002,2023-05-30,157,988.52,155198.37,122609.15,32589.22,13.32,1178.44,Spring,Tuesday,False,True
2,SKU0002,2023-05-31,60,1113.59,66815.2,46857.0,19958.2,0.0,1337.66,Spring,Wednesday,False,False
2,SKU0002,2023-06-01,49,1167.52,57208.32,38266.55,18941.77,0.0,1220.08,Summer,Thursday,False,False
2,SKU0002,2023-06-02,57,1227.08,69943.66,44514.15,25429.51,0.0,1330.75,Summer,Friday,False,False
2,SKU0002,2023-06-03,66,1210.74,79908.81,51542.7,28366.11,0.0,1340.71,Summer,Saturday,False,False
2,SKU0002,2023-06-04,155,986.42,152894.54,121047.25,31847.29,10.28,1032.48,Summer,Sunday,False,True
2,SKU0002,2023-06-05,57,1178.66,67183.88,44514.15,22669.73,0.0,1347.91,Summer,Monday,False,False
2,SKU0002,2023-06-06,47,1211.91,56959.55,36704.65,20254.9,0.0,1191.41,Summer,Tuesday,False,False
2,SKU0002,2023-06-07,58,1169.22,67814.6,45295.1,22519.5,0.0,1299.55,Summer,Wednesday,False,False
2,SKU0002,2023-06-08,64,1151.24,73679.28,49980.8,23698.48,0.0,1205.21,Summer,Thursday,False,False
2,SKU0002,2023-06-09,57,1201.98,68512.9,44514.15,23998.75,0.0,1326.89,Summer,Friday,False,False
2,SKU0002,2023-06-10,63,1228.86,77418.3,49199.85,28218.45,0.0,1206.56,Summer,Saturday,False,False
2,SKU0002,2023-06-11,80,1124.36,89948.89,62476.0,27472.89,0.0,1258.92,Summer,Sunday,False,False
2,SKU0002,2023-06-12,55,1258.15,69198.23,42952.25,26245.98,0.0,1150.56,Summer,Monday,False,False
2,SKU0002,2023-06-13,62,1198.49,74306.41,48418.9,25887.51,0.0,1154.4,Summer,Tuesday,False,False
2,SKU0002,2023-06-14,141,863.9,121810.52,110113.95,11696.57,23.62,1190.53,Summer,Wednesday,False,True
2,SKU0002,2023-06-15,59,1092.47,64455.88,46076.05,18379.83,0.0,1138.05,Summer,Thursday,False,False
2,SKU0002,2023-06-16,51,1206.6,61536.38,39828.45,21707.93,0.0,1322.16,Summer,Friday,False,False
2,SKU0002,2023-06-17,71,1212.12,86060.3,55447.45,30612.85,0.0,1256.85,Summer,Saturday,False,False
2,SKU0002,2023-06-18,51,1238.31,63153.58,39828.45,23325.13,0.0,1207.47,Summer,Sunday,False,False
2,SKU0002,2023-06-19,47,1299.32,61067.9,36704.65,24363.25,0.0,1148.44,Summer,Monday,False,False
2,SKU0002,2023-06-20,48,1198.3,57518.54,37485.6,20032.94,0.0,1239.02,Summer,Tuesday,False,False
2,SKU0002,2023-06-21,58,1114.71,64653.0,45295.1,19357.9,0.0,1049.03,Summer,Wednesday,False,False
2,SKU0002,2023-06-22,67,1132.14,75853.37,52323.65,23529.72,0.0,1151.8,Summer,Thursday,False,False
2,SKU0002,2023-06-23,60,1109.75,66584.87,46857.0,19727.87,0.0,1313.62,Summer,Friday,False,False
2,SKU0002,2023-06-24,62,1197.02,74215.15,48418.9,25796.25,0.0,1097.19,Summer,Saturday,False,False
2,SKU0002,2023-06-26,98,1067.74,104638.63,76533.1,28105.53,12.42,1035.37,Summer,Monday,False,True
2,SKU0002,2023-06-27,66,1094.75,72253.45,51542.7,20710.75,0.0,1086.13,Summer,Tuesday,False,False
2,SKU0002,2023-06-28,65,1225.33,79646.76,50761.75,28885.01,0.0,1027.95,Summer,Wednesday,False,False
2,SKU0002,2023-06-29,46,1240.33,57055.0,35923.7,21131.3,0.0,1052.15,Summer,Thursday,False,False
2,SKU0002,2023-06-30,44,1319.87,58074.28,34361.8,23712.48,0.0,1082.72,Summer,Friday,False,False
2,SKU0002,2023-07-01,61,1225.69,74767.13,47637.95,27129.18,0.0,1316.96,Summer,Saturday,False,False
2,SKU0002,2023-07-02,71,1239.82,88027.38,55447.45,32579.93,0.0,1282.27,Summer,Sunday,False,False
2,SKU0002,2023-07-03,51,1190.28,60704.24,39828.45,20875.79,0.0,1104.07,Summer,Monday,False,False
2,SKU0002,2023-07-04,80,1107.4,88592.2,62476.0,26116.2,0.0,1331.07,Summer,Tuesday,True,False
2,SKU0002,2023-07-05,57,1182.19,67384.68,44514.15,22870.53,0.0,1055.95,Summer,Wednesday,False,False
2,SKU0002,2023-07-07,47,1202.26,56506.22,36704.65,19801.57,0.0,1195.06,Summer,Friday,False,False
2,SKU0002,2023-07-08,61,1226.32,74805.77,47637.95,27167.82,0.0,1344.54,Summer,Saturday,False,False
2,SKU0002,2023-07-09,67,1237.32,82900.39,52323.65,30576.74,0.0,1154.74,Summer,Sunday,False,False
2,SKU0002,2023-07-10,77,1046.16,80554.15,60133.15,20421.0,13.44,1305.83,Summer,Monday,False,True
2,SKU0002,2023-07-11,50,1222.86,61142.88,39047.5,22095.38,0.0,1295.73,Summer,Tuesday,False,False
2,SKU0002,2023-07-12,53,1104.79,58554.11,41390.35,17163.76,0.0,1193.22,Summer,Wednesday,False,False
2,SKU0002,2023-07-13,53,1287.74,68250.09,41390.35,26859.74,0.0,1337.26,Summer,Thursday,False,False
2,SKU0002,2023-07-14,44,1126.73,49576.31,34361.8,15214.51,0.0,1305.78,Summer,Friday,False,False
2,SKU0002,2023-07-16,60,1246.58,74794.73,46857.0,27937.73,0.0,1151.82,Summer,Sunday,False,False
2,SKU0002,2023-07-17,60,1237.88,74272.95,46857.0,27415.95,0.0,1329.41,Summer,Monday,False,False
2,SKU0002,2023-07-18,53,1169.18,61966.29,41390.35,20575.94,0.0,1266.56,Summer,Tuesday,False,False
2,SKU0002,2023-07-19,48,1180.61,56669.25,37485.6,19183.65,0.0,1195.14,Summer,Wednesday,False,False
2,SKU0002,2023-07-20,64,1214.65,77737.9,49980.8,27757.1,0.0,1131.77,Summer,Thursday,False,False
2,SKU0002,2023-07-21,37,1250.84,46281.03,28895.15,17385.88,0.0,1329.42,Summer,Friday,False,False
2,SKU0002,2023-07-22,37,1261.01,46657.29,28895.15,17762.14,0.0,1273.3,Summer,Saturday,False,False
2,SKU0002,2023-07-23,72,1132.85,81564.95,56228.4,25336.55,0.0,1143.23,Summer,Sunday,False,False
2,SKU0002,2023-07-24,44,1248.81,54947.7,34361.8,20585.9,0.0,1079.18,Summer,Monday,False,False
2,SKU0002,2023-07-25,52,1082.59,56294.44,40609.4,15685.04,0.0,1073.62,Summer,Tuesday,False,False
2,SKU0002,2023-07-26,58,1185.93,68784.04,45295.1,23488.94,0.0,1101.18,Summer,Wednesday,False,False
2,SKU0002,2023-07-27,119,918.49,109300.08,92933.05,16367.03,15.76,1242.54,Summer,Thursday,False,True
2,SKU0002,2023-07-28,43,1252.31,53849.21,33580.85,20268.36,0.0,1362.11,Summer,Friday,False,False
2,SKU0002,2023-07-29,47,1235.17,58053.03,36704.65,21348.38,0.0,1093.94,Summer,Saturday,False,False
2,SKU0002,2023-07-30,62,1274.49,79018.2,48418.9,30599.3,0.0,1033.36,Summer,Sunday,False,False
2,SKU0002,2023-07-31,55,1205.26,66289.29,42952.25,23337.04,0.0,1082.33,Summer,Monday,False,False
2,SKU0002,2023-08-01,93,1024.88,95313.45,72628.35,22685.1,10.0,1380.53,Summer,Tuesday,False,True
2,SKU0002,2023-08-02,68,1166.17,79299.41,53104.6,26194.81,0.0,1232.49,Summer,Wednesday,False,False
2,SKU0002,2023-08-03,39,1258.39,49077.26,30457.05,18620.21,0.0,1053.74,Summer,Thursday,False,False
2,SKU0002,2023-08-04,35,1280.7,44824.49,27333.25,17491.24,0.0,1146.71,Summer,Friday,False,False
2,SKU0002,2023-08-05,59,1147.76,67717.64,46076.05,21641.59,0.0,1091.36,Summer,Saturday,False,False
2,SKU0002,2023-08-06,59,1219.46,71948.11,46076.05,25872.06,0.0,1167.99,Summer,Sunday,False,False
2,SKU0002,2023-08-07,62,1098.71,68119.88,48418.9,19700.98,0.0,1362.58,Summer,Monday,False,False
2,SKU0002,2023-08-08,42,1311.2,55070.55,32799.9,22270.65,0.0,1314.33,Summer,Tuesday,False,False
2,SKU0002,2023-08-09,50,1248.12,62406.14,39047.5,23358.64,0.0,1224.23,Summer,Wednesday,False,False
2,SKU0002,2023-08-10,38,1263.33,48006.49,29676.1,18330.39,0.0,1186.63,Summer,Thursday,False,False
2,SKU0002,2023-08-12,71,1097.55,77925.82,55447.45,22478.37,0.0,1379.59,Summer,Saturday,False,False
2,SKU0002,2023-08-13,79,1136.56,89788.59,61695.05,28093.54,0.0,1365.62,Summer,Sunday,False,False
2,SKU0002,2023-08-14,64,1083.65,69353.63,49980.8,19372.83,0.0,1110.72,Summer,Monday,False,False
2,SKU0002,2023-08-15,112,965.76,108165.64,87466.4,20699.24,22.32,1356.95,Summer,Tuesday,False,True
2,SKU0002,2023-08-16,58,1166.27,67643.45,45295.1,22348.35,0.0,1118.23,Summer,Wednesday,False,False
2,SKU0002,2023-08-17,51,1245.46,63518.42,39828.45,23689.97,0.0,1201.1,Summer,Thursday,False,False
2,SKU0002,2023-08-18,51,1258.03,64159.62,39828.45,24331.17,0.0,1095.77,Summer,Friday,False,False
2,SKU0002,2023-08-19,80,1141.31,91305.11,62476.0,28829.11,0.0,1077.47,Summer,Saturday,False,False
2,SKU0002,2023-08-20,54,1302.43,70331.1,42171.3,28159.8,0.0,1260.36,Summer,Sunday,False,False
2,SKU0002,2023-08-21,51,1264.96,64512.74,39828.45,24684.29,0.0,1036.47,Summer,Monday,False,False
2,SKU0002,2023-08-22,48,1230.46,59061.86,37485.6,21576.26,0.0,1376.4,Summer,Tuesday,False,False
2,SKU0002,2023-08-23,54,1290.07,69663.9,42171.3,27492.6,0.0,1376.05,Summer,Wednesday,False,False
2,SKU0002,2023-08-24,49,1148.66,56284.33,38266.55,18017.78,0.0,1229.09,Summer,Thursday,False,False
2,SKU0002,2023-08-25,114,1054.67,120232.73,89028.3,31204.43,17.17,1202.35,Summer,Friday,False,True
