data/sales_data.csv
product_id,sku,date,quantity,price,revenue,cost,profit,discount_percent,competitor_price,season,day_of_week,is_holiday,promotion_active
2,SKU0002,2024-09-12,76,1098.3,83470.98,59352.2,24118.78,0.0,1141.23,Fall,Thursday,False,False
2,SKU0002,2024-09-13,182,1017.39,185164.76,142132.9,43031.86,14.05,1216.76,Fall,Friday,False,True
2,SKU0002,2024-09-14,108,1270.59,137223.73,84342.6,52881.13,0.0,1338.73,Fall,Saturday,False,False
2,SKU0002,2024-09-15,115,1094.48,125865.75,89809.25,36056.5,0.0,1264.41,Fall,Sunday,False,False
2,SKU0002,2024-09-16,63,1107.98,69802.64,49199.85,20602.79,0.0,1244.4,Fall,Monday,False,False
2,SKU0002,2024-09-17,92,1123.43,103355.5,71847.4,31508.1,0.0,1045.39,Fall,Tuesday,False,False
2,SKU0002,2024-09-18,105,1130.5,118703.0,81999.75,36703.25,0.0,1107.25,Fall,Wednesday,False,False
2,SKU0002,2024-09-19,70,1196.29,83740.45,54666.5,29073.95,0.0,1230.34,Fall,Thursday,False,False
2,SKU0002,2024-09-20,102,1131.73,115436.03,79656.9,35779.13,0.0,1102.5,Fall,Friday,False,False
2,SKU0002,2024-09-21,116,1145.56,132884.72,90590.2,42294.52,0.0,1121.13,Fall,Saturday,False,False
2,SKU0002,2024-09-22,242,962.93,233028.43,188989.9,44038.53,17.29,1065.47,Fall,Sunday,False,True
2,SKU0002,2024-09-23,85,1244.31,105766.01,66380.75,39385.26,0.0,1126.58,Fall,Monday,False,False
2,SKU0002,2024-09-24,69,1273.52,87873.19,53885.55,33987.64,0.0,1312.76,Fall,Tuesday,False,False
2,SKU0002,2024-09-25,124,1097.08,136038.39,96837.8,39200.59,0.0,1186.28,Fall,Wednesday,False,False
2,SKU0002,2024-09-26,140,1111.27,155577.57,109333.0,46244.57,14.33,1060.66,Fall,Thursday,False,True
2,SKU0002,2024-09-27,83,1248.82,103651.83,64818.85,38832.98,0.0,1336.62,Fall,Friday,False,False
2,SKU0002,2024-09-28,88,1232.04,108419.82,68723.6,39696.22,0.0,1370.71,Fall,Saturday,False,False
2,SKU0002,2024-09-29,114,1113.04,126886.46,89028.3,37858.16,0.0,1181.23,Fall,Sunday,False,False
2,SKU0002,2024-09-30,83,1151.36,95563.14,64818.85,30744.29,0.0,1335.47,Fall,Monday,False,False
2,SKU0002,2024-10-01,75,1308.98,98173.38,58571.25,39602.13,0.0,1169.63,Fall,Tuesday,False,False
2,SKU0002,2024-10-02,107,1236.55,132311.38,83561.65,48749.73,0.0,1235.11,Fall,Wednesday,False,False
2,SKU0002,2024-10-03,63,1283.62,80867.92,49199.85,31668.07,0.0,1130.84,Fall,Thursday,False,False
2,SKU0002,2024-10-04,61,1270.99,77530.27,47637.95,29892.32,0.0,1114.96,Fall,Friday,False,False
2,SKU0002,2024-10-05,112,1314.57,147231.98,87466.4,59765.58,0.0,1038.3,Fall,Saturday,False,False
2,SKU0002,2024-10-06,105,1190.87,125041.3,81999.75,43041.55,0.0,1354.33,Fall,Sunday,False,False
2,SKU0002,2024-10-07,87,1149.86,100037.51,67942.65,32094.86,0.0,1323.77,Fall,Monday,False,False
2,SKU0002,2024-10-08,97,1241.43,120419.1,75752.15,44666.95,0.0,1106.99,Fall,Tuesday,False,False
2,SKU0002,2024-10-09,152,1019.7,154994.4,118704.4,36290.0,11.9,1087.74,Fall,Wednesday,False,True
2,SKU0002,2024-10-10,135,1089.65,147102.68,105428.25,41674.43,0.0,1145.18,Fall,Thursday,False,False
2,SKU0002,2024-10-11,97,1211.04,117470.84,75752.15,41718.69,0.0,1129.93,Fall,Friday,False,False
2,SKU0002,2024-10-12,103,1178.53,121388.29,80437.85,40950.44,0.0,1073.64,Fall,Saturday,False,False
2,SKU0002,2024-10-14,69,1315.74,90786.28,53885.55,36900.73,0.0,1275.51,Fall,Monday,False,False
2,SKU0002,2024-10-15,107,1150.96,123152.42,83561.65,39590.77,0.0,1374.72,Fall,Tuesday,False,False
2,SKU0002,2024-10-16,106,1116.66,118365.64,82780.7,35584.94,0.0,1348.12,Fall,Wednesday,False,False
2,SKU0002,2024-10-17,100,1246.91,124691.05,78095.0,46596.05,0.0,1345.7,Fall,Thursday,False,False
2,SKU0002,2024-10-18,108,1213.71,131080.17,84342.6,46737.57,0.0,1166.0,Fall,Friday,False,False
2,SKU0002,2024-10-19,110,1188.48,130732.54,85904.5,44828.04,0.0,1041.08,Fall,Saturday,False,False
2,SKU0002,2024-10-20,92,1221.51,112378.73,71847.4,40531.33,0.0,1358.49,Fall,Sunday,False,False
2,SKU0002,2024-10-21,114,1086.73,123887.48,89028.3,34859.18,0.0,1181.8,Fall,Monday,False,False
2,SKU0002,2024-10-22,93,1102.31,102514.83,72628.35,29886.48,0.0,1091.33,Fall,Tuesday,False,False
2,SKU0002,2024-10-23,112,1226.71,137391.45,87466.4,49925.05,0.0,1348.68,Fall,Wednesday,False,False
2,SKU0002,2024-10-24,104,1116.86,116153.88,81218.8,34935.08,0.0,1154.47,Fall,Thursday,False,False
2,SKU0002,2024-10-25,91,1149.71,104623.9,71066.45,33557.45,0.0,1373.58,Fall,Friday,False,False
2,SKU0002,2024-10-26,128,1102.36,141102.5,99961.6,41140.9,0.0,1181.35,Fall,Saturday,False,False
2,SKU0002,2024-10-27,77,1274.43,98131.36,60133.15,37998.21,0.0,1311.64,Fall,Sunday,False,False
2,SKU0002,2024-10-28,78,1183.16,92286.28,60914.1,31372.18,0.0,1071.55,Fall,Monday,False,False
2,SKU0002,2024-10-29,123,1102.0,135545.74,96056.85,39488.89,0.0,1192.31,Fall,Tuesday,False,False
2,SKU0002,2024-10-30,68,1318.4,89650.88,53104.6,36546.28,0.0,1367.3,Fall,Wednesday,False,False
2,SKU0002,2024-10-31,114,1102.57,125692.69,89028.3,36664.39,0.0,1350.83,Fall,Thursday,True,False
2,SKU0002,2024-11-01,95,1214.87,115412.8,74190.25,41222.55,0.0,1293.46,Fall,Friday,False,False
2,SKU0002,2024-11-02,142,1126.01,159893.4,110894.9,48998.5,0.0,1220.88,Fall,Saturday,False,False
2,SKU0002,2024-11-03,234,991.65,232045.44,182742.3,49303.14,22.52,1222.83,Fall,Sunday,False,True
2,SKU0002,2024-11-05,68,1311.04,89150.69,53104.6,36046.09,0.0,1191.56,Fall,Tuesday,False,False
2,SKU0002,2024-11-06,61,1295.82,79044.99,47637.95,31407.04,0.0,1198.54,Fall,Wednesday,False,False
2,SKU0002,2024-11-07,120,1140.13,136815.06,93714.0,43101.06,0.0,1121.16,Fall,Thursday,False,False
2,SKU0002,2024-11-08,100,1097.35,109734.74,78095.0,31639.74,0.0,1230.68,Fall,Friday,False,False
2,SKU0002,2024-11-09,91,1289.97,117387.32,71066.45,46320.87,0.0,1192.82,Fall,Saturday,False,False
2,SKU0002,2024-11-10,148,1110.05,164287.25,115580.6,48706.65,0.0,1228.59,Fall,Sunday,False,False
2,SKU0002,2024-11-11,109,1120.44,122128.49,85123.55,37004.94,0.0,1136.47,Fall,Monday,False,False
2,SKU0002,2024-11-12,109,1113.87,121412.15,85123.55,36288.6,0.0,1119.52,Fall,Tuesday,False,False
2,SKU0002,2024-11-13,103,1300.49,133950.0,80437.85,53512.15,0.0,1125.72,Fall,Wednesday,False,False
2,SKU0002,2024-11-14,69,1306.3,90134.94,53885.55,36249.39,0.0,1297.5,Fall,Thursday,False,False
2,SKU0002,2024-11-15,118,1104.02,130274.79,92152.1,38122.69,0.0,1217.22,Fall,Friday,False,False
2,SKU0002,2024-11-16,97,1279.99,124159.29,75752.15,48407.14,0.0,1129.76,Fall,Saturday,False,False
2,SKU0002,2024-11-17,104,1246.72,129658.69,81218.8,48439.89,0.0,1230.31,Fall,Sunday,False,False
2,SKU0002,2024-11-18,132,1084.41,143142.54,103085.4,40057.14,0.0,1155.69,Fall,Monday,False,False
2,SKU0002,2024-11-19,102,1163.09,118635.03,79656.9,38978.13,0.0,1058.16,Fall,Tuesday,False,False
2,SKU0002,2024-11-20,107,1134.45,121385.7,83561.65,37824.05,0.0,1344.57,Fall,Wednesday,False,False
2,SKU0002,2024-11-21,92,1281.1,117860.89,71847.4,46013.49,0.0,1213.03,Fall,Thursday,False,False
2,SKU0002,2024-11-22,77,1263.05,97254.73,60133.15,37121.58,0.0,1187.22,Fall,Friday,False,False
2,SKU0002,2024-11-23,191,973.24,185888.86,149161.45,36727.41,23.85,1133.54,Fall,Saturday,False,True
2,SKU0002,2024-11-24,105,1277.64,134152.4,81999.75,52152.65,0.0,1236.66,Fall,Sunday,True,False
2,SKU0002,2024-11-25,86,1163.5,100061.4,67161.7,32899.7,0.0,1031.61,Fall,Monday,True,False
2,SKU0002,2024-11-26,129,1134.74,146382.08,100742.55,45639.53,0.0,1072.55,Fall,Tuesday,False,False
2,SKU0002,2024-11-27,85,1111.43,94471.82,66380.75,28091.07,0.0,1049.57,Fall,Wednesday,False,False
2,SKU0002,2024-11-28,78,1269.71,99037.39,60914.1,38123.29,0.0,1300.47,Fall,Thursday,False,False
2,SKU0002,2024-11-29,101,1091.53,110244.58,78875.95,31368.63,0.0,1307.09,Fall,Friday,False,False
2,SKU0002,2024-11-30,132,1095.55,144613.26,103085.4,41527.86,0.0,1112.44,Fall,Saturday,False,False
2,SKU0002,2024-12-01,226,977.01,220805.3,176494.7,44310.6,21.32,1352.88,Winter,Sunday,False,True
2,SKU0002,2024-12-02,82,1297.86,106424.45,64037.9,42386.55,0.0,1147.95,Winter,Monday,False,False
2,SKU0002,2024-12-03,154,974.63,150093.24,120266.3,29826.94,24.13,1146.61,Winter,Tuesday,False,True
2,SKU0002,2024-12-04,81,1201.61,97330.61,63256.95,34073.66,0.0,1108.4,Winter,Wednesday,False,False
2,SKU0002,2024-12-05,100,1105.13,110512.83,78095.0,32417.83,0.0,1026.28,Winter,Thursday,False,False
2,SKU0002,2024-12-06,89,1127.34,100333.38,69504.55,30828.83,0.0,1346.23,Winter,Friday,False,False
2,SKU0002,2024-12-07,105,1315.26,138102.03,81999.75,56102.28,0.0,1098.38,Winter,Saturday,False,False
2,SKU0002,2024-12-08,99,1251.38,123886.83,77314.05,46572.78,0.0,1233.68,Winter,Sunday,False,False
2,SKU0002,2024-12-09,79,1311.45,103604.8,61695.05,41909.75,0.0,1149.13,Winter,Monday,False,False
2,SKU0002,2024-12-10,101,1132.8,114413.04,78875.95,35537.09,0.0,1061.91,Winter,Tuesday,False,False
2,SKU0002,2024-12-11,112,1111.02,124433.99,87466.4,36967.59,0.0,1070.23,Winter,Wednesday,False,False
2,SKU0002,2024-12-12,79,1250.66,98801.76,61695.05,37106.71,0.0,1035.88,Winter,Thursday,False,False
2,SKU0002,2024-12-13,77,1109.12,85402.33,60133.15,25269.18,0.0,1237.64,Winter,Friday,False,False
2,SKU0002,2024-12-14,90,1315.88,118429.38,70285.5,48143.88,0.0,1220.89,Winter,Saturday,False,False
2,SKU0002,2024-12-15,79,1286.85,101661.27,61695.05,39966.22,0.0,1046.33,Winter,Sunday,False,False
2,SKU0002,2024-12-16,77,1195.62,92062.38,60133.15,31929.23,0.0,1085.87,Winter,Monday,False,False
2,SKU0002,2024-12-17,90,1199.45,107950.79,70285.5,37665.29,0.0,1179.13,Winter,Tuesday,False,False
2,SKU0002,2024-12-18,115,1101.74,126700.13,89809.25,36890.88,0.0,1165.64,Winter,Wednesday,False,False
2,SKU0002,2024-12-19,96,1105.76,106152.67,74971.2,31181.47,0.0,1373.7,Winter,Thursday,False,False
2,SKU0002,2024-12-20,138,1117.26,154181.28,107771.1,46410.18,15.08,1378.31,Winter,Friday,False,True
2,SKU0002,2024-12-21,111,1282.7,142380.25,86685.45,55694.8,0.0,1121.63,Winter,Saturday,False,False
2,SKU0002,2024-12-22,100,1221.14,122114.44,78095.0,44019.44,0.0,1305.8,Winter,Sunday,False,False
2,SKU0002,2024-12-23,119,1177.49,140121.0,92933.05,47187.95,0.0,1238.64,Winter,Monday,False,False
2,SKU0002,2024-12-24,90,1197.74,107796.9,70285.5,37511.4,0.0,1298.06,Winter,Tuesday,False,False
2,SKU0002,2024-12-25,87,1141.55,99315.09,67942.65,31372.44,0.0,1247.73,Winter,Wednesday,True,False
2,SKU0002,2024-12-26,139,1105.25,153629.46,108552.05,45077.41,0.0,1045.83,Winter,Thursday,True,False
2,SKU0002,2024-12-27,75,1314.9,98617.14,58571.25,40045.89,0.0,1266.05,Winter,Friday,False,False
2,SKU0002,2024-12-28,114,1230.77,140307.51,89028.3,51279.21,0.0,1048.82,Winter,Saturday,False,False
2,SKU0002,2024-12-29,100,1265.76,126575.54,78095.0,48480.54,0.0,1094.02,Winter,Sunday,False,False
2,SKU0002,2024-12-30,81,1199.12,97128.5,63256.95,33871.55,0.0,1145.09,Winter,Monday,False,False
2,SKU0002,2024-12-31,66,1212.66,80035.72,51542.7,28493.02,0.0,1032.63,Winter,Tuesday,False,False
3,SKU0003,2023-01-01,384,131.06,50328.26,23235.84,27092.42,0.0,114.29,Winter,Sunday,True,False
3,SKU0003,2023-01-03,235,129.74,30489.41,14219.85,16269.56,0.0,128.5,Winter,Tuesday,False,False
3,SKU0003,2023-01-04,353,112.17,39597.12,21360.03,18237.09,0.0,120.56,Winter,Wednesday,False,False
3,SKU0003,2023-01-05,341,125.26,42712.4,20633.91,22078.49,0.0,127.75,Winter,Thursday,False,False
3,SKU0003,2023-01-06,307,120.44,36974.14,18576.57,18397.57,0.0,121.26,Winter,Friday,False,False
3,SKU0003,2023-01-07,284,120.89,34333.19,17184.84,17148.35,0.0,125.27,Winter,Saturday,False,False
3,SKU0003,2023-01-08,319,132.58,42294.38,19302.69,22991.69,0.0,103.89,Winter,Sunday,False,False
3,SKU0003,2023-01-09,557,109.5,60990.22,33704.07,27286.15,15.23,103.84,Winter,Monday,False,True
3,SKU0003,2023-01-10,275,117.18,32223.89,16640.25,15583.64,0.0,115.4,Winter,Tuesday,False,False
3,SKU0003,2023-01-11,296,117.42,34756.36,17910.96,16845.4,0.0,111.86,Winter,Wednesday,False,False
3,SKU0003,2023-01-12,280,123.26,34512.7,16942.8,17569.9,0.0,105.25,Winter,Thursday,False,False
3,SKU0003,2023-01-14,384,120.07,46108.36,23235.84,22872.52,0.0,123.49,Winter,Saturday,False,False
3,SKU0003,2023-01-15,366,115.37,42225.88,22146.66,20079.22,0.0,124.21,Winter,Sunday,False,False
3,SKU0003,2023-01-16,318,118.06,37543.32,19242.18,18301.14,0.0,123.65,Winter,Monday,False,False
3,SKU0003,2023-01-17,284,111.34,31620.5,17184.84,14435.66,0.0,115.06,Winter,Tuesday,False,False
3,SKU0003,2023-01-18,248,127.43,31603.07,15006.48,16596.59,0.0,125.19,Winter,Wednesday,False,False
3,SKU0003,2023-01-19,326,119.47,38947.46,19726.26,19221.2,0.0,133.63,Winter,Thursday,False,False
3,SKU0003,2023-01-20,245,129.26,31668.35,14824.95,16843.4,0.0,113.3,Winter,Friday,False,False
3,SKU0003,2023-01-21,691,111.71,77188.38,41812.41,35375.97,16.03,129.84,Winter,Saturday,False,True
3,SKU0003,2023-01-22,496,114.58,56830.47,30012.96,26817.51,11.42,105.31,Winter,Sunday,False,True
3,SKU0003,2023-01-23,300,120.42,36126.42,18153.0,17973.42,0.0,131.75,Winter,Monday,False,False
3,SKU0003,2023-01-24,350,116.22,40678.37,21178.5,19499.87,0.0,118.58,Winter,Tuesday,False,False
3,SKU0003,2023-01-25,250,113.76,28440.17,15127.5,13312.67,0.0,125.56,Winter,Wednesday,False,False
3,SKU0003,2023-01-26,195,127.4,24842.29,11799.45,13042.84,0.0,103.54,Winter,Thursday,False,False
3,SKU0003,2023-01-27,199,129.8,25830.01,12041.49,13788.52,0.0,110.6,Winter,Friday,False,False
3,SKU0003,2023-01-28,382,126.88,48469.08,23114.82,25354.26,0.0,136.89,Winter,Saturday,False,False
3,SKU0003,2023-01-29,306,123.79,37879.58,18516.06,19363.52,0.0,118.61,Winter,Sunday,False,False
3,SKU0003,2023-01-30,383,124.09,47525.73,23175.33,24350.4,0.0,116.09,Winter,Monday,False,False
3,SKU0003,2023-01-31,295,112.56,33205.21,17850.45,15354.76,0.0,113.77,Winter,Tuesday,False,False
3,SKU0003,2023-02-01,313,116.63,36505.4,18939.63,17565.77,0.0,105.21,Winter,Wednesday,False,False
3,SKU0003,2023-02-02,364,118.9,43279.84,22025.64,21254.2,0.0,126.32,Winter,Thursday,False,False
3,SKU0003,2023-02-03,363,123.47,44819.69,21965.13,22854.56,0.0,106.99,Winter,Friday,False,False
3,SKU0003,2023-02-04,491,114.86,56397.33,29710.41,26686.92,0.0,119.72,Winter,Saturday,False,False
3,SKU0003,2023-02-05,417,119.47,49820.73,25232.67,24588.06,0.0,104.21,Winter,Sunday,False,False
3,SKU0003,2023-02-06,374,112.22,41970.34,22630.74,19339.6,0.0,132.04,Winter,Monday,False,False
3,SKU0003,2023-02-07,348,113.18,39385.79,21057.48,18328.31,0.0,137.86,Winter,Tuesday,False,False
3,SKU0003,2023-02-08,377,109.4,41243.75,22812.27,18431.48,0.0,105.91,Winter,Wednesday,False,False
3,SKU0003,2023-02-09,236,129.91,30658.06,14280.36,16377.7,0.0,117.64,Winter,Thursday,False,False
3,SKU0003,2023-02-10,240,124.83,29959.31,14522.4,15436.91,0.0,137.11,Winter,Friday,False,False
3,SKU0003,2023-02-11,388,112.32,43580.21,23477.88,20102.33,0.0,129.53,Winter,Saturday,False,False
3,SKU0003,2023-02-12,334,121.55,40598.19,20210.34,20387.85,0.0,137.35,Winter,Sunday,False,False
3,SKU0003,2023-02-13,291,115.01,33468.71,17608.41,15860.3,0.0,111.51,Winter,Monday,False,False
3,SKU0003,2023-02-14,377,128.44,48423.03,22812.27,25610.76,0.0,124.08,Winter,Tuesday,True,False
3,SKU0003,2023-02-15,305,127.03,38744.65,18455.55,20289.1,0.0,118.22,Winter,Wednesday,False,False
3,SKU0003,2023-02-16,324,113.16,36663.01,19605.24,17057.77,0.0,118.82,Winter,Thursday,False,False
3,SKU0003,2023-02-17,342,123.19,42129.54,20694.42,21435.12,0.0,116.47,Winter,Friday,False,False
3,SKU0003,2023-02-18,304,116.58,35439.81,18395.04,17044.77,0.0,127.65,Winter,Saturday,False,False
3,SKU0003,2023-02-19,299,130.2,38930.94,18092.49,20838.45,0.0,116.05,Winter,Sunday,False,False
3,SKU0003,2023-02-21,200,123.58,24716.23,12102.0,12614.23,0.0,126.91,Winter,Tuesday,False,False
3,SKU0003,2023-02-22,268,125.64,33670.25,16216.68,17453.57,0.0,111.57,Winter,Wednesday,False,False
3,SKU0003,2023-02-23,300,116.4,34921.06,18153.0,16768.06,0.0,116.04,Winter,Thursday,False,False
3,SKU0003,2023-02-24,400,111.87,44748.88,24204.0,20544.88,0.0,134.0,Winter,Friday,False,False
3,SKU0003,2023-02-25,334,130.94,43733.47,20210.34,23523.13,0.0,138.37,Winter,Saturday,False,False
3,SKU0003,2023-02-26,334,111.1,37108.21,20210.34,16897.87,0.0,111.42,Winter,Sunday,False,False
3,SKU0003,2023-02-27,327,130.47,42662.23,19786.77,22875.46,0.0,125.79,Winter,Monday,False,False
3,SKU0003,2023-02-28,314,127.48,40027.53,19000.14,21027.39,0.0,104.1,Winter,Tuesday,False,False
3,SKU0003,2023-03-01,260,128.84,33499.1,15732.6,17766.5,0.0,119.97,Spring,Wednesday,False,False
3,SKU0003,2023-03-02,230,129.28,29733.83,13917.3,15816.53,0.0,134.7,Spring,Thursday,False,False
3,SKU0003,2023-03-03,205,128.87,26418.72,12404.55,14014.17,0.0,121.25,Spring,Friday,False,False
3,SKU0003,2023-03-04,290,123.49,35812.57,17547.9,18264.67,0.0,129.65,Spring,Saturday,False,False
3,SKU0003,2023-03-05,431,109.58,47228.98,26079.81,21149.17,0.0,126.16,Spring,Sunday,False,False
3,SKU0003,2023-03-06,310,128.06,39699.79,18758.1,20941.69,0.0,117.41,Spring,Monday,False,False
3,SKU0003,2023-03-07,345,116.51,40196.41,20875.95,19320.46,0.0,108.6,Spring,Tuesday,False,False
3,SKU0003,2023-03-08,212,132.39,28066.21,12828.12,15238.09,0.0,130.57,Spring,Wednesday,False,False
3,SKU0003,2023-03-09,207,125.52,25981.81,12525.57,13456.24,0.0,114.46,Spring,Thursday,False,False
3,SKU0003,2023-03-10,251,126.71,31804.74,15188.01,16616.73,0.0,127.83,Spring,Friday,False,False
3,SKU0003,2023-03-11,212,128.27,27193.2,12828.12,14365.08,0.0,117.92,Spring,Saturday,False,False
3,SKU0003,2023-03-12,296,130.13,38518.52,17910.96,20607.56,0.0,134.97,Spring,Sunday,False,False
3,SKU0003,2023-03-13,225,131.87,29669.86,13614.75,16055.11,0.0,126.36,Spring,Monday,False,False
3,SKU0003,2023-03-14,217,130.87,28398.2,13130.67,15267.53,0.0,110.07,Spring,Tuesday,False,False
3,SKU0003,2023-03-15,223,113.0,25199.57,13493.73,11705.84,0.0,118.44,Spring,Wednesday,False,False
3,SKU0003,2023-03-16,325,111.07,36098.93,19665.75,16433.18,0.0,137.26,Spring,Thursday,False,False
3,SKU0003,2023-03-17,227,126.31,28672.5,13735.77,14936.73,0.0,136.27,Spring,Friday,False,False
3,SKU0003,2023-03-18,247,125.22,30929.85,14945.97,15983.88,0.0,128.77,Spring,Saturday,False,False
3,SKU0003,2023-03-19,161,129.78,20894.63,9742.11,11152.52,0.0,113.32,Spring,Sunday,False,False
