data/sales_data.csv
product_id,sku,date,quantity,price,revenue,cost,profit,discount_percent,competitor_price,season,day_of_week,is_holiday,promotion_active
3,SKU0003,2023-03-20,296,112.07,33172.53,17910.96,15261.57,0.0,124.65,Spring,Monday,False,False
3,SKU0003,2023-03-21,358,115.77,41444.56,21662.58,19781.98,0.0,118.05,Spring,Tuesday,False,False
3,SKU0003,2023-03-22,370,112.45,41606.65,22388.7,19217.95,0.0,112.37,Spring,Wednesday,False,False
3,SKU0003,2023-03-23,217,130.88,28400.74,13130.67,15270.07,0.0,127.71,Spring,Thursday,False,False
3,SKU0003,2023-03-24,282,109.17,30785.32,17063.82,13721.5,0.0,114.6,Spring,Friday,False,False
3,SKU0003,2023-03-25,320,125.54,40173.62,19363.2,20810.42,0.0,128.59,Spring,Saturday,False,False
3,SKU0003,2023-03-26,291,115.12,33499.83,17608.41,15891.42,0.0,105.0,Spring,Sunday,False,False
3,SKU0003,2023-03-27,300,114.6,34380.63,18153.0,16227.63,0.0,139.05,Spring,Monday,False,False
3,SKU0003,2023-03-28,256,132.33,33876.06,15490.56,18385.5,0.0,130.03,Spring,Tuesday,False,False
3,SKU0003,2023-03-29,663,92.86,61564.4,40118.13,21446.27,19.29,117.2,Spring,Wednesday,False,True
3,SKU0003,2023-03-30,226,132.35,29910.84,13675.26,16235.58,0.0,123.94,Spring,Thursday,False,False
3,SKU0003,2023-03-31,255,121.11,30883.22,15430.05,15453.17,0.0,134.74,Spring,Friday,False,False
3,SKU0003,2023-04-01,291,116.6,33930.12,17608.41,16321.71,0.0,108.02,Spring,Saturday,False,False
3,SKU0003,2023-04-02,322,109.99,35415.78,19484.22,15931.56,0.0,134.51,Spring,Sunday,False,False
3,SKU0003,2023-04-03,236,127.02,29976.32,14280.36,15695.96,0.0,113.14,Spring,Monday,False,False
3,SKU0003,2023-04-04,269,123.75,33289.66,16277.19,17012.47,0.0,112.44,Spring,Tuesday,False,False
3,SKU0003,2023-04-05,266,130.52,34719.44,16095.66,18623.78,0.0,138.98,Spring,Wednesday,False,False
3,SKU0003,2023-04-06,260,112.58,29270.6,15732.6,13538.0,0.0,126.74,Spring,Thursday,False,False
3,SKU0003,2023-04-07,374,110.21,41217.12,22630.74,18586.38,0.0,111.21,Spring,Friday,False,False
3,SKU0003,2023-04-08,660,91.49,60386.06,39936.6,20449.46,20.59,139.0,Spring,Saturday,False,True
3,SKU0003,2023-04-09,367,109.91,40335.25,22207.17,18128.08,0.0,128.61,Spring,Sunday,False,False
3,SKU0003,2023-04-10,235,120.85,28399.82,14219.85,14179.97,0.0,134.34,Spring,Monday,False,False
3,SKU0003,2023-04-11,192,111.18,21347.13,11617.92,9729.21,0.0,109.43,Spring,Tuesday,False,False
3,SKU0003,2023-04-12,298,121.23,36126.98,18031.98,18095.0,0.0,135.21,Spring,Wednesday,False,False
3,SKU0003,2023-04-13,285,123.04,35067.02,17245.35,17821.67,0.0,121.96,Spring,Thursday,False,False
3,SKU0003,2023-04-14,259,119.0,30820.22,15672.09,15148.13,0.0,130.76,Spring,Friday,False,False
3,SKU0003,2023-04-16,323,125.39,40501.68,19544.73,20956.95,0.0,124.3,Spring,Sunday,False,False
3,SKU0003,2023-04-17,182,129.18,23510.07,11012.82,12497.25,0.0,105.81,Spring,Monday,False,False
3,SKU0003,2023-04-18,231,124.88,28847.62,13977.81,14869.81,0.0,137.55,Spring,Tuesday,False,False
3,SKU0003,2023-04-19,348,109.06,37952.36,21057.48,16894.88,0.0,126.69,Spring,Wednesday,False,False
3,SKU0003,2023-04-20,226,116.78,26392.79,13675.26,12717.53,0.0,129.53,Spring,Thursday,False,False
3,SKU0003,2023-04-21,270,122.69,33127.36,16337.7,16789.66,0.0,104.63,Spring,Friday,False,False
3,SKU0003,2023-04-22,267,116.74,31169.59,16156.17,15013.42,0.0,105.43,Spring,Saturday,False,False
3,SKU0003,2023-04-23,352,118.15,41588.51,21299.52,20288.99,0.0,109.33,Spring,Sunday,False,False
3,SKU0003,2023-04-24,235,129.87,30518.73,14219.85,16298.88,0.0,133.81,Spring,Monday,False,False
3,SKU0003,2023-04-25,183,127.78,23384.63,11073.33,12311.3,0.0,130.19,Spring,Tuesday,False,False
3,SKU0003,2023-04-26,351,111.84,39254.8,21239.01,18015.79,0.0,118.56,Spring,Wednesday,False,False
3,SKU0003,2023-04-27,249,116.42,28989.5,15066.99,13922.51,0.0,107.63,Spring,Thursday,False,False
3,SKU0003,2023-04-28,209,129.06,26972.91,12646.59,14326.32,0.0,120.64,Spring,Friday,False,False
3,SKU0003,2023-04-29,329,120.45,39627.97,19907.79,19720.18,0.0,118.23,Spring,Saturday,False,False
3,SKU0003,2023-04-30,338,128.55,43448.99,20452.38,22996.61,0.0,118.63,Spring,Sunday,False,False
3,SKU0003,2023-05-01,260,109.9,28573.16,15732.6,12840.56,0.0,119.7,Spring,Monday,False,False
3,SKU0003,2023-05-02,251,125.53,31507.44,15188.01,16319.43,0.0,120.85,Spring,Tuesday,False,False
3,SKU0003,2023-05-03,279,121.62,33931.23,16882.29,17048.94,0.0,118.75,Spring,Wednesday,False,False
3,SKU0003,2023-05-04,293,120.48,35300.08,17729.43,17570.65,0.0,107.51,Spring,Thursday,False,False
3,SKU0003,2023-05-05,244,129.29,31545.93,14764.44,16781.49,0.0,113.59,Spring,Friday,False,False
3,SKU0003,2023-05-06,575,98.94,56892.84,34793.25,22099.59,10.68,118.29,Spring,Saturday,False,True
3,SKU0003,2023-05-07,510,101.77,51902.92,30860.1,21042.82,18.53,112.12,Spring,Sunday,False,True
3,SKU0003,2023-05-08,455,106.92,48650.12,27532.05,21118.07,11.71,109.39,Spring,Monday,False,True
3,SKU0003,2023-05-09,229,118.43,27120.27,13856.79,13263.48,0.0,134.7,Spring,Tuesday,False,False
3,SKU0003,2023-05-10,144,123.13,17730.83,8713.44,9017.39,0.0,127.2,Spring,Wednesday,False,False
3,SKU0003,2023-05-11,303,115.33,34946.16,18334.53,16611.63,0.0,134.5,Spring,Thursday,False,False
3,SKU0003,2023-05-12,332,113.4,37648.09,20089.32,17558.77,0.0,124.8,Spring,Friday,False,False
3,SKU0003,2023-05-13,232,111.49,25866.06,14038.32,11827.74,0.0,103.08,Spring,Saturday,False,False
3,SKU0003,2023-05-14,299,113.07,33809.33,18092.49,15716.84,0.0,127.98,Spring,Sunday,False,False
3,SKU0003,2023-05-15,251,132.29,33205.87,15188.01,18017.86,0.0,120.54,Spring,Monday,False,False
3,SKU0003,2023-05-16,300,132.49,39747.24,18153.0,21594.24,0.0,127.33,Spring,Tuesday,False,False
3,SKU0003,2023-05-17,274,118.48,32463.11,16579.74,15883.37,0.0,107.41,Spring,Wednesday,False,False
3,SKU0003,2023-05-18,443,100.2,44387.75,26805.93,17581.82,10.24,134.05,Spring,Thursday,False,True
3,SKU0003,2023-05-19,245,124.62,30531.23,14824.95,15706.28,0.0,118.69,Spring,Friday,False,False
3,SKU0003,2023-05-20,350,128.04,44813.8,21178.5,23635.3,0.0,113.79,Spring,Saturday,False,False
3,SKU0003,2023-05-22,260,112.61,29277.88,15732.6,13545.28,0.0,137.86,Spring,Monday,False,False
3,SKU0003,2023-05-23,219,129.73,28410.54,13251.69,15158.85,0.0,110.18,Spring,Tuesday,False,False
3,SKU0003,2023-05-24,204,129.1,26336.45,12344.04,13992.41,0.0,103.15,Spring,Wednesday,False,False
3,SKU0003,2023-05-25,252,126.18,31796.78,15248.52,16548.26,0.0,133.68,Spring,Thursday,False,False
3,SKU0003,2023-05-26,319,123.34,39345.36,19302.69,20042.67,0.0,113.42,Spring,Friday,False,False
3,SKU0003,2023-05-27,333,120.68,40187.63,20149.83,20037.8,0.0,125.07,Spring,Saturday,False,False
3,SKU0003,2023-05-28,277,128.69,35645.79,16761.27,18884.52,0.0,128.8,Spring,Sunday,False,False
3,SKU0003,2023-05-29,259,119.13,30855.24,15672.09,15183.15,0.0,105.17,Spring,Monday,False,False
3,SKU0003,2023-05-30,207,119.01,24635.98,12525.57,12110.41,0.0,120.83,Spring,Tuesday,False,False
3,SKU0003,2023-05-31,314,117.31,36835.68,19000.14,17835.54,0.0,103.62,Spring,Wednesday,False,False
3,SKU0003,2023-06-01,183,113.57,20783.32,11073.33,9709.99,0.0,111.29,Summer,Thursday,False,False
3,SKU0003,2023-06-02,144,130.92,18852.64,8713.44,10139.2,0.0,124.73,Summer,Friday,False,False
3,SKU0003,2023-06-03,284,124.82,35448.6,17184.84,18263.76,0.0,113.52,Summer,Saturday,False,False
3,SKU0003,2023-06-04,183,132.15,24183.28,11073.33,13109.95,0.0,127.3,Summer,Sunday,False,False
3,SKU0003,2023-06-05,136,128.18,17432.99,8229.36,9203.63,0.0,133.53,Summer,Monday,False,False
3,SKU0003,2023-06-06,168,115.75,19446.77,10165.68,9281.09,0.0,127.09,Summer,Tuesday,False,False
3,SKU0003,2023-06-07,217,113.75,24682.95,13130.67,11552.28,0.0,106.53,Summer,Wednesday,False,False
3,SKU0003,2023-06-08,147,132.97,19546.76,8894.97,10651.79,0.0,110.47,Summer,Thursday,False,False
3,SKU0003,2023-06-09,327,83.97,27458.58,19786.77,7671.81,23.21,108.63,Summer,Friday,False,True
3,SKU0003,2023-06-11,363,96.35,34975.63,21965.13,13010.5,19.26,111.0,Summer,Sunday,False,True
3,SKU0003,2023-06-12,226,117.16,26477.08,13675.26,12801.82,0.0,104.56,Summer,Monday,False,False
3,SKU0003,2023-06-13,210,115.39,24232.4,12707.1,11525.3,0.0,127.92,Summer,Tuesday,False,False
3,SKU0003,2023-06-14,148,125.12,18518.09,8955.48,9562.61,0.0,136.51,Summer,Wednesday,False,False
3,SKU0003,2023-06-15,203,119.98,24356.45,12283.53,12072.92,0.0,106.89,Summer,Thursday,False,False
3,SKU0003,2023-06-16,164,123.7,20286.19,9923.64,10362.55,0.0,137.26,Summer,Friday,False,False
3,SKU0003,2023-06-17,264,109.93,29022.53,15974.64,13047.89,0.0,125.74,Summer,Saturday,False,False
3,SKU0003,2023-06-18,191,130.97,25014.79,11557.41,13457.38,0.0,113.47,Summer,Sunday,False,False
3,SKU0003,2023-06-19,146,121.16,17689.76,8834.46,8855.3,0.0,106.47,Summer,Monday,False,False
3,SKU0003,2023-06-20,160,117.02,18722.69,9681.6,9041.09,0.0,133.68,Summer,Tuesday,False,False
3,SKU0003,2023-06-21,199,118.98,23677.18,12041.49,11635.69,0.0,111.77,Summer,Wednesday,False,False
3,SKU0003,2023-06-22,168,117.18,19686.12,10165.68,9520.44,0.0,105.96,Summer,Thursday,False,False
3,SKU0003,2023-06-23,146,127.19,18569.49,8834.46,9735.03,0.0,127.01,Summer,Friday,False,False
3,SKU0003,2023-06-24,159,127.16,20217.79,9621.09,10596.7,0.0,111.15,Summer,Saturday,False,False
3,SKU0003,2023-06-25,220,118.92,26163.32,13312.2,12851.12,0.0,119.52,Summer,Sunday,False,False
3,SKU0003,2023-06-26,201,128.15,25758.29,12162.51,13595.78,0.0,103.95,Summer,Monday,False,False
3,SKU0003,2023-06-27,166,109.16,18120.36,10044.66,8075.7,0.0,137.13,Summer,Tuesday,False,False
3,SKU0003,2023-06-28,391,87.72,34298.04,23659.41,10638.63,24.73,105.1,Summer,Wednesday,False,True
3,SKU0003,2023-06-29,193,124.9,24105.1,11678.43,12426.67,0.0,135.63,Summer,Thursday,False,False
3,SKU0003,2023-06-30,321,98.49,31616.65,19423.71,12192.94,20.7,121.74,Summer,Friday,False,True
3,SKU0003,2023-07-01,222,118.65,26339.87,13433.22,12906.65,0.0,122.97,Summer,Saturday,False,False
3,SKU0003,2023-07-02,157,126.89,19922.4,9500.07,10422.33,0.0,103.15,Summer,Sunday,False,False
3,SKU0003,2023-07-03,177,121.69,21539.6,10710.27,10829.33,0.0,128.29,Summer,Monday,False,False
3,SKU0003,2023-07-04,233,113.88,26534.75,14098.83,12435.92,0.0,131.49,Summer,Tuesday,True,False
3,SKU0003,2023-07-05,181,125.8,22769.73,10952.31,11817.42,0.0,131.24,Summer,Wednesday,False,False
3,SKU0003,2023-07-06,218,113.69,24785.15,13191.18,11593.97,0.0,104.21,Summer,Thursday,False,False
3,SKU0003,2023-07-07,217,126.47,27443.62,13130.67,14312.95,0.0,107.44,Summer,Friday,False,False
3,SKU0003,2023-07-08,235,115.79,27210.69,14219.85,12990.84,0.0,122.9,Summer,Saturday,False,False
3,SKU0003,2023-07-09,195,127.24,24812.1,11799.45,13012.65,0.0,103.88,Summer,Sunday,False,False
3,SKU0003,2023-07-10,168,123.26,20707.5,10165.68,10541.82,0.0,130.97,Summer,Monday,False,False
3,SKU0003,2023-07-11,137,132.81,18194.46,8289.87,9904.59,0.0,105.04,Summer,Tuesday,False,False
3,SKU0003,2023-07-12,169,124.09,20971.83,10226.19,10745.64,0.0,104.6,Summer,Wednesday,False,False
3,SKU0003,2023-07-13,181,111.94,20260.68,10952.31,9308.37,0.0,129.62,Summer,Thursday,False,False
3,SKU0003,2023-07-14,149,132.71,19773.69,9015.99,10757.7,0.0,138.77,Summer,Friday,False,False
3,SKU0003,2023-07-15,214,130.56,27940.82,12949.14,14991.68,0.0,122.23,Summer,Saturday,False,False
3,SKU0003,2023-07-16,179,117.4,21014.16,10831.29,10182.87,0.0,131.36,Summer,Sunday,False,False
3,SKU0003,2023-07-17,186,125.19,23286.01,11254.86,12031.15,0.0,121.73,Summer,Monday,False,False
3,SKU0003,2023-07-18,212,116.85,24772.88,12828.12,11944.76,0.0,132.74,Summer,Tuesday,False,False
3,SKU0003,2023-07-19,188,111.29,20922.46,11375.88,9546.58,0.0,132.94,Summer,Wednesday,False,False
3,SKU0003,2023-07-20,281,84.66,23790.63,17003.31,6787.32,23.33,119.07,Summer,Thursday,False,True
3,SKU0003,2023-07-21,151,121.66,18369.98,9137.01,9232.97,0.0,121.71,Summer,Friday,False,False
3,SKU0003,2023-07-22,260,115.3,29978.12,15732.6,14245.52,0.0,118.24,Summer,Saturday,False,False
3,SKU0003,2023-07-23,176,131.45,23135.69,10649.76,12485.93,0.0,138.2,Summer,Sunday,False,False
3,SKU0003,2023-07-24,160,112.41,17985.88,9681.6,8304.28,0.0,128.69,Summer,Monday,False,False
3,SKU0003,2023-07-25,145,125.97,18265.7,8773.95,9491.75,0.0,107.15,Summer,Tuesday,False,False
3,SKU0003,2023-07-26,190,120.38,22871.27,11496.9,11374.37,0.0,137.14,Summer,Wednesday,False,False
3,SKU0003,2023-07-27,158,131.96,20849.03,9560.58,11288.45,0.0,117.7,Summer,Thursday,False,False
3,SKU0003,2023-07-29,198,117.91,23345.98,11980.98,11365.0,0.0,113.88,Summer,Saturday,False,False
3,SKU0003,2023-07-30,173,128.07,22155.81,10468.23,11687.58,0.0,124.27,Summer,Sunday,False,False
3,SKU0003,2023-07-31,273,100.09,27325.83,16519.23,10806.6,23.34,132.61,Summer,Monday,False,True
3,SKU0003,2023-08-01,236,111.88,26403.4,14280.36,12123.04,0.0,134.47,Summer,Tuesday,False,False
3,SKU0003,2023-08-02,156,122.79,19154.98,9439.56,9715.42,0.0,135.55,Summer,Wednesday,False,False
3,SKU0003,2023-08-03,200,120.42,24084.08,12102.0,11982.08,0.0,124.86,Summer,Thursday,False,False
3,SKU0003,2023-08-04,206,121.14,24953.87,12465.06,12488.81,0.0,119.2,Summer,Friday,False,False
3,SKU0003,2023-08-05,207,129.89,26886.61,12525.57,14361.04,0.0,131.9,Summer,Saturday,False,False
3,SKU0003,2023-08-06,194,118.83,23053.53,11738.94,11314.59,0.0,117.22,Summer,Sunday,False,False
3,SKU0003,2023-08-07,155,132.11,20476.64,9379.05,11097.59,0.0,129.59,Summer,Monday,False,False
3,SKU0003,2023-08-08,149,129.88,19351.75,9015.99,10335.76,0.0,123.63,Summer,Tuesday,False,False
3,SKU0003,2023-08-09,136,126.04,17141.42,8229.36,8912.06,0.0,107.36,Summer,Wednesday,False,False
3,SKU0003,2023-08-10,194,113.58,22033.65,11738.94,10294.71,0.0,123.81,Summer,Thursday,False,False
3,SKU0003,2023-08-11,235,106.96,25136.02,14219.85,10916.17,12.84,135.43,Summer,Friday,False,True
3,SKU0003,2023-08-12,208,131.58,27368.09,12586.08,14782.01,0.0,103.56,Summer,Saturday,False,False
3,SKU0003,2023-08-13,203,114.85,23315.55,12283.53,11032.02,0.0,135.09,Summer,Sunday,False,False
3,SKU0003,2023-08-14,157,128.45,20166.45,9500.07,10666.38,0.0,117.45,Summer,Monday,False,False
3,SKU0003,2023-08-15,261,116.35,30367.41,15793.11,14574.3,10.35,117.93,Summer,Tuesday,False,True
3,SKU0003,2023-08-16,171,116.6,19938.59,10347.21,9591.38,0.0,107.03,Summer,Wednesday,False,False
3,SKU0003,2023-08-17,349,99.25,34637.59,21117.99,13519.6,12.16,106.12,Summer,Thursday,False,True
3,SKU0003,2023-08-18,160,118.78,19004.12,9681.6,9322.52,0.0,125.18,Summer,Friday,False,False
3,SKU0003,2023-08-19,266,109.58,29147.12,16095.66,13051.46,0.0,117.02,Summer,Saturday,False,False
3,SKU0003,2023-08-20,165,118.91,19620.14,9984.15,9635.99,0.0,116.5,Summer,Sunday,False,False
3,SKU0003,2023-08-21,193,111.85,21586.25,11678.43,9907.82,0.0,130.17,Summer,Monday,False,False
3,SKU0003,2023-08-22,217,120.85,26224.47,13130.67,13093.8,0.0,116.85,Summer,Tuesday,False,False
3,SKU0003,2023-08-23,165,110.39,18213.61,9984.15,8229.46,0.0,117.65,Summer,Wednesday,False,False
3,SKU0003,2023-08-24,155,118.78,18411.05,9379.05,9032.0,0.0,135.04,Summer,Thursday,False,False
3,SKU0003,2023-08-25,157,132.24,20761.36,9500.07,11261.29,0.0,111.81,Summer,Friday,False,False
3,SKU0003,2023-08-26,189,127.92,24177.51,11436.39,12741.12,0.0,117.63,Summer,Saturday,False,False
3,SKU0003,2023-08-27,355,108.08,38369.3,21481.05,16888.25,13.05,116.42,Summer,Sunday,False,True
3,SKU0003,2023-08-28,165,127.85,21094.61,9984.15,11110.46,0.0,118.25,Summer,Monday,False,False
3,SKU0003,2023-08-30,177,128.99,22831.6,10710.27,12121.33,0.0,138.16,Summer,Wednesday,False,False
3,SKU0003,2023-08-31,295,108.85,32110.54,17850.45,14260.09,17.23,133.35,Summer,Thursday,False,True
3,SKU0003,2023-09-01,315,117.42,36988.47,19060.65,17927.82,0.0,124.11,Fall,Friday,False,False
3,SKU0003,2023-09-02,479,110.02,52699.06,28984.29,23714.77,0.0,123.31,Fall,Saturday,False,False
3,SKU0003,2023-09-03,497,118.49,58887.52,30073.47,28814.05,0.0,107.94,Fall,Sunday,False,False
3,SKU0003,2023-09-04,328,115.68,37943.7,19847.28,18096.42,0.0,125.03,Fall,Monday,False,False
3,SKU0003,2023-09-05,282,116.62,32887.47,17063.82,15823.65,0.0,115.31,Fall,Tuesday,False,False
3,SKU0003,2023-09-06,337,127.14,42844.9,20391.87,22453.03,0.0,111.8,Fall,Wednesday,False,False
3,SKU0003,2023-09-07,322,117.19,37734.15,19484.22,18249.93,0.0,124.63,Fall,Thursday,False,False
3,SKU0003,2023-09-09,374,130.74,48895.48,22630.74,26264.74,0.0,117.87,Fall,Saturday,False,False
3,SKU0003,2023-09-10,323,125.94,40678.83,19544.73,21134.1,0.0,122.4,Fall,Sunday,False,False
3,SKU0003,2023-09-11,294,124.63,36640.85,17789.94,18850.91,0.0,103.99,Fall,Monday,False,False
3,SKU0003,2023-09-12,310,125.17,38803.85,18758.1,20045.75,0.0,115.68,Fall,Tuesday,False,False
3,SKU0003,2023-09-13,290,128.95,37394.34,17547.9,19846.44,0.0,109.3,Fall,Wednesday,False,False
3,SKU0003,2023-09-15,256,131.58,33684.21,15490.56,18193.65,0.0,110.91,Fall,Friday,False,False
3,SKU0003,2023-09-16,929,88.16,81897.23,56213.79,25683.44,23.82,106.13,Fall,Saturday,False,True
3,SKU0003,2023-09-17,383,116.26,44526.1,23175.33,21350.77,0.0,111.37,Fall,Sunday,False,False
3,SKU0003,2023-09-18,362,117.7,42608.86,21904.62,20704.24,0.0,135.71,Fall,Monday,False,False
3,SKU0003,2023-09-19,374,113.98,42628.04,22630.74,19997.3,0.0,132.68,Fall,Tuesday,False,False
3,SKU0003,2023-09-20,240,129.97,31193.63,14522.4,16671.23,0.0,120.8,Fall,Wednesday,False,False
3,SKU0003,2023-09-21,345,124.89,43086.61,20875.95,22210.66,0.0,127.64,Fall,Thursday,False,False
3,SKU0003,2023-09-22,331,110.5,36575.5,20028.81,16546.69,0.0,105.23,Fall,Friday,False,False
3,SKU0003,2023-09-23,411,122.71,50434.61,24869.61,25565.0,0.0,121.86,Fall,Saturday,False,False
3,SKU0003,2023-09-24,436,113.56,49512.85,26382.36,23130.49,0.0,138.88,Fall,Sunday,False,False
3,SKU0003,2023-09-25,394,121.82,47996.02,23840.94,24155.08,0.0,123.2,Fall,Monday,False,False
3,SKU0003,2023-09-26,264,131.62,34747.34,15974.64,18772.7,0.0,137.11,Fall,Tuesday,False,False
3,SKU0003,2023-09-27,481,109.93,52878.58,29105.31,23773.27,16.49,112.82,Fall,Wednesday,False,True
