data/sales_data.csv
product_id,sku,date,quantity,price,revenue,cost,profit,discount_percent,competitor_price,season,day_of_week,is_holiday,promotion_active
3,SKU0003,2023-09-28,314,120.21,37746.34,19000.14,18746.2,0.0,130.42,Fall,Thursday,False,False
3,SKU0003,2023-09-29,325,114.35,37164.71,19665.75,17498.96,0.0,118.12,Fall,Friday,False,False
3,SKU0003,2023-09-30,494,109.04,53867.18,29891.94,23975.24,0.0,105.84,Fall,Saturday,False,False
3,SKU0003,2023-10-01,332,109.53,36364.66,20089.32,16275.34,0.0,138.38,Fall,Sunday,False,False
3,SKU0003,2023-10-02,302,110.72,33437.37,18274.02,15163.35,0.0,108.84,Fall,Monday,False,False
3,SKU0003,2023-10-03,252,124.07,31265.53,15248.52,16017.01,0.0,120.29,Fall,Tuesday,False,False
3,SKU0003,2023-10-04,346,123.26,42647.83,20936.46,21711.37,0.0,115.0,Fall,Wednesday,False,False
3,SKU0003,2023-10-05,446,111.53,49741.57,26987.46,22754.11,0.0,115.24,Fall,Thursday,False,False
3,SKU0003,2023-10-06,669,91.36,61117.99,40481.19,20636.8,21.91,131.03,Fall,Friday,False,True
3,SKU0003,2023-10-07,336,127.41,42810.51,20331.36,22479.15,0.0,123.89,Fall,Saturday,False,False
3,SKU0003,2023-10-08,729,98.8,72022.34,44111.79,27910.55,10.5,133.64,Fall,Sunday,False,True
3,SKU0003,2023-10-09,887,85.36,75716.6,53672.37,22044.23,23.79,113.81,Fall,Monday,False,True
3,SKU0003,2023-10-10,310,110.51,34258.22,18758.1,15500.12,0.0,123.17,Fall,Tuesday,False,False
3,SKU0003,2023-10-11,335,118.15,39580.5,20270.85,19309.65,0.0,130.17,Fall,Wednesday,False,False
3,SKU0003,2023-10-12,347,123.43,42830.26,20996.97,21833.29,0.0,103.25,Fall,Thursday,False,False
3,SKU0003,2023-10-13,306,128.16,39218.23,18516.06,20702.17,0.0,125.35,Fall,Friday,False,False
3,SKU0003,2023-10-14,337,131.61,44353.01,20391.87,23961.14,0.0,119.35,Fall,Saturday,False,False
3,SKU0003,2023-10-15,476,113.58,54062.57,28802.76,25259.81,0.0,124.48,Fall,Sunday,False,False
3,SKU0003,2023-10-16,295,111.5,32893.8,17850.45,15043.35,12.9,126.01,Fall,Monday,False,True
3,SKU0003,2023-10-17,352,119.11,41926.03,21299.52,20626.51,0.0,119.01,Fall,Tuesday,False,False
3,SKU0003,2023-10-18,257,128.21,32949.77,15551.07,17398.7,0.0,114.18,Fall,Wednesday,False,False
3,SKU0003,2023-10-19,197,132.15,26033.07,11920.47,14112.6,0.0,114.17,Fall,Thursday,False,False
3,SKU0003,2023-10-20,309,127.69,39455.62,18697.59,20758.03,0.0,114.07,Fall,Friday,False,False
3,SKU0003,2023-10-22,347,125.34,43491.45,20996.97,22494.48,0.0,121.28,Fall,Sunday,False,False
3,SKU0003,2023-10-23,320,129.7,41504.65,19363.2,22141.45,0.0,109.96,Fall,Monday,False,False
3,SKU0003,2023-10-24,342,130.91,44770.31,20694.42,24075.89,0.0,115.27,Fall,Tuesday,False,False
3,SKU0003,2023-10-25,352,125.73,44258.54,21299.52,22959.02,0.0,124.64,Fall,Wednesday,False,False
3,SKU0003,2023-10-26,379,122.92,46585.87,22933.29,23652.58,0.0,125.24,Fall,Thursday,False,False
3,SKU0003,2023-10-27,387,112.85,43671.33,23417.37,20253.96,0.0,131.52,Fall,Friday,False,False
3,SKU0003,2023-10-28,686,102.74,70481.22,41509.86,28971.36,10.06,111.23,Fall,Saturday,False,True
3,SKU0003,2023-10-29,309,114.7,35443.29,18697.59,16745.7,0.0,137.45,Fall,Sunday,False,False
3,SKU0003,2023-10-30,279,126.83,35385.83,16882.29,18503.54,0.0,109.56,Fall,Monday,False,False
3,SKU0003,2023-10-31,370,117.7,43548.86,22388.7,21160.16,0.0,103.96,Fall,Tuesday,True,False
3,SKU0003,2023-11-01,442,115.95,51250.39,26745.42,24504.97,0.0,124.13,Fall,Wednesday,False,False
3,SKU0003,2023-11-03,353,113.13,39935.96,21360.03,18575.93,0.0,128.97,Fall,Friday,False,False
3,SKU0003,2023-11-04,398,122.34,48691.02,24082.98,24608.04,0.0,103.65,Fall,Saturday,False,False
3,SKU0003,2023-11-06,407,118.09,48062.4,24627.57,23434.83,0.0,106.9,Fall,Monday,False,False
3,SKU0003,2023-11-07,301,116.3,35006.89,18213.51,16793.38,0.0,132.26,Fall,Tuesday,False,False
3,SKU0003,2023-11-08,281,131.7,37007.1,17003.31,20003.79,0.0,139.09,Fall,Wednesday,False,False
3,SKU0003,2023-11-09,247,130.18,32154.09,14945.97,17208.12,0.0,108.11,Fall,Thursday,False,False
3,SKU0003,2023-11-10,228,128.16,29219.96,13796.28,15423.68,0.0,116.6,Fall,Friday,False,False
3,SKU0003,2023-11-11,330,123.43,40731.73,19968.3,20763.43,0.0,111.75,Fall,Saturday,False,False
3,SKU0003,2023-11-12,624,107.93,67350.24,37758.24,29592.0,12.84,131.53,Fall,Sunday,False,True
3,SKU0003,2023-11-13,338,110.21,37249.99,20452.38,16797.61,0.0,134.56,Fall,Monday,False,False
3,SKU0003,2023-11-14,243,132.36,32162.7,14703.93,17458.77,0.0,110.46,Fall,Tuesday,False,False
3,SKU0003,2023-11-15,493,96.31,47478.43,29831.43,17647.0,19.95,121.33,Fall,Wednesday,False,True
3,SKU0003,2023-11-16,294,124.53,36612.21,17789.94,18822.27,0.0,120.97,Fall,Thursday,False,False
3,SKU0003,2023-11-17,256,116.71,29877.1,15490.56,14386.54,0.0,128.08,Fall,Friday,False,False
3,SKU0003,2023-11-18,418,120.89,50533.67,25293.18,25240.49,0.0,117.42,Fall,Saturday,False,False
3,SKU0003,2023-11-20,268,113.83,30506.82,16216.68,14290.14,0.0,117.24,Fall,Monday,False,False
3,SKU0003,2023-11-21,264,130.43,34433.07,15974.64,18458.43,0.0,136.83,Fall,Tuesday,False,False
3,SKU0003,2023-11-22,272,122.24,33250.25,16458.72,16791.53,0.0,105.92,Fall,Wednesday,False,False
3,SKU0003,2023-11-23,343,117.43,40277.64,20754.93,19522.71,0.0,119.76,Fall,Thursday,False,False
3,SKU0003,2023-11-24,499,119.23,59496.46,30194.49,29301.97,0.0,117.71,Fall,Friday,True,False
3,SKU0003,2023-11-25,371,116.59,43255.32,22449.21,20806.11,0.0,109.39,Fall,Saturday,True,False
3,SKU0003,2023-11-26,364,124.54,45331.89,22025.64,23306.25,0.0,105.86,Fall,Sunday,False,False
3,SKU0003,2023-11-27,303,121.33,36762.87,18334.53,18428.34,0.0,131.4,Fall,Monday,False,False
3,SKU0003,2023-11-28,392,111.3,43629.56,23719.92,19909.64,0.0,104.26,Fall,Tuesday,False,False
3,SKU0003,2023-11-29,355,113.68,40355.56,21481.05,18874.51,0.0,113.86,Fall,Wednesday,False,False
3,SKU0003,2023-11-30,261,125.46,32745.68,15793.11,16952.57,0.0,128.49,Fall,Thursday,False,False
3,SKU0003,2023-12-01,236,133.08,31407.68,14280.36,17127.32,0.0,129.73,Winter,Friday,False,False
3,SKU0003,2023-12-02,358,109.12,39066.59,21662.58,17404.01,0.0,132.72,Winter,Saturday,False,False
3,SKU0003,2023-12-03,414,118.69,49138.42,25051.14,24087.28,0.0,123.92,Winter,Sunday,False,False
3,SKU0003,2023-12-04,291,120.34,35019.63,17608.41,17411.22,0.0,130.5,Winter,Monday,False,False
3,SKU0003,2023-12-05,382,118.54,45281.98,23114.82,22167.16,0.0,130.07,Winter,Tuesday,False,False
3,SKU0003,2023-12-06,284,121.4,34478.46,17184.84,17293.62,0.0,130.37,Winter,Wednesday,False,False
3,SKU0003,2023-12-07,260,120.09,31222.3,15732.6,15489.7,0.0,114.23,Winter,Thursday,False,False
3,SKU0003,2023-12-08,205,127.56,26149.44,12404.55,13744.89,0.0,110.48,Winter,Friday,False,False
3,SKU0003,2023-12-09,247,122.43,30241.36,14945.97,15295.39,0.0,123.83,Winter,Saturday,False,False
3,SKU0003,2023-12-11,270,129.11,34860.07,16337.7,18522.37,0.0,118.08,Winter,Monday,False,False
3,SKU0003,2023-12-12,319,118.68,37859.28,19302.69,18556.59,0.0,122.39,Winter,Tuesday,False,False
3,SKU0003,2023-12-13,257,109.48,28136.49,15551.07,12585.42,0.0,136.35,Winter,Wednesday,False,False
3,SKU0003,2023-12-14,285,131.98,37613.06,17245.35,20367.71,0.0,125.73,Winter,Thursday,False,False
3,SKU0003,2023-12-15,258,123.63,31896.56,15611.58,16284.98,0.0,138.45,Winter,Friday,False,False
3,SKU0003,2023-12-16,366,118.37,43324.5,22146.66,21177.84,0.0,109.7,Winter,Saturday,False,False
3,SKU0003,2023-12-17,420,122.7,51535.07,25414.2,26120.87,0.0,135.35,Winter,Sunday,False,False
3,SKU0003,2023-12-19,277,120.74,33446.2,16761.27,16684.93,0.0,105.39,Winter,Tuesday,False,False
3,SKU0003,2023-12-20,267,115.79,30915.27,16156.17,14759.1,0.0,126.81,Winter,Wednesday,False,False
3,SKU0003,2023-12-21,429,90.7,38909.43,25958.79,12950.64,17.78,134.08,Winter,Thursday,False,True
3,SKU0003,2023-12-22,287,112.72,32350.32,17366.37,14983.95,0.0,122.34,Winter,Friday,False,False
3,SKU0003,2023-12-23,385,110.58,42574.2,23296.35,19277.85,0.0,134.3,Winter,Saturday,False,False
3,SKU0003,2023-12-24,324,113.9,36902.37,19605.24,17297.13,0.0,128.63,Winter,Sunday,False,False
3,SKU0003,2023-12-25,355,123.53,43853.22,21481.05,22372.17,0.0,124.2,Winter,Monday,True,False
3,SKU0003,2023-12-26,358,125.49,44926.77,21662.58,23264.19,0.0,103.14,Winter,Tuesday,True,False
3,SKU0003,2023-12-27,321,110.47,35459.69,19423.71,16035.98,0.0,132.19,Winter,Wednesday,False,False
3,SKU0003,2023-12-28,229,130.95,29987.77,13856.79,16130.98,0.0,119.58,Winter,Thursday,False,False
3,SKU0003,2023-12-29,274,126.76,34733.17,16579.74,18153.43,0.0,134.85,Winter,Friday,False,False
3,SKU0003,2023-12-30,346,125.87,43550.49,20936.46,22614.03,0.0,113.67,Winter,Saturday,False,False
3,SKU0003,2023-12-31,263,128.52,33801.52,15914.13,17887.39,0.0,111.91,Winter,Sunday,False,False
3,SKU0003,2024-01-01,422,126.67,53452.81,25535.22,27917.59,0.0,135.94,Winter,Monday,True,False
3,SKU0003,2024-01-02,278,122.68,34105.25,16821.78,17283.47,0.0,137.2,Winter,Tuesday,False,False
3,SKU0003,2024-01-03,258,129.99,33537.04,15611.58,17925.46,0.0,125.67,Winter,Wednesday,False,False
3,SKU0003,2024-01-04,281,131.1,36837.99,17003.31,19834.68,0.0,129.09,Winter,Thursday,False,False
3,SKU0003,2024-01-05,299,120.86,36137.85,18092.49,18045.36,0.0,122.94,Winter,Friday,False,False
3,SKU0003,2024-01-06,454,110.77,50289.77,27471.54,22818.23,0.0,130.7,Winter,Saturday,False,False
3,SKU0003,2024-01-07,366,119.83,43858.68,22146.66,21712.02,0.0,121.24,Winter,Sunday,False,False
3,SKU0003,2024-01-08,301,110.69,33317.58,18213.51,15104.07,0.0,130.09,Winter,Monday,False,False
3,SKU0003,2024-01-09,281,126.97,35679.46,17003.31,18676.15,0.0,117.27,Winter,Tuesday,False,False
3,SKU0003,2024-01-10,580,85.16,49392.0,35095.8,14296.2,23.76,130.05,Winter,Wednesday,False,True
3,SKU0003,2024-01-11,337,110.57,37261.96,20391.87,16870.09,0.0,111.66,Winter,Thursday,False,False
3,SKU0003,2024-01-12,322,112.31,36164.71,19484.22,16680.49,0.0,133.42,Winter,Friday,False,False
3,SKU0003,2024-01-13,392,109.36,42867.27,23719.92,19147.35,0.0,113.55,Winter,Saturday,False,False
3,SKU0003,2024-01-14,351,118.38,41550.72,21239.01,20311.71,0.0,130.59,Winter,Sunday,False,False
3,SKU0003,2024-01-15,231,112.63,26018.28,13977.81,12040.47,0.0,110.73,Winter,Monday,False,False
3,SKU0003,2024-01-16,438,108.67,47597.3,26503.38,21093.92,13.24,133.24,Winter,Tuesday,False,True
3,SKU0003,2024-01-17,279,124.43,34716.82,16882.29,17834.53,0.0,135.43,Winter,Wednesday,False,False
3,SKU0003,2024-01-18,313,116.38,36427.15,18939.63,17487.52,0.0,103.04,Winter,Thursday,False,False
3,SKU0003,2024-01-19,224,127.49,28556.69,13554.24,15002.45,0.0,116.47,Winter,Friday,False,False
3,SKU0003,2024-01-20,470,111.13,52231.06,28439.7,23791.36,0.0,138.78,Winter,Saturday,False,False
3,SKU0003,2024-01-21,332,113.57,37704.86,20089.32,17615.54,0.0,110.87,Winter,Sunday,False,False
3,SKU0003,2024-01-22,301,128.21,38590.23,18213.51,20376.72,0.0,108.96,Winter,Monday,False,False
3,SKU0003,2024-01-23,315,118.98,37478.42,19060.65,18417.77,0.0,114.74,Winter,Tuesday,False,False
3,SKU0003,2024-01-24,287,113.51,32576.17,17366.37,15209.8,0.0,122.53,Winter,Wednesday,False,False
3,SKU0003,2024-01-25,413,111.84,46190.72,24990.63,21200.09,0.0,115.81,Winter,Thursday,False,False
3,SKU0003,2024-01-26,244,118.65,28950.94,14764.44,14186.5,0.0,117.0,Winter,Friday,False,False
3,SKU0003,2024-01-27,453,110.52,50063.68,27411.03,22652.65,0.0,126.46,Winter,Saturday,False,False
3,SKU0003,2024-01-28,458,110.55,50630.84,27713.58,22917.26,0.0,113.81,Winter,Sunday,False,False
3,SKU0003,2024-01-29,224,132.71,29727.71,13554.24,16173.47,0.0,122.33,Winter,Monday,False,False
3,SKU0003,2024-01-30,313,129.5,40534.33,18939.63,21594.7,0.0,137.69,Winter,Tuesday,False,False
3,SKU0003,2024-01-31,240,132.67,31841.33,14522.4,17318.93,0.0,127.48,Winter,Wednesday,False,False
3,SKU0003,2024-02-01,283,125.71,35575.6,17124.33,18451.27,0.0,125.93,Winter,Thursday,False,False
3,SKU0003,2024-02-02,317,116.61,36966.66,19181.67,17784.99,0.0,120.37,Winter,Friday,False,False
3,SKU0003,2024-02-03,327,123.65,40432.55,19786.77,20645.78,0.0,116.75,Winter,Saturday,False,False
3,SKU0003,2024-02-04,423,114.54,48451.95,25595.73,22856.22,0.0,138.75,Winter,Sunday,False,False
3,SKU0003,2024-02-05,311,123.84,38513.03,18818.61,19694.42,0.0,114.08,Winter,Monday,False,False
3,SKU0003,2024-02-06,196,127.25,24940.29,11859.96,13080.33,0.0,105.04,Winter,Tuesday,False,False
3,SKU0003,2024-02-07,367,116.1,42607.7,22207.17,20400.53,0.0,110.29,Winter,Wednesday,False,False
3,SKU0003,2024-02-08,371,106.37,39461.47,22449.21,17012.26,18.97,129.71,Winter,Thursday,False,True
3,SKU0003,2024-02-09,357,115.65,41286.97,21602.07,19684.9,0.0,130.48,Winter,Friday,False,False
3,SKU0003,2024-02-10,350,132.58,46402.67,21178.5,25224.17,0.0,113.34,Winter,Saturday,False,False
3,SKU0003,2024-02-11,470,110.04,51721.0,28439.7,23281.3,14.97,122.45,Winter,Sunday,False,True
3,SKU0003,2024-02-12,257,125.01,32128.55,15551.07,16577.48,0.0,127.82,Winter,Monday,False,False
3,SKU0003,2024-02-13,232,123.64,28683.45,14038.32,14645.13,0.0,114.54,Winter,Tuesday,False,False
3,SKU0003,2024-02-14,427,109.06,46570.44,25837.77,20732.67,0.0,105.41,Winter,Wednesday,True,False
3,SKU0003,2024-02-15,263,124.27,32683.59,15914.13,16769.46,0.0,110.28,Winter,Thursday,False,False
3,SKU0003,2024-02-16,653,95.57,62405.34,39513.03,22892.31,22.47,111.45,Winter,Friday,False,True
3,SKU0003,2024-02-17,693,107.91,74782.09,41933.43,32848.66,14.67,111.76,Winter,Saturday,False,True
3,SKU0003,2024-02-18,453,114.94,52069.66,27411.03,24658.63,0.0,119.14,Winter,Sunday,False,False
3,SKU0003,2024-02-19,284,115.5,32801.47,17184.84,15616.63,0.0,105.77,Winter,Monday,False,False
3,SKU0003,2024-02-20,288,118.56,34144.45,17426.88,16717.57,0.0,118.89,Winter,Tuesday,False,False
3,SKU0003,2024-02-21,200,126.71,25341.24,12102.0,13239.24,0.0,132.62,Winter,Wednesday,False,False
3,SKU0003,2024-02-22,296,109.4,32381.66,17910.96,14470.7,0.0,133.87,Winter,Thursday,False,False
3,SKU0003,2024-02-23,290,131.22,38054.6,17547.9,20506.7,0.0,108.41,Winter,Friday,False,False
3,SKU0003,2024-02-24,464,115.15,53427.51,28076.64,25350.87,0.0,119.34,Winter,Saturday,False,False
3,SKU0003,2024-02-25,272,123.59,33615.46,16458.72,17156.74,0.0,107.83,Winter,Sunday,False,False
3,SKU0003,2024-02-26,293,112.66,33010.24,17729.43,15280.81,0.0,103.33,Winter,Monday,False,False
3,SKU0003,2024-02-27,267,126.47,33768.63,16156.17,17612.46,0.0,136.48,Winter,Tuesday,False,False
3,SKU0003,2024-02-28,260,132.41,34426.03,15732.6,18693.43,0.0,120.64,Winter,Wednesday,False,False
3,SKU0003,2024-02-29,246,123.16,30296.73,14885.46,15411.27,0.0,104.28,Winter,Thursday,False,False
3,SKU0003,2024-03-01,291,118.23,34405.61,17608.41,16797.2,0.0,109.92,Spring,Friday,False,False
3,SKU0003,2024-03-02,318,115.1,36600.62,19242.18,17358.44,0.0,129.09,Spring,Saturday,False,False
3,SKU0003,2024-03-03,317,120.74,38276.04,19181.67,19094.37,0.0,128.15,Spring,Sunday,False,False
3,SKU0003,2024-03-04,251,131.34,32967.21,15188.01,17779.2,0.0,111.67,Spring,Monday,False,False
3,SKU0003,2024-03-05,472,103.57,48884.12,28560.72,20323.4,19.46,128.19,Spring,Tuesday,False,True
3,SKU0003,2024-03-06,266,115.24,30654.7,16095.66,14559.04,0.0,127.59,Spring,Wednesday,False,False
3,SKU0003,2024-03-07,251,123.49,30996.6,15188.01,15808.59,0.0,133.42,Spring,Thursday,False,False
3,SKU0003,2024-03-08,473,102.49,48477.32,28621.23,19856.09,19.67,117.3,Spring,Friday,False,True
3,SKU0003,2024-03-09,265,130.73,34642.31,16035.15,18607.16,0.0,109.72,Spring,Saturday,False,False
3,SKU0003,2024-03-10,275,129.0,35475.35,16640.25,18835.1,0.0,113.84,Spring,Sunday,False,False
3,SKU0003,2024-03-11,312,124.86,38955.07,18879.12,20075.95,0.0,114.05,Spring,Monday,False,False
3,SKU0003,2024-03-12,255,130.13,33183.25,15430.05,17753.2,0.0,106.09,Spring,Tuesday,False,False
3,SKU0003,2024-03-13,232,127.72,29630.35,14038.32,15592.03,0.0,108.05,Spring,Wednesday,False,False
3,SKU0003,2024-03-14,256,131.43,33645.6,15490.56,18155.04,0.0,114.05,Spring,Thursday,False,False
3,SKU0003,2024-03-16,669,103.29,69101.47,40481.19,28620.28,17.87,129.48,Spring,Saturday,False,True
3,SKU0003,2024-03-17,348,117.99,41059.15,21057.48,20001.67,0.0,110.06,Spring,Sunday,False,False
3,SKU0003,2024-03-18,227,131.88,29935.65,13735.77,16199.88,0.0,132.43,Spring,Monday,False,False
3,SKU0003,2024-03-19,326,110.35,35972.67,19726.26,16246.41,0.0,130.43,Spring,Tuesday,False,False
3,SKU0003,2024-03-20,178,130.76,23274.68,10770.78,12503.9,0.0,125.62,Spring,Wednesday,False,False
3,SKU0003,2024-03-21,196,129.94,25467.42,11859.96,13607.46,0.0,113.51,Spring,Thursday,False,False
3,SKU0003,2024-03-22,233,115.62,26938.7,14098.83,12839.87,0.0,124.13,Spring,Friday,False,False
3,SKU0003,2024-03-23,307,125.2,38437.19,18576.57,19860.62,0.0,105.08,Spring,Saturday,False,False
3,SKU0003,2024-03-24,470,109.09,51273.67,28439.7,22833.97,0.0,138.72,Spring,Sunday,False,False
3,SKU0003,2024-03-25,579,109.27,63268.55,35035.29,28233.26,10.11,138.7,Spring,Monday,False,True
3,SKU0003,2024-03-26,254,131.48,33395.73,15369.54,18026.19,0.0,115.1,Spring,Tuesday,False,False
3,SKU0003,2024-03-27,296,117.89,34896.17,17910.96,16985.21,0.0,139.15,Spring,Wednesday,False,False
3,SKU0003,2024-03-28,168,131.69,22124.55,10165.68,11958.87,0.0,116.61,Spring,Thursday,False,False
3,SKU0003,2024-03-29,458,99.96,45781.36,27713.58,18067.78,14.95,119.46,Spring,Friday,False,True
3,SKU0003,2024-03-30,260,126.47,32882.52,15732.6,17149.92,0.0,107.91,Spring,Saturday,False,False
3,SKU0003,2024-03-31,257,129.95,33397.51,15551.07,17846.44,0.0,128.25,Spring,Sunday,False,False
3,SKU0003,2024-04-01,268,117.84,31579.91,16216.68,15363.23,0.0,126.79,Spring,Monday,False,False
3,SKU0003,2024-04-02,252,118.92,29967.16,15248.52,14718.64,0.0,138.67,Spring,Tuesday,False,False
3,SKU0003,2024-04-04,341,110.03,37518.67,20633.91,16884.76,0.0,114.69,Spring,Thursday,False,False
3,SKU0003,2024-04-05,214,123.6,26451.28,12949.14,13502.14,0.0,125.11,Spring,Friday,False,False
3,SKU0003,2024-04-06,723,90.68,65563.31,43748.73,21814.58,23.97,138.7,Spring,Saturday,False,True
3,SKU0003,2024-04-07,367,130.83,48013.7,22207.17,25806.53,0.0,113.54,Spring,Sunday,False,False
