data/sales_data.csv
product_id,sku,date,quantity,price,revenue,cost,profit,discount_percent,competitor_price,season,day_of_week,is_holiday,promotion_active
3,SKU0003,2024-04-08,255,112.38,28657.69,15430.05,13227.64,0.0,123.63,Spring,Monday,False,False
3,SKU0003,2024-04-09,163,121.13,19744.55,9863.13,9881.42,0.0,131.8,Spring,Tuesday,False,False
3,SKU0003,2024-04-10,239,125.21,29924.9,14461.89,15463.01,0.0,134.63,Spring,Wednesday,False,False
3,SKU0003,2024-04-11,313,119.72,37472.34,18939.63,18532.71,0.0,126.92,Spring,Thursday,False,False
3,SKU0003,2024-04-12,375,114.04,42765.21,22691.25,20073.96,0.0,126.82,Spring,Friday,False,False
3,SKU0003,2024-04-13,532,94.68,50367.45,32191.32,18176.13,20.74,136.59,Spring,Saturday,False,True
3,SKU0003,2024-04-14,314,127.47,40024.24,19000.14,21024.1,0.0,112.22,Spring,Sunday,False,False
3,SKU0003,2024-04-15,218,130.64,28479.82,13191.18,15288.64,0.0,107.8,Spring,Monday,False,False
3,SKU0003,2024-04-16,242,126.48,30607.18,14643.42,15963.76,0.0,127.98,Spring,Tuesday,False,False
3,SKU0003,2024-04-17,324,131.47,42596.54,19605.24,22991.3,0.0,124.68,Spring,Wednesday,False,False
3,SKU0003,2024-04-18,212,118.04,25025.15,12828.12,12197.03,0.0,129.59,Spring,Thursday,False,False
3,SKU0003,2024-04-19,262,124.46,32608.37,15853.62,16754.75,0.0,133.95,Spring,Friday,False,False
3,SKU0003,2024-04-20,371,114.33,42415.99,22449.21,19966.78,0.0,106.05,Spring,Saturday,False,False
3,SKU0003,2024-04-21,738,96.33,71089.27,44656.38,26432.89,24.06,107.08,Spring,Sunday,False,True
3,SKU0003,2024-04-22,240,129.57,31097.28,14522.4,16574.88,0.0,123.81,Spring,Monday,False,False
3,SKU0003,2024-04-23,610,90.5,55207.08,36911.1,18295.98,18.03,138.44,Spring,Tuesday,False,True
3,SKU0003,2024-04-24,259,117.75,30498.04,15672.09,14825.95,0.0,131.79,Spring,Wednesday,False,False
3,SKU0003,2024-04-25,266,123.48,32845.56,16095.66,16749.9,0.0,117.22,Spring,Thursday,False,False
3,SKU0003,2024-04-26,253,120.07,30376.81,15309.03,15067.78,0.0,137.1,Spring,Friday,False,False
3,SKU0003,2024-04-27,346,121.02,41871.52,20936.46,20935.06,0.0,124.7,Spring,Saturday,False,False
3,SKU0003,2024-04-28,284,125.02,35506.29,17184.84,18321.45,0.0,128.39,Spring,Sunday,False,False
3,SKU0003,2024-04-29,296,116.39,34452.74,17910.96,16541.78,0.0,107.35,Spring,Monday,False,False
3,SKU0003,2024-04-30,246,126.02,31000.59,14885.46,16115.13,0.0,132.95,Spring,Tuesday,False,False
3,SKU0003,2024-05-01,290,125.96,36528.69,17547.9,18980.79,0.0,138.49,Spring,Wednesday,False,False
3,SKU0003,2024-05-02,237,128.96,30562.6,14340.87,16221.73,0.0,129.47,Spring,Thursday,False,False
3,SKU0003,2024-05-03,182,125.87,22908.46,11012.82,11895.64,0.0,134.29,Spring,Friday,False,False
3,SKU0003,2024-05-04,378,120.72,45631.24,22872.78,22758.46,0.0,138.61,Spring,Saturday,False,False
3,SKU0003,2024-05-05,246,129.46,31846.06,14885.46,16960.6,0.0,122.76,Spring,Sunday,False,False
3,SKU0003,2024-05-06,225,125.33,28198.32,13614.75,14583.57,0.0,130.38,Spring,Monday,False,False
3,SKU0003,2024-05-07,238,121.69,28963.16,14401.38,14561.78,0.0,128.15,Spring,Tuesday,False,False
3,SKU0003,2024-05-08,286,129.64,37077.82,17305.86,19771.96,0.0,107.62,Spring,Wednesday,False,False
3,SKU0003,2024-05-09,175,122.97,21518.98,10589.25,10929.73,0.0,133.72,Spring,Thursday,False,False
3,SKU0003,2024-05-10,393,119.99,47156.9,23780.43,23376.47,0.0,107.86,Spring,Friday,False,False
3,SKU0003,2024-05-11,392,115.96,45457.63,23719.92,21737.71,0.0,110.79,Spring,Saturday,False,False
3,SKU0003,2024-05-13,256,122.85,31450.06,15490.56,15959.5,0.0,138.75,Spring,Monday,False,False
3,SKU0003,2024-05-14,240,131.92,31661.14,14522.4,17138.74,0.0,133.42,Spring,Tuesday,False,False
3,SKU0003,2024-05-15,325,111.24,36153.89,19665.75,16488.14,0.0,109.39,Spring,Wednesday,False,False
3,SKU0003,2024-05-16,496,106.45,52796.9,30012.96,22783.94,19.75,138.07,Spring,Thursday,False,True
3,SKU0003,2024-05-18,322,120.74,38879.79,19484.22,19395.57,0.0,137.52,Spring,Saturday,False,False
3,SKU0003,2024-05-19,320,118.0,37761.12,19363.2,18397.92,0.0,131.74,Spring,Sunday,False,False
3,SKU0003,2024-05-20,237,127.74,30274.9,14340.87,15934.03,0.0,126.48,Spring,Monday,False,False
3,SKU0003,2024-05-21,244,124.73,30433.62,14764.44,15669.18,0.0,107.22,Spring,Tuesday,False,False
3,SKU0003,2024-05-22,616,96.57,59486.34,37274.16,22212.18,20.03,103.7,Spring,Wednesday,False,True
3,SKU0003,2024-05-23,281,122.78,34500.6,17003.31,17497.29,0.0,129.93,Spring,Thursday,False,False
3,SKU0003,2024-05-24,163,113.3,18468.11,9863.13,8604.98,0.0,126.27,Spring,Friday,False,False
3,SKU0003,2024-05-25,340,122.75,41734.57,20573.4,21161.17,0.0,105.17,Spring,Saturday,False,False
3,SKU0003,2024-05-26,298,128.17,38193.36,18031.98,20161.38,0.0,132.38,Spring,Sunday,False,False
3,SKU0003,2024-05-27,495,100.29,49644.76,29952.45,19692.31,18.05,120.6,Spring,Monday,False,True
3,SKU0003,2024-05-28,242,123.07,29783.09,14643.42,15139.67,0.0,131.55,Spring,Tuesday,False,False
3,SKU0003,2024-05-29,285,127.14,36235.85,17245.35,18990.5,0.0,135.46,Spring,Wednesday,False,False
3,SKU0003,2024-05-30,292,123.42,36038.25,17668.92,18369.33,0.0,123.01,Spring,Thursday,False,False
3,SKU0003,2024-05-31,264,111.9,29540.59,15974.64,13565.95,0.0,110.35,Spring,Friday,False,False
3,SKU0003,2024-06-01,210,122.53,25731.86,12707.1,13024.76,0.0,104.14,Summer,Saturday,False,False
3,SKU0003,2024-06-02,172,121.17,20841.04,10407.72,10433.32,0.0,122.63,Summer,Sunday,False,False
3,SKU0003,2024-06-04,133,131.82,17532.08,8047.83,9484.25,0.0,131.29,Summer,Tuesday,False,False
3,SKU0003,2024-06-05,193,119.69,23099.56,11678.43,11421.13,0.0,128.1,Summer,Wednesday,False,False
3,SKU0003,2024-06-06,166,132.78,22042.08,10044.66,11997.42,0.0,122.41,Summer,Thursday,False,False
3,SKU0003,2024-06-07,206,111.31,22930.77,12465.06,10465.71,0.0,111.48,Summer,Friday,False,False
3,SKU0003,2024-06-08,238,116.17,27648.97,14401.38,13247.59,0.0,137.63,Summer,Saturday,False,False
3,SKU0003,2024-06-09,238,114.15,27166.99,14401.38,12765.61,0.0,107.53,Summer,Sunday,False,False
3,SKU0003,2024-06-10,174,110.72,19264.9,10528.74,8736.16,0.0,116.73,Summer,Monday,False,False
3,SKU0003,2024-06-11,184,118.6,21822.59,11133.84,10688.75,0.0,112.1,Summer,Tuesday,False,False
3,SKU0003,2024-06-12,177,125.73,22253.86,10710.27,11543.59,0.0,105.43,Summer,Wednesday,False,False
3,SKU0003,2024-06-13,161,133.01,21414.56,9742.11,11672.45,0.0,109.86,Summer,Thursday,False,False
3,SKU0003,2024-06-14,188,124.83,23467.61,11375.88,12091.73,0.0,124.83,Summer,Friday,False,False
3,SKU0003,2024-06-15,249,112.63,28045.64,15066.99,12978.65,0.0,118.61,Summer,Saturday,False,False
3,SKU0003,2024-06-16,346,109.74,37969.51,20936.46,17033.05,11.16,106.86,Summer,Sunday,False,True
3,SKU0003,2024-06-17,225,110.51,24865.76,13614.75,11251.01,0.0,116.04,Summer,Monday,False,False
3,SKU0003,2024-06-18,180,115.53,20795.73,10891.8,9903.93,0.0,111.06,Summer,Tuesday,False,False
3,SKU0003,2024-06-19,330,89.09,29399.02,19968.3,9430.72,24.53,106.68,Summer,Wednesday,False,True
3,SKU0003,2024-06-20,182,113.17,20597.2,11012.82,9584.38,0.0,114.0,Summer,Thursday,False,False
3,SKU0003,2024-06-21,149,120.77,17994.54,9015.99,8978.55,0.0,128.3,Summer,Friday,False,False
3,SKU0003,2024-06-22,178,122.27,21763.62,10770.78,10992.84,0.0,135.42,Summer,Saturday,False,False
3,SKU0003,2024-06-23,172,131.83,22674.3,10407.72,12266.58,0.0,115.4,Summer,Sunday,False,False
3,SKU0003,2024-06-24,128,132.35,16940.48,7745.28,9195.2,0.0,124.46,Summer,Monday,False,False
3,SKU0003,2024-06-25,161,120.46,19394.05,9742.11,9651.94,0.0,103.21,Summer,Tuesday,False,False
3,SKU0003,2024-06-26,134,112.68,15099.32,8108.34,6990.98,0.0,116.62,Summer,Wednesday,False,False
3,SKU0003,2024-06-27,201,110.2,22149.7,12162.51,9987.19,0.0,138.25,Summer,Thursday,False,False
3,SKU0003,2024-06-28,182,114.95,20920.44,11012.82,9907.62,0.0,128.53,Summer,Friday,False,False
3,SKU0003,2024-06-29,153,132.79,20316.73,9258.03,11058.7,0.0,121.1,Summer,Saturday,False,False
3,SKU0003,2024-06-30,226,119.27,26955.39,13675.26,13280.13,0.0,134.87,Summer,Sunday,False,False
3,SKU0003,2024-07-01,204,116.3,23726.17,12344.04,11382.13,0.0,137.27,Summer,Monday,False,False
3,SKU0003,2024-07-02,135,116.49,15725.81,8168.85,7556.96,0.0,105.75,Summer,Tuesday,False,False
3,SKU0003,2024-07-03,130,131.79,17132.38,7866.3,9266.08,0.0,104.95,Summer,Wednesday,False,False
3,SKU0003,2024-07-04,190,122.33,23242.87,11496.9,11745.97,0.0,134.61,Summer,Thursday,True,False
3,SKU0003,2024-07-05,147,119.18,17519.47,8894.97,8624.5,0.0,129.4,Summer,Friday,False,False
3,SKU0003,2024-07-06,225,121.38,27311.25,13614.75,13696.5,0.0,135.11,Summer,Saturday,False,False
3,SKU0003,2024-07-07,201,118.73,23865.14,12162.51,11702.63,0.0,135.94,Summer,Sunday,False,False
3,SKU0003,2024-07-08,151,126.2,19056.73,9137.01,9919.72,0.0,130.08,Summer,Monday,False,False
3,SKU0003,2024-07-09,109,126.8,13821.67,6595.59,7226.08,0.0,132.76,Summer,Tuesday,False,False
3,SKU0003,2024-07-10,182,121.7,22149.47,11012.82,11136.65,0.0,124.92,Summer,Wednesday,False,False
3,SKU0003,2024-07-11,129,125.24,16156.49,7805.79,8350.7,0.0,121.87,Summer,Thursday,False,False
3,SKU0003,2024-07-12,195,110.74,21593.57,11799.45,9794.12,0.0,121.52,Summer,Friday,False,False
3,SKU0003,2024-07-13,215,119.15,25617.16,13009.65,12607.51,0.0,116.42,Summer,Saturday,False,False
3,SKU0003,2024-07-14,214,131.04,28042.89,12949.14,15093.75,0.0,122.44,Summer,Sunday,False,False
3,SKU0003,2024-07-15,153,111.77,17100.93,9258.03,7842.9,0.0,113.52,Summer,Monday,False,False
3,SKU0003,2024-07-16,85,126.78,10776.4,5143.35,5633.05,0.0,110.76,Summer,Tuesday,False,False
3,SKU0003,2024-07-17,151,131.5,19856.96,9137.01,10719.95,0.0,132.85,Summer,Wednesday,False,False
3,SKU0003,2024-07-18,423,96.98,41023.43,25595.73,15427.7,19.27,115.78,Summer,Thursday,False,True
3,SKU0003,2024-07-19,210,116.87,24542.76,12707.1,11835.66,0.0,103.05,Summer,Friday,False,False
3,SKU0003,2024-07-20,230,113.42,26087.47,13917.3,12170.17,0.0,106.55,Summer,Saturday,False,False
3,SKU0003,2024-07-21,214,110.97,23747.4,12949.14,10798.26,0.0,108.45,Summer,Sunday,False,False
3,SKU0003,2024-07-22,189,120.72,22815.2,11436.39,11378.81,0.0,126.71,Summer,Monday,False,False
3,SKU0003,2024-07-23,148,118.49,17536.12,8955.48,8580.64,0.0,118.42,Summer,Tuesday,False,False
3,SKU0003,2024-07-24,163,128.56,20955.38,9863.13,11092.25,0.0,118.79,Summer,Wednesday,False,False
3,SKU0003,2024-07-25,201,112.84,22679.84,12162.51,10517.33,0.0,118.62,Summer,Thursday,False,False
3,SKU0003,2024-07-26,174,129.99,22617.9,10528.74,12089.16,0.0,109.75,Summer,Friday,False,False
3,SKU0003,2024-07-27,599,93.4,55947.32,36245.49,19701.83,21.16,108.69,Summer,Saturday,False,True
3,SKU0003,2024-07-28,215,120.52,25911.55,13009.65,12901.9,0.0,112.52,Summer,Sunday,False,False
3,SKU0003,2024-07-29,152,122.23,18579.45,9197.52,9381.93,0.0,128.8,Summer,Monday,False,False
3,SKU0003,2024-07-30,154,127.42,19622.58,9318.54,10304.04,0.0,121.09,Summer,Tuesday,False,False
3,SKU0003,2024-07-31,111,129.32,14354.91,6716.61,7638.3,0.0,106.85,Summer,Wednesday,False,False
3,SKU0003,2024-08-01,176,109.43,19259.67,10649.76,8609.91,0.0,121.02,Summer,Thursday,False,False
3,SKU0003,2024-08-02,171,114.64,19603.84,10347.21,9256.63,0.0,115.29,Summer,Friday,False,False
3,SKU0003,2024-08-03,172,126.77,21803.89,10407.72,11396.17,0.0,113.38,Summer,Saturday,False,False
3,SKU0003,2024-08-04,190,127.33,24193.62,11496.9,12696.72,0.0,108.4,Summer,Sunday,False,False
3,SKU0003,2024-08-05,159,114.96,18278.02,9621.09,8656.93,0.0,134.24,Summer,Monday,False,False
3,SKU0003,2024-08-06,213,114.9,24474.76,12888.63,11586.13,0.0,110.07,Summer,Tuesday,False,False
3,SKU0003,2024-08-07,153,128.52,19663.88,9258.03,10405.85,0.0,121.1,Summer,Wednesday,False,False
3,SKU0003,2024-08-08,144,132.94,19143.61,8713.44,10430.17,0.0,125.9,Summer,Thursday,False,False
3,SKU0003,2024-08-10,181,131.41,23784.47,10952.31,12832.16,0.0,125.25,Summer,Saturday,False,False
3,SKU0003,2024-08-11,484,92.41,44724.77,29286.84,15437.93,16.11,125.86,Summer,Sunday,False,True
3,SKU0003,2024-08-12,154,117.05,18026.45,9318.54,8707.91,0.0,121.38,Summer,Monday,False,False
3,SKU0003,2024-08-13,161,116.28,18721.57,9742.11,8979.46,0.0,113.05,Summer,Tuesday,False,False
3,SKU0003,2024-08-14,164,119.04,19522.08,9923.64,9598.44,0.0,104.59,Summer,Wednesday,False,False
3,SKU0003,2024-08-15,316,86.85,27445.63,19121.16,8324.47,21.17,120.01,Summer,Thursday,False,True
3,SKU0003,2024-08-16,168,111.36,18707.95,10165.68,8542.27,0.0,137.3,Summer,Friday,False,False
3,SKU0003,2024-08-17,199,116.28,23140.65,12041.49,11099.16,0.0,103.36,Summer,Saturday,False,False
3,SKU0003,2024-08-18,204,129.78,26475.37,12344.04,14131.33,0.0,129.78,Summer,Sunday,False,False
3,SKU0003,2024-08-19,160,127.77,20442.92,9681.6,10761.32,0.0,116.36,Summer,Monday,False,False
3,SKU0003,2024-08-20,190,114.0,21660.31,11496.9,10163.41,0.0,135.08,Summer,Tuesday,False,False
3,SKU0003,2024-08-21,176,126.89,22332.92,10649.76,11683.16,0.0,124.16,Summer,Wednesday,False,False
3,SKU0003,2024-08-22,157,124.76,19586.69,9500.07,10086.62,0.0,128.45,Summer,Thursday,False,False
3,SKU0003,2024-08-23,204,110.73,22589.0,12344.04,10244.96,0.0,115.32,Summer,Friday,False,False
3,SKU0003,2024-08-24,171,132.87,22721.0,10347.21,12373.79,0.0,129.04,Summer,Saturday,False,False
3,SKU0003,2024-08-25,445,92.83,41307.25,26926.95,14380.3,18.26,134.71,Summer,Sunday,False,True
3,SKU0003,2024-08-26,135,130.87,17666.98,8168.85,9498.13,0.0,135.36,Summer,Monday,False,False
3,SKU0003,2024-08-27,99,126.28,12501.74,5990.49,6511.25,0.0,105.33,Summer,Tuesday,False,False
3,SKU0003,2024-08-28,144,131.46,18930.24,8713.44,10216.8,0.0,103.66,Summer,Wednesday,False,False
3,SKU0003,2024-08-29,192,125.78,24149.97,11617.92,12532.05,0.0,104.52,Summer,Thursday,False,False
3,SKU0003,2024-08-30,175,128.15,22425.45,10589.25,11836.2,0.0,129.76,Summer,Friday,False,False
3,SKU0003,2024-08-31,218,125.49,27356.89,13191.18,14165.71,0.0,138.14,Summer,Saturday,False,False
3,SKU0003,2024-09-01,411,127.09,52233.42,24869.61,27363.81,0.0,131.16,Fall,Sunday,False,False
3,SKU0003,2024-09-02,340,115.49,39266.34,20573.4,18692.94,0.0,108.68,Fall,Monday,False,False
3,SKU0003,2024-09-03,302,125.78,37986.0,18274.02,19711.98,0.0,131.57,Fall,Tuesday,False,False
3,SKU0003,2024-09-04,265,126.05,33402.85,16035.15,17367.7,0.0,113.88,Fall,Wednesday,False,False
3,SKU0003,2024-09-05,279,126.06,35170.91,16882.29,18288.62,0.0,109.08,Fall,Thursday,False,False
3,SKU0003,2024-09-06,619,102.54,63474.09,37455.69,26018.4,10.59,134.95,Fall,Friday,False,True
3,SKU0003,2024-09-07,476,115.46,54960.68,28802.76,26157.92,0.0,126.19,Fall,Saturday,False,False
3,SKU0003,2024-09-08,332,128.85,42777.48,20089.32,22688.16,0.0,102.92,Fall,Sunday,False,False
3,SKU0003,2024-09-09,281,123.57,34721.84,17003.31,17718.53,0.0,105.89,Fall,Monday,False,False
3,SKU0003,2024-09-10,307,122.21,37519.28,18576.57,18942.71,0.0,117.69,Fall,Tuesday,False,False
3,SKU0003,2024-09-11,360,116.78,42039.17,21783.6,20255.57,0.0,132.49,Fall,Wednesday,False,False
3,SKU0003,2024-09-12,267,114.23,30498.19,16156.17,14342.02,0.0,109.28,Fall,Thursday,False,False
3,SKU0003,2024-09-13,202,121.92,24628.84,12223.02,12405.82,0.0,131.12,Fall,Friday,False,False
3,SKU0003,2024-09-14,391,111.49,43594.29,23659.41,19934.88,0.0,116.74,Fall,Saturday,False,False
3,SKU0003,2024-09-15,273,129.98,35483.48,16519.23,18964.25,0.0,122.87,Fall,Sunday,False,False
3,SKU0003,2024-09-16,315,114.26,35991.38,19060.65,16930.73,0.0,123.98,Fall,Monday,False,False
3,SKU0003,2024-09-17,282,127.14,35853.8,17063.82,18789.98,0.0,111.28,Fall,Tuesday,False,False
3,SKU0003,2024-09-18,303,117.84,35705.69,18334.53,17371.16,0.0,106.27,Fall,Wednesday,False,False
3,SKU0003,2024-09-19,421,113.4,47739.89,25474.71,22265.18,0.0,109.72,Fall,Thursday,False,False
3,SKU0003,2024-09-20,305,126.57,38605.17,18455.55,20149.62,0.0,103.63,Fall,Friday,False,False
3,SKU0003,2024-09-21,434,113.22,49137.43,26261.34,22876.09,0.0,124.93,Fall,Saturday,False,False
3,SKU0003,2024-09-22,831,95.52,79380.98,50283.81,29097.17,13.68,138.1,Fall,Sunday,False,True
3,SKU0003,2024-09-23,256,121.67,31147.05,15490.56,15656.49,0.0,132.2,Fall,Monday,False,False
3,SKU0003,2024-09-25,284,127.4,36180.59,17184.84,18995.75,0.0,104.46,Fall,Wednesday,False,False
3,SKU0003,2024-09-26,394,110.94,43710.89,23840.94,19869.95,0.0,125.64,Fall,Thursday,False,False
3,SKU0003,2024-09-27,494,100.07,49435.55,29891.94,19543.61,24.36,129.59,Fall,Friday,False,True
3,SKU0003,2024-09-28,269,126.04,33905.1,16277.19,17627.91,0.0,120.31,Fall,Saturday,False,False
3,SKU0003,2024-09-29,428,119.67,51219.82,25898.28,25321.54,0.0,114.91,Fall,Sunday,False,False
3,SKU0003,2024-09-30,381,110.27,42013.03,23054.31,18958.72,0.0,125.65,Fall,Monday,False,False
3,SKU0003,2024-10-01,244,128.88,31447.81,14764.44,16683.37,0.0,113.64,Fall,Tuesday,False,False
3,SKU0003,2024-10-02,245,129.16,31645.24,14824.95,16820.29,0.0,135.98,Fall,Wednesday,False,False
3,SKU0003,2024-10-03,641,104.69,67109.12,38786.91,28322.21,12.21,111.07,Fall,Thursday,False,True
3,SKU0003,2024-10-04,266,118.23,31449.27,16095.66,15353.61,0.0,132.74,Fall,Friday,False,False
3,SKU0003,2024-10-05,520,113.02,58771.44,31465.2,27306.24,0.0,106.56,Fall,Saturday,False,False
3,SKU0003,2024-10-06,339,117.57,39854.97,20512.89,19342.08,0.0,107.16,Fall,Sunday,False,False
3,SKU0003,2024-10-07,301,131.18,39485.97,18213.51,21272.46,0.0,124.81,Fall,Monday,False,False
3,SKU0003,2024-10-08,294,121.76,35796.78,17789.94,18006.84,0.0,127.53,Fall,Tuesday,False,False
3,SKU0003,2024-10-09,323,125.07,40397.19,19544.73,20852.46,0.0,132.55,Fall,Wednesday,False,False
3,SKU0003,2024-10-10,326,111.43,36327.27,19726.26,16601.01,0.0,126.89,Fall,Thursday,False,False
3,SKU0003,2024-10-11,277,128.54,35605.76,16761.27,18844.49,0.0,105.64,Fall,Friday,False,False
3,SKU0003,2024-10-12,568,115.42,65558.75,34369.68,31189.07,12.23,114.49,Fall,Saturday,False,True
3,SKU0003,2024-10-13,297,126.38,37534.09,17971.47,19562.62,0.0,120.24,Fall,Sunday,False,False
3,SKU0003,2024-10-14,735,92.92,68298.52,44474.85,23823.67,24.39,106.15,Fall,Monday,False,True
3,SKU0003,2024-10-15,319,113.32,36149.09,19302.69,16846.4,0.0,114.46,Fall,Tuesday,False,False
