data/sales_data.csv
product_id,sku,date,quantity,price,revenue,cost,profit,discount_percent,competitor_price,season,day_of_week,is_holiday,promotion_active
3,SKU0003,2024-10-16,284,125.7,35699.24,17184.84,18514.4,0.0,131.68,Fall,Wednesday,False,False
3,SKU0003,2024-10-17,242,128.33,31056.59,14643.42,16413.17,0.0,111.79,Fall,Thursday,False,False
3,SKU0003,2024-10-18,192,120.95,23222.37,11617.92,11604.45,0.0,122.2,Fall,Friday,False,False
3,SKU0003,2024-10-19,377,118.23,44571.77,22812.27,21759.5,0.0,118.18,Fall,Saturday,False,False
3,SKU0003,2024-10-20,480,125.7,60337.66,29044.8,31292.86,0.0,128.39,Fall,Sunday,False,False
3,SKU0003,2024-10-21,411,108.99,44793.81,24869.61,19924.2,0.0,103.49,Fall,Monday,False,False
3,SKU0003,2024-10-22,271,132.1,35798.05,16398.21,19399.84,0.0,105.03,Fall,Tuesday,False,False
3,SKU0003,2024-10-23,269,129.46,34825.06,16277.19,18547.87,0.0,132.6,Fall,Wednesday,False,False
3,SKU0003,2024-10-24,351,112.41,39454.78,21239.01,18215.77,0.0,138.15,Fall,Thursday,False,False
3,SKU0003,2024-10-25,367,114.79,42126.98,22207.17,19919.81,0.0,104.9,Fall,Friday,False,False
3,SKU0003,2024-10-26,268,132.2,35430.54,16216.68,19213.86,0.0,116.57,Fall,Saturday,False,False
3,SKU0003,2024-10-27,694,111.67,77499.62,41993.94,35505.68,15.58,126.93,Fall,Sunday,False,True
3,SKU0003,2024-10-29,397,110.83,43999.49,24022.47,19977.02,0.0,123.53,Fall,Tuesday,False,False
3,SKU0003,2024-10-30,373,112.54,41978.07,22570.23,19407.84,0.0,129.86,Fall,Wednesday,False,False
3,SKU0003,2024-10-31,383,125.83,48191.37,23175.33,25016.04,0.0,117.81,Fall,Thursday,True,False
3,SKU0003,2024-11-01,315,127.83,40266.74,19060.65,21206.09,0.0,113.28,Fall,Friday,False,False
3,SKU0003,2024-11-04,270,125.37,33851.08,16337.7,17513.38,0.0,122.99,Fall,Monday,False,False
3,SKU0003,2024-11-05,279,131.17,36595.07,16882.29,19712.78,0.0,128.62,Fall,Tuesday,False,False
3,SKU0003,2024-11-06,430,112.71,48466.68,26019.3,22447.38,0.0,121.8,Fall,Wednesday,False,False
3,SKU0003,2024-11-07,287,111.95,32128.71,17366.37,14762.34,0.0,125.34,Fall,Thursday,False,False
3,SKU0003,2024-11-08,269,113.36,30494.95,16277.19,14217.76,0.0,123.17,Fall,Friday,False,False
3,SKU0003,2024-11-09,348,128.68,44781.33,21057.48,23723.85,0.0,114.24,Fall,Saturday,False,False
3,SKU0003,2024-11-10,341,128.94,43968.83,20633.91,23334.92,0.0,132.03,Fall,Sunday,False,False
3,SKU0003,2024-11-11,353,113.63,40111.83,21360.03,18751.8,0.0,105.69,Fall,Monday,False,False
3,SKU0003,2024-11-13,297,122.03,36241.75,17971.47,18270.28,0.0,124.55,Fall,Wednesday,False,False
3,SKU0003,2024-11-14,406,116.4,47258.38,24567.06,22691.32,0.0,126.04,Fall,Thursday,False,False
3,SKU0003,2024-11-15,557,86.98,48447.18,33704.07,14743.11,24.65,123.33,Fall,Friday,False,True
3,SKU0003,2024-11-16,381,110.02,41919.01,23054.31,18864.7,0.0,137.12,Fall,Saturday,False,False
3,SKU0003,2024-11-17,688,100.82,69361.29,41630.88,27730.41,14.24,109.94,Fall,Sunday,False,True
3,SKU0003,2024-11-18,219,126.48,27699.68,13251.69,14447.99,0.0,128.38,Fall,Monday,False,False
3,SKU0003,2024-11-19,636,93.69,59585.81,38484.36,21101.45,21.12,132.18,Fall,Tuesday,False,True
3,SKU0003,2024-11-20,379,123.13,46666.27,22933.29,23732.98,0.0,124.16,Fall,Wednesday,False,False
3,SKU0003,2024-11-21,335,115.94,38839.92,20270.85,18569.07,0.0,119.68,Fall,Thursday,False,False
3,SKU0003,2024-11-22,369,111.18,41023.95,22328.19,18695.76,0.0,134.98,Fall,Friday,False,False
3,SKU0003,2024-11-23,289,124.75,36053.54,17487.39,18566.15,0.0,108.71,Fall,Saturday,False,False
3,SKU0003,2024-11-24,439,121.41,53300.99,26563.89,26737.1,0.0,126.52,Fall,Sunday,True,False
3,SKU0003,2024-11-25,403,117.18,47224.19,24385.53,22838.66,0.0,115.18,Fall,Monday,True,False
3,SKU0003,2024-11-26,267,129.64,34612.67,16156.17,18456.5,0.0,135.2,Fall,Tuesday,False,False
3,SKU0003,2024-11-27,385,118.3,45545.62,23296.35,22249.27,0.0,125.03,Fall,Wednesday,False,False
3,SKU0003,2024-11-28,744,90.74,67512.09,45019.44,22492.65,19.42,132.08,Fall,Thursday,False,True
3,SKU0003,2024-11-29,232,129.99,30156.88,14038.32,16118.56,0.0,138.05,Fall,Friday,False,False
3,SKU0003,2024-11-30,444,111.03,49296.35,26866.44,22429.91,0.0,114.26,Fall,Saturday,False,False
3,SKU0003,2024-12-01,415,112.83,46822.91,25111.65,21711.26,0.0,116.06,Winter,Sunday,False,False
3,SKU0003,2024-12-02,768,88.82,68210.38,46471.68,21738.7,21.58,120.05,Winter,Monday,False,True
3,SKU0003,2024-12-03,318,130.14,41383.45,19242.18,22141.27,0.0,107.97,Winter,Tuesday,False,False
3,SKU0003,2024-12-05,261,118.62,30960.43,15793.11,15167.32,0.0,136.16,Winter,Thursday,False,False
3,SKU0003,2024-12-06,244,117.79,28741.83,14764.44,13977.39,0.0,137.43,Winter,Friday,False,False
3,SKU0003,2024-12-07,315,125.43,39510.45,19060.65,20449.8,0.0,112.41,Winter,Saturday,False,False
3,SKU0003,2024-12-08,349,125.44,43778.06,21117.99,22660.07,0.0,126.24,Winter,Sunday,False,False
3,SKU0003,2024-12-09,359,114.84,41228.83,21723.09,19505.74,0.0,103.16,Winter,Monday,False,False
3,SKU0003,2024-12-10,304,115.95,35249.76,18395.04,16854.72,0.0,117.36,Winter,Tuesday,False,False
3,SKU0003,2024-12-11,532,98.28,52284.4,32191.32,20093.08,16.93,119.78,Winter,Wednesday,False,True
3,SKU0003,2024-12-12,261,130.7,34113.92,15793.11,18320.81,0.0,105.98,Winter,Thursday,False,False
3,SKU0003,2024-12-13,222,131.12,29109.57,13433.22,15676.35,0.0,130.76,Winter,Friday,False,False
3,SKU0003,2024-12-14,479,116.87,55982.82,28984.29,26998.53,0.0,139.04,Winter,Saturday,False,False
3,SKU0003,2024-12-15,246,125.92,30975.4,14885.46,16089.94,0.0,112.97,Winter,Sunday,False,False
3,SKU0003,2024-12-16,622,93.47,58141.37,37637.22,20504.15,17.05,114.49,Winter,Monday,False,True
3,SKU0003,2024-12-17,666,104.08,69315.26,40299.66,29015.6,15.7,115.99,Winter,Tuesday,False,True
3,SKU0003,2024-12-18,291,120.38,35029.53,17608.41,17421.12,0.0,134.38,Winter,Wednesday,False,False
3,SKU0003,2024-12-19,264,125.47,33122.91,15974.64,17148.27,0.0,125.95,Winter,Thursday,False,False
3,SKU0003,2024-12-20,579,92.82,53739.98,35035.29,18704.69,16.08,128.72,Winter,Friday,False,True
3,SKU0003,2024-12-21,334,121.62,40620.99,20210.34,20410.65,0.0,112.29,Winter,Saturday,False,False
3,SKU0003,2024-12-22,476,111.16,52909.99,28802.76,24107.23,0.0,115.28,Winter,Sunday,False,False
3,SKU0003,2024-12-23,214,112.9,24160.68,12949.14,11211.54,0.0,118.08,Winter,Monday,False,False
3,SKU0003,2024-12-24,334,125.59,41947.21,20210.34,21736.87,0.0,128.16,Winter,Tuesday,False,False
3,SKU0003,2024-12-25,277,125.69,34815.85,16761.27,18054.58,0.0,103.23,Winter,Wednesday,True,False
3,SKU0003,2024-12-26,349,123.37,43056.44,21117.99,21938.45,0.0,127.12,Winter,Thursday,True,False
3,SKU0003,2024-12-27,285,116.75,33274.78,17245.35,16029.43,0.0,136.96,Winter,Friday,False,False
3,SKU0003,2024-12-28,350,126.75,44362.34,21178.5,23183.84,0.0,108.33,Winter,Saturday,False,False
3,SKU0003,2024-12-29,295,112.49,33183.89,17850.45,15333.44,0.0,106.99,Winter,Sunday,False,False
3,SKU0003,2024-12-30,317,118.75,37645.08,19181.67,18463.41,0.0,103.0,Winter,Monday,False,False
3,SKU0003,2024-12-31,339,129.07,43754.08,20512.89,23241.19,0.0,119.18,Winter,Tuesday,False,False
4,SKU0004,2023-01-01,259,27.84,7211.11,5881.89,1329.22,0.0,34.63,Winter,Sunday,True,False
4,SKU0004,2023-01-02,206,30.56,6295.17,4678.26,1616.91,0.0,29.17,Winter,Monday,False,False
4,SKU0004,2023-01-03,175,33.02,5778.43,3974.25,1804.18,0.0,30.98,Winter,Tuesday,False,False
4,SKU0004,2023-01-04,306,28.88,8838.52,6949.26,1889.26,10.24,30.3,Winter,Wednesday,False,True
4,SKU0004,2023-01-05,199,31.49,6265.93,4519.29,1746.64,0.0,29.88,Winter,Thursday,False,False
4,SKU0004,2023-01-06,184,29.38,5406.84,4178.64,1228.2,0.0,30.49,Winter,Friday,False,False
4,SKU0004,2023-01-07,268,27.94,7487.55,6086.28,1401.27,0.0,29.63,Winter,Saturday,False,False
4,SKU0004,2023-01-08,305,30.85,9410.67,6926.55,2484.12,0.0,29.2,Winter,Sunday,False,False
4,SKU0004,2023-01-09,193,31.42,6064.42,4383.03,1681.39,0.0,28.31,Winter,Monday,False,False
4,SKU0004,2023-01-10,216,32.85,7096.6,4905.36,2191.24,0.0,34.78,Winter,Tuesday,False,False
4,SKU0004,2023-01-11,168,27.88,4683.96,3815.28,868.68,0.0,31.34,Winter,Wednesday,False,False
4,SKU0004,2023-01-12,173,30.26,5234.67,3928.83,1305.84,0.0,34.16,Winter,Thursday,False,False
4,SKU0004,2023-01-14,298,29.8,8880.22,6767.58,2112.64,0.0,29.87,Winter,Saturday,False,False
4,SKU0004,2023-01-15,261,28.44,7421.88,5927.31,1494.57,0.0,26.87,Winter,Sunday,False,False
4,SKU0004,2023-01-16,186,32.79,6098.45,4224.06,1874.39,0.0,33.19,Winter,Monday,False,False
4,SKU0004,2023-01-18,167,28.61,4777.56,3792.57,984.99,0.0,33.73,Winter,Wednesday,False,False
4,SKU0004,2023-01-19,214,32.33,6918.59,4859.94,2058.65,0.0,29.51,Winter,Thursday,False,False
4,SKU0004,2023-01-20,221,32.7,7227.48,5018.91,2208.57,0.0,25.88,Winter,Friday,False,False
4,SKU0004,2023-01-21,228,29.52,6730.42,5177.88,1552.54,0.0,33.19,Winter,Saturday,False,False
4,SKU0004,2023-01-22,228,29.28,6676.14,5177.88,1498.26,0.0,34.76,Winter,Sunday,False,False
4,SKU0004,2023-01-23,202,33.15,6695.79,4587.42,2108.37,0.0,31.59,Winter,Monday,False,False
4,SKU0004,2023-01-24,184,32.1,5907.3,4178.64,1728.66,0.0,26.91,Winter,Tuesday,False,False
4,SKU0004,2023-01-25,192,33.17,6368.81,4360.32,2008.49,0.0,33.95,Winter,Wednesday,False,False
4,SKU0004,2023-01-26,266,29.9,7953.64,6040.86,1912.78,0.0,33.02,Winter,Thursday,False,False
4,SKU0004,2023-01-27,192,31.08,5966.59,4360.32,1606.27,0.0,33.4,Winter,Friday,False,False
4,SKU0004,2023-01-28,233,28.83,6716.91,5291.43,1425.48,0.0,34.36,Winter,Saturday,False,False
4,SKU0004,2023-01-29,226,27.82,6286.6,5132.46,1154.14,0.0,31.45,Winter,Sunday,False,False
4,SKU0004,2023-01-30,233,27.42,6388.97,5291.43,1097.54,0.0,34.1,Winter,Monday,False,False
4,SKU0004,2023-01-31,304,23.32,7088.87,6903.84,185.03,21.14,29.86,Winter,Tuesday,False,True
4,SKU0004,2023-02-01,184,29.42,5413.42,4178.64,1234.78,0.0,33.89,Winter,Wednesday,False,False
4,SKU0004,2023-02-02,241,30.49,7349.17,5473.11,1876.06,0.0,32.82,Winter,Thursday,False,False
4,SKU0004,2023-02-03,239,31.92,7628.28,5427.69,2200.59,0.0,28.24,Winter,Friday,False,False
4,SKU0004,2023-02-04,218,31.05,6769.28,4950.78,1818.5,0.0,31.0,Winter,Saturday,False,False
4,SKU0004,2023-02-05,175,30.03,5255.68,3974.25,1281.43,0.0,26.71,Winter,Sunday,False,False
4,SKU0004,2023-02-06,225,32.67,7350.69,5109.75,2240.94,0.0,30.23,Winter,Monday,False,False
4,SKU0004,2023-02-07,176,32.33,5689.88,3996.96,1692.92,0.0,30.2,Winter,Tuesday,False,False
4,SKU0004,2023-02-08,365,20.94,7644.06,8289.15,-645.09,24.39,31.98,Winter,Wednesday,False,True
4,SKU0004,2023-02-09,144,29.15,4197.75,3270.24,927.51,0.0,33.08,Winter,Thursday,False,False
4,SKU0004,2023-02-10,238,27.31,6500.59,5404.98,1095.61,0.0,30.89,Winter,Friday,False,False
4,SKU0004,2023-02-11,206,27.44,5653.15,4678.26,974.89,0.0,34.77,Winter,Saturday,False,False
4,SKU0004,2023-02-12,266,30.97,8238.13,6040.86,2197.27,0.0,27.18,Winter,Sunday,False,False
4,SKU0004,2023-02-13,195,32.86,6408.36,4428.45,1979.91,0.0,26.01,Winter,Monday,False,False
4,SKU0004,2023-02-14,331,26.62,8812.03,7517.01,1295.02,12.29,26.78,Winter,Tuesday,True,True
4,SKU0004,2023-02-15,192,29.24,5613.23,4360.32,1252.91,0.0,32.35,Winter,Wednesday,False,False
4,SKU0004,2023-02-16,226,28.87,6525.19,5132.46,1392.73,0.0,34.4,Winter,Thursday,False,False
4,SKU0004,2023-02-17,204,30.59,6240.74,4632.84,1607.9,0.0,32.51,Winter,Friday,False,False
4,SKU0004,2023-02-18,263,30.36,7983.8,5972.73,2011.07,0.0,27.49,Winter,Saturday,False,False
4,SKU0004,2023-02-19,309,31.41,9706.56,7017.39,2689.17,0.0,28.29,Winter,Sunday,False,False
4,SKU0004,2023-02-20,153,30.79,4710.35,3474.63,1235.72,0.0,28.57,Winter,Monday,False,False
4,SKU0004,2023-02-21,242,33.03,7992.77,5495.82,2496.95,0.0,33.76,Winter,Tuesday,False,False
4,SKU0004,2023-02-22,201,31.78,6387.04,4564.71,1822.33,0.0,31.4,Winter,Wednesday,False,False
4,SKU0004,2023-02-23,175,29.85,5224.09,3974.25,1249.84,0.0,29.14,Winter,Thursday,False,False
4,SKU0004,2023-02-24,167,27.64,4616.08,3792.57,823.51,0.0,26.04,Winter,Friday,False,False
4,SKU0004,2023-02-25,233,30.81,7177.82,5291.43,1886.39,0.0,33.25,Winter,Saturday,False,False
4,SKU0004,2023-02-26,266,33.1,8803.78,6040.86,2762.92,0.0,26.01,Winter,Sunday,False,False
4,SKU0004,2023-02-27,200,29.21,5841.23,4542.0,1299.23,0.0,28.99,Winter,Monday,False,False
4,SKU0004,2023-02-28,366,26.36,9649.58,8311.86,1337.72,15.58,26.85,Winter,Tuesday,False,True
4,SKU0004,2023-03-01,164,27.32,4480.15,3724.44,755.71,0.0,29.97,Spring,Wednesday,False,False
4,SKU0004,2023-03-02,195,32.69,6375.48,4428.45,1947.03,0.0,29.24,Spring,Thursday,False,False
4,SKU0004,2023-03-03,163,30.45,4962.55,3701.73,1260.82,0.0,28.26,Spring,Friday,False,False
4,SKU0004,2023-03-04,248,32.6,8085.2,5632.08,2453.12,0.0,26.42,Spring,Saturday,False,False
4,SKU0004,2023-03-05,276,29.81,8226.49,6267.96,1958.53,0.0,28.62,Spring,Sunday,False,False
4,SKU0004,2023-03-06,193,28.45,5490.04,4383.03,1107.01,0.0,30.27,Spring,Monday,False,False
4,SKU0004,2023-03-07,123,29.8,3665.77,2793.33,872.44,0.0,27.29,Spring,Tuesday,False,False
4,SKU0004,2023-03-08,209,29.57,6180.25,4746.39,1433.86,0.0,28.33,Spring,Wednesday,False,False
4,SKU0004,2023-03-09,209,32.44,6779.24,4746.39,2032.85,0.0,34.02,Spring,Thursday,False,False
4,SKU0004,2023-03-10,208,32.35,6728.59,4723.68,2004.91,0.0,33.88,Spring,Friday,False,False
4,SKU0004,2023-03-11,298,27.49,8191.7,6767.58,1424.12,0.0,26.37,Spring,Saturday,False,False
4,SKU0004,2023-03-12,305,25.42,7752.2,6926.55,825.65,20.85,32.58,Spring,Sunday,False,True
4,SKU0004,2023-03-13,221,30.62,6767.43,5018.91,1748.52,0.0,31.3,Spring,Monday,False,False
4,SKU0004,2023-03-14,234,31.47,7363.92,5314.14,2049.78,0.0,33.45,Spring,Tuesday,False,False
4,SKU0004,2023-03-15,152,27.99,4254.07,3451.92,802.15,0.0,31.35,Spring,Wednesday,False,False
4,SKU0004,2023-03-16,320,24.74,7918.26,7267.2,651.06,10.16,28.67,Spring,Thursday,False,True
4,SKU0004,2023-03-17,187,29.89,5589.52,4246.77,1342.75,0.0,27.47,Spring,Friday,False,False
4,SKU0004,2023-03-18,241,29.49,7106.11,5473.11,1633.0,0.0,34.73,Spring,Saturday,False,False
4,SKU0004,2023-03-19,247,32.51,8029.65,5609.37,2420.28,0.0,32.87,Spring,Sunday,False,False
4,SKU0004,2023-03-20,180,32.99,5937.82,4087.8,1850.02,0.0,28.73,Spring,Monday,False,False
4,SKU0004,2023-03-21,177,32.17,5694.52,4019.67,1674.85,0.0,27.29,Spring,Tuesday,False,False
4,SKU0004,2023-03-22,203,30.04,6098.52,4610.13,1488.39,0.0,33.57,Spring,Wednesday,False,False
4,SKU0004,2023-03-23,164,32.63,5351.08,3724.44,1626.64,0.0,29.49,Spring,Thursday,False,False
4,SKU0004,2023-03-24,174,27.99,4870.8,3951.54,919.26,0.0,30.99,Spring,Friday,False,False
4,SKU0004,2023-03-25,257,33.16,8523.35,5836.47,2686.88,0.0,32.38,Spring,Saturday,False,False
4,SKU0004,2023-03-26,204,28.85,5885.33,4632.84,1252.49,0.0,26.49,Spring,Sunday,False,False
4,SKU0004,2023-03-27,215,32.54,6995.69,4882.65,2113.04,0.0,32.42,Spring,Monday,False,False
4,SKU0004,2023-03-28,223,27.72,6182.56,5064.33,1118.23,0.0,26.29,Spring,Tuesday,False,False
4,SKU0004,2023-03-29,236,22.2,5238.78,5359.56,-120.78,22.28,26.69,Spring,Wednesday,False,True
4,SKU0004,2023-03-30,180,30.83,5549.08,4087.8,1461.28,0.0,33.54,Spring,Thursday,False,False
4,SKU0004,2023-03-31,241,29.14,7022.84,5473.11,1549.73,0.0,27.14,Spring,Friday,False,False
4,SKU0004,2023-04-01,200,32.79,6557.59,4542.0,2015.59,0.0,29.04,Spring,Saturday,False,False
4,SKU0004,2023-04-02,219,32.51,7119.2,4973.49,2145.71,0.0,32.82,Spring,Sunday,False,False
4,SKU0004,2023-04-03,219,28.93,6336.68,4973.49,1363.19,0.0,28.53,Spring,Monday,False,False
4,SKU0004,2023-04-04,223,31.18,6952.83,5064.33,1888.5,0.0,33.7,Spring,Tuesday,False,False
4,SKU0004,2023-04-05,198,28.71,5684.35,4496.58,1187.77,0.0,27.44,Spring,Wednesday,False,False
4,SKU0004,2023-04-06,273,26.01,7101.24,6199.83,901.41,16.79,34.16,Spring,Thursday,False,True
4,SKU0004,2023-04-07,363,26.2,9511.97,8243.73,1268.24,12.26,30.35,Spring,Friday,False,True
4,SKU0004,2023-04-08,457,25.59,11693.93,10378.47,1315.46,11.47,32.39,Spring,Saturday,False,True
4,SKU0004,2023-04-09,282,29.03,8187.16,6404.22,1782.94,0.0,31.13,Spring,Sunday,False,False
4,SKU0004,2023-04-10,204,30.24,6169.23,4632.84,1536.39,0.0,31.93,Spring,Monday,False,False
4,SKU0004,2023-04-11,171,33.06,5653.18,3883.41,1769.77,0.0,26.22,Spring,Tuesday,False,False
4,SKU0004,2023-04-12,264,25.69,6782.82,5995.44,787.38,10.99,27.8,Spring,Wednesday,False,True
4,SKU0004,2023-04-13,214,31.59,6759.62,4859.94,1899.68,0.0,26.66,Spring,Thursday,False,False
4,SKU0004,2023-04-14,208,32.58,6776.31,4723.68,2052.63,0.0,27.61,Spring,Friday,False,False
4,SKU0004,2023-04-15,296,29.36,8689.75,6722.16,1967.59,0.0,31.15,Spring,Saturday,False,False
4,SKU0004,2023-04-16,275,27.82,7651.25,6245.25,1406.0,0.0,32.1,Spring,Sunday,False,False
4,SKU0004,2023-04-17,158,29.1,4597.96,3588.18,1009.78,0.0,27.91,Spring,Monday,False,False
4,SKU0004,2023-04-18,242,27.67,6696.77,5495.82,1200.95,0.0,33.91,Spring,Tuesday,False,False
4,SKU0004,2023-04-19,178,27.33,4864.58,4042.38,822.2,0.0,28.77,Spring,Wednesday,False,False
4,SKU0004,2023-04-20,193,28.85,5568.01,4383.03,1184.98,0.0,31.91,Spring,Thursday,False,False
4,SKU0004,2023-04-21,207,30.85,6385.8,4700.97,1684.83,0.0,31.04,Spring,Friday,False,False
4,SKU0004,2023-04-22,321,28.75,9229.05,7289.91,1939.14,0.0,33.18,Spring,Saturday,False,False
4,SKU0004,2023-04-23,342,33.25,11371.48,7766.82,3604.66,0.0,30.51,Spring,Sunday,False,False
4,SKU0004,2023-04-24,226,28.14,6359.57,5132.46,1227.11,0.0,28.51,Spring,Monday,False,False
4,SKU0004,2023-04-25,197,29.99,5908.63,4473.87,1434.76,0.0,34.73,Spring,Tuesday,False,False
4,SKU0004,2023-04-26,218,30.2,6583.21,4950.78,1632.43,0.0,25.86,Spring,Wednesday,False,False
4,SKU0004,2023-04-27,225,31.55,7099.36,5109.75,1989.61,0.0,32.77,Spring,Thursday,False,False
4,SKU0004,2023-04-28,186,32.72,6085.09,4224.06,1861.03,0.0,26.76,Spring,Friday,False,False
4,SKU0004,2023-04-30,243,32.44,7882.32,5518.53,2363.79,0.0,27.02,Spring,Sunday,False,False
4,SKU0004,2023-05-01,221,28.73,6349.75,5018.91,1330.84,0.0,34.58,Spring,Monday,False,False
4,SKU0004,2023-05-02,217,31.76,6891.89,4928.07,1963.82,0.0,34.41,Spring,Tuesday,False,False
