data/sales_data.csv
product_id,sku,date,quantity,price,revenue,cost,profit,discount_percent,competitor_price,season,day_of_week,is_holiday,promotion_active
4,SKU0004,2023-05-03,207,33.1,6851.45,4700.97,2150.48,0.0,31.9,Spring,Wednesday,False,False
4,SKU0004,2023-05-04,228,29.97,6833.79,5177.88,1655.91,0.0,30.52,Spring,Thursday,False,False
4,SKU0004,2023-05-05,180,31.36,5645.6,4087.8,1557.8,0.0,29.29,Spring,Friday,False,False
4,SKU0004,2023-05-06,213,33.27,7086.79,4837.23,2249.56,0.0,26.11,Spring,Saturday,False,False
4,SKU0004,2023-05-07,204,29.33,5983.5,4632.84,1350.66,0.0,29.68,Spring,Sunday,False,False
4,SKU0004,2023-05-08,207,33.12,6854.83,4700.97,2153.86,0.0,28.36,Spring,Monday,False,False
4,SKU0004,2023-05-09,225,30.27,6811.54,5109.75,1701.79,0.0,29.97,Spring,Tuesday,False,False
4,SKU0004,2023-05-10,208,33.11,6886.08,4723.68,2162.4,0.0,31.77,Spring,Wednesday,False,False
4,SKU0004,2023-05-11,257,29.0,7452.41,5836.47,1615.94,0.0,25.88,Spring,Thursday,False,False
4,SKU0004,2023-05-12,312,23.49,7329.67,7085.52,244.15,18.9,28.52,Spring,Friday,False,True
4,SKU0004,2023-05-14,205,29.37,6021.45,4655.55,1365.9,0.0,33.54,Spring,Sunday,False,False
4,SKU0004,2023-05-15,186,31.91,5934.96,4224.06,1710.9,0.0,26.52,Spring,Monday,False,False
4,SKU0004,2023-05-16,214,33.28,7122.62,4859.94,2262.68,0.0,31.05,Spring,Tuesday,False,False
4,SKU0004,2023-05-17,351,23.69,8315.66,7971.21,344.45,17.1,33.11,Spring,Wednesday,False,True
4,SKU0004,2023-05-18,194,29.81,5783.34,4405.74,1377.6,0.0,26.63,Spring,Thursday,False,False
4,SKU0004,2023-05-19,202,29.08,5874.37,4587.42,1286.95,0.0,30.86,Spring,Friday,False,False
4,SKU0004,2023-05-20,189,29.2,5519.73,4292.19,1227.54,0.0,31.95,Spring,Saturday,False,False
4,SKU0004,2023-05-21,236,28.07,6625.4,5359.56,1265.84,0.0,28.47,Spring,Sunday,False,False
4,SKU0004,2023-05-22,347,24.72,8579.05,7880.37,698.68,19.42,29.15,Spring,Monday,False,True
4,SKU0004,2023-05-23,220,29.9,6577.52,4996.2,1581.32,0.0,29.75,Spring,Tuesday,False,False
4,SKU0004,2023-05-24,210,32.91,6911.86,4769.1,2142.76,0.0,29.99,Spring,Wednesday,False,False
4,SKU0004,2023-05-25,204,29.8,6078.91,4632.84,1446.07,0.0,25.99,Spring,Thursday,False,False
4,SKU0004,2023-05-26,195,33.05,6444.86,4428.45,2016.41,0.0,32.6,Spring,Friday,False,False
4,SKU0004,2023-05-27,221,29.08,6427.4,5018.91,1408.49,0.0,30.39,Spring,Saturday,False,False
4,SKU0004,2023-05-28,266,30.54,8124.18,6040.86,2083.32,0.0,28.4,Spring,Sunday,False,False
4,SKU0004,2023-05-29,216,29.63,6400.07,4905.36,1494.71,0.0,25.79,Spring,Monday,False,False
4,SKU0004,2023-05-30,210,32.55,6835.6,4769.1,2066.5,0.0,26.23,Spring,Tuesday,False,False
4,SKU0004,2023-05-31,276,25.9,7149.38,6267.96,881.42,19.75,26.62,Spring,Wednesday,False,True
4,SKU0004,2023-06-01,150,30.17,4525.17,3406.5,1118.67,0.0,26.29,Summer,Thursday,False,False
4,SKU0004,2023-06-02,255,31.34,7990.74,5791.05,2199.69,0.0,26.22,Summer,Friday,False,False
4,SKU0004,2023-06-03,254,28.12,7143.75,5768.34,1375.41,0.0,30.24,Summer,Saturday,False,False
4,SKU0004,2023-06-04,228,31.34,7146.41,5177.88,1968.53,0.0,28.47,Summer,Sunday,False,False
4,SKU0004,2023-06-06,206,31.42,6471.94,4678.26,1793.68,0.0,25.74,Summer,Tuesday,False,False
4,SKU0004,2023-06-07,265,27.98,7416.02,6018.15,1397.87,0.0,27.59,Summer,Wednesday,False,False
4,SKU0004,2023-06-08,236,32.29,7621.62,5359.56,2262.06,0.0,26.24,Summer,Thursday,False,False
4,SKU0004,2023-06-09,246,29.7,7306.69,5586.66,1720.03,0.0,33.19,Summer,Friday,False,False
4,SKU0004,2023-06-10,211,30.56,6448.78,4791.81,1656.97,0.0,31.93,Summer,Saturday,False,False
4,SKU0004,2023-06-11,312,30.99,9668.73,7085.52,2583.21,0.0,31.52,Summer,Sunday,False,False
4,SKU0004,2023-06-12,225,32.21,7247.06,5109.75,2137.31,0.0,27.29,Summer,Monday,False,False
4,SKU0004,2023-06-13,209,30.56,6387.6,4746.39,1641.21,0.0,28.37,Summer,Tuesday,False,False
4,SKU0004,2023-06-14,219,33.06,7240.2,4973.49,2266.71,0.0,31.8,Summer,Wednesday,False,False
4,SKU0004,2023-06-15,160,31.48,5036.32,3633.6,1402.72,0.0,29.53,Summer,Thursday,False,False
4,SKU0004,2023-06-16,245,27.42,6718.24,5563.95,1154.29,0.0,30.86,Summer,Friday,False,False
4,SKU0004,2023-06-17,349,23.36,8153.5,7925.79,227.71,19.68,31.37,Summer,Saturday,False,True
4,SKU0004,2023-06-18,322,24.74,7966.79,7312.62,654.17,24.44,32.31,Summer,Sunday,False,True
4,SKU0004,2023-06-19,165,33.2,5477.59,3747.15,1730.44,0.0,33.51,Summer,Monday,False,False
4,SKU0004,2023-06-20,262,29.36,7693.51,5950.02,1743.49,0.0,29.29,Summer,Tuesday,False,False
4,SKU0004,2023-06-21,297,26.45,7856.78,6744.87,1111.91,15.28,28.82,Summer,Wednesday,False,True
4,SKU0004,2023-06-22,267,32.02,8548.34,6063.57,2484.77,0.0,32.67,Summer,Thursday,False,False
4,SKU0004,2023-06-23,206,29.64,6105.35,4678.26,1427.09,0.0,31.6,Summer,Friday,False,False
4,SKU0004,2023-06-24,198,30.11,5961.57,4496.58,1464.99,0.0,30.97,Summer,Saturday,False,False
4,SKU0004,2023-06-25,217,31.95,6932.67,4928.07,2004.6,0.0,26.91,Summer,Sunday,False,False
4,SKU0004,2023-06-26,254,33.04,8391.31,5768.34,2622.97,0.0,31.35,Summer,Monday,False,False
4,SKU0004,2023-06-27,225,27.52,6192.92,5109.75,1083.17,0.0,27.18,Summer,Tuesday,False,False
4,SKU0004,2023-06-28,328,21.2,6952.5,7448.88,-496.38,24.01,32.64,Summer,Wednesday,False,True
4,SKU0004,2023-06-29,222,32.15,7136.99,5041.62,2095.37,0.0,27.89,Summer,Thursday,False,False
4,SKU0004,2023-06-30,245,28.31,6934.9,5563.95,1370.95,0.0,32.6,Summer,Friday,False,False
4,SKU0004,2023-07-01,322,27.64,8900.67,7312.62,1588.05,0.0,26.78,Summer,Saturday,False,False
4,SKU0004,2023-07-02,336,27.69,9304.97,7630.56,1674.41,0.0,31.25,Summer,Sunday,False,False
4,SKU0004,2023-07-03,203,32.85,6667.54,4610.13,2057.41,0.0,32.09,Summer,Monday,False,False
4,SKU0004,2023-07-04,222,33.24,7379.41,5041.62,2337.79,0.0,27.55,Summer,Tuesday,True,False
4,SKU0004,2023-07-05,209,29.9,6249.43,4746.39,1503.04,0.0,27.57,Summer,Wednesday,False,False
4,SKU0004,2023-07-06,225,32.18,7240.64,5109.75,2130.89,0.0,27.48,Summer,Thursday,False,False
4,SKU0004,2023-07-07,188,31.06,5839.64,4269.48,1570.16,0.0,27.59,Summer,Friday,False,False
4,SKU0004,2023-07-08,221,32.66,7218.25,5018.91,2199.34,0.0,29.44,Summer,Saturday,False,False
4,SKU0004,2023-07-09,290,27.69,8029.47,6585.9,1443.57,0.0,32.37,Summer,Sunday,False,False
4,SKU0004,2023-07-10,218,31.14,6788.82,4950.78,1838.04,0.0,33.3,Summer,Monday,False,False
4,SKU0004,2023-07-11,223,30.12,6716.97,5064.33,1652.64,0.0,31.36,Summer,Tuesday,False,False
4,SKU0004,2023-07-12,202,28.09,5673.57,4587.42,1086.15,0.0,29.62,Summer,Wednesday,False,False
4,SKU0004,2023-07-13,222,27.68,6145.22,5041.62,1103.6,0.0,32.85,Summer,Thursday,False,False
4,SKU0004,2023-07-14,197,27.97,5509.34,4473.87,1035.47,0.0,31.2,Summer,Friday,False,False
4,SKU0004,2023-07-15,309,28.61,8840.08,7017.39,1822.69,0.0,34.12,Summer,Saturday,False,False
4,SKU0004,2023-07-16,303,31.51,9547.84,6881.13,2666.71,0.0,33.65,Summer,Sunday,False,False
4,SKU0004,2023-07-17,166,27.7,4599.01,3769.86,829.15,0.0,33.49,Summer,Monday,False,False
4,SKU0004,2023-07-18,191,30.28,5783.53,4337.61,1445.92,0.0,26.25,Summer,Tuesday,False,False
4,SKU0004,2023-07-19,177,27.92,4942.45,4019.67,922.78,0.0,34.07,Summer,Wednesday,False,False
4,SKU0004,2023-07-20,208,27.43,5706.18,4723.68,982.5,0.0,28.11,Summer,Thursday,False,False
4,SKU0004,2023-07-21,214,31.88,6823.01,4859.94,1963.07,0.0,30.71,Summer,Friday,False,False
4,SKU0004,2023-07-22,202,32.85,6635.46,4587.42,2048.04,0.0,33.72,Summer,Saturday,False,False
4,SKU0004,2023-07-23,237,27.69,6563.37,5382.27,1181.1,0.0,33.95,Summer,Sunday,False,False
4,SKU0004,2023-07-25,221,33.0,7294.03,5018.91,2275.12,0.0,31.3,Summer,Tuesday,False,False
4,SKU0004,2023-07-26,349,23.19,8092.82,7925.79,167.03,24.2,26.12,Summer,Wednesday,False,True
4,SKU0004,2023-07-27,302,24.34,7349.21,6858.42,490.79,19.76,28.49,Summer,Thursday,False,True
4,SKU0004,2023-07-29,370,24.86,9196.88,8402.7,794.18,22.17,33.55,Summer,Saturday,False,True
4,SKU0004,2023-07-30,251,31.72,7961.94,5700.21,2261.73,0.0,26.21,Summer,Sunday,False,False
4,SKU0004,2023-07-31,273,31.46,8589.56,6199.83,2389.73,0.0,29.62,Summer,Monday,False,False
4,SKU0004,2023-08-01,268,29.9,8014.34,6086.28,1928.06,0.0,34.66,Summer,Tuesday,False,False
4,SKU0004,2023-08-02,183,28.42,5201.72,4155.93,1045.79,0.0,26.26,Summer,Wednesday,False,False
4,SKU0004,2023-08-03,248,30.82,7642.53,5632.08,2010.45,0.0,32.53,Summer,Thursday,False,False
4,SKU0004,2023-08-04,243,32.06,7789.49,5518.53,2270.96,0.0,34.74,Summer,Friday,False,False
4,SKU0004,2023-08-05,335,24.6,8239.98,7607.85,632.13,22.19,26.89,Summer,Saturday,False,True
4,SKU0004,2023-08-06,310,27.52,8530.2,7040.1,1490.1,0.0,31.69,Summer,Sunday,False,False
4,SKU0004,2023-08-07,278,29.02,8068.35,6313.38,1754.97,0.0,30.09,Summer,Monday,False,False
4,SKU0004,2023-08-08,191,27.72,5293.97,4337.61,956.36,0.0,30.68,Summer,Tuesday,False,False
4,SKU0004,2023-08-09,188,31.7,5960.44,4269.48,1690.96,0.0,34.05,Summer,Wednesday,False,False
4,SKU0004,2023-08-10,251,31.57,7924.26,5700.21,2224.05,0.0,32.83,Summer,Thursday,False,False
4,SKU0004,2023-08-11,228,31.21,7115.99,5177.88,1938.11,0.0,28.17,Summer,Friday,False,False
4,SKU0004,2023-08-12,288,30.3,8726.65,6540.48,2186.17,0.0,33.92,Summer,Saturday,False,False
4,SKU0004,2023-08-13,277,31.02,8592.0,6290.67,2301.33,0.0,27.59,Summer,Sunday,False,False
4,SKU0004,2023-08-14,226,33.16,7494.68,5132.46,2362.22,0.0,32.48,Summer,Monday,False,False
4,SKU0004,2023-08-15,179,29.51,5281.79,4065.09,1216.7,0.0,27.03,Summer,Tuesday,False,False
4,SKU0004,2023-08-16,253,31.48,7964.73,5745.63,2219.1,0.0,29.86,Summer,Wednesday,False,False
4,SKU0004,2023-08-18,216,29.58,6388.97,4905.36,1483.61,0.0,26.51,Summer,Friday,False,False
4,SKU0004,2023-08-19,262,30.94,8107.49,5950.02,2157.47,0.0,33.58,Summer,Saturday,False,False
4,SKU0004,2023-08-20,213,27.52,5861.97,4837.23,1024.74,0.0,27.41,Summer,Sunday,False,False
4,SKU0004,2023-08-21,248,27.57,6836.98,5632.08,1204.9,0.0,30.66,Summer,Monday,False,False
4,SKU0004,2023-08-22,250,27.41,6852.35,5677.5,1174.85,0.0,33.85,Summer,Tuesday,False,False
4,SKU0004,2023-08-23,213,32.75,6975.22,4837.23,2137.99,0.0,31.11,Summer,Wednesday,False,False
4,SKU0004,2023-08-24,262,29.32,7680.99,5950.02,1730.97,0.0,29.68,Summer,Thursday,False,False
4,SKU0004,2023-08-25,207,31.67,6555.32,4700.97,1854.35,0.0,26.26,Summer,Friday,False,False
4,SKU0004,2023-08-26,291,29.6,8614.3,6608.61,2005.69,0.0,31.9,Summer,Saturday,False,False
4,SKU0004,2023-08-27,218,32.93,7179.26,4950.78,2228.48,0.0,30.94,Summer,Sunday,False,False
4,SKU0004,2023-08-28,221,30.39,6717.19,5018.91,1698.28,0.0,29.2,Summer,Monday,False,False
4,SKU0004,2023-08-29,209,32.85,6866.02,4746.39,2119.63,0.0,25.88,Summer,Tuesday,False,False
4,SKU0004,2023-08-30,221,33.01,7295.44,5018.91,2276.53,0.0,28.01,Summer,Wednesday,False,False
4,SKU0004,2023-08-31,212,29.3,6210.77,4814.52,1396.25,0.0,31.33,Summer,Thursday,False,False
4,SKU0004,2023-09-01,195,31.24,6092.64,4428.45,1664.19,0.0,33.1,Fall,Friday,False,False
4,SKU0004,2023-09-02,280,28.0,7841.34,6358.8,1482.54,0.0,28.65,Fall,Saturday,False,False
4,SKU0004,2023-09-03,232,28.33,6573.65,5268.72,1304.93,0.0,29.73,Fall,Sunday,False,False
4,SKU0004,2023-09-04,147,33.1,4865.91,3338.37,1527.54,0.0,33.41,Fall,Monday,False,False
4,SKU0004,2023-09-05,264,27.61,7288.19,5995.44,1292.75,0.0,28.25,Fall,Tuesday,False,False
4,SKU0004,2023-09-06,247,29.15,7200.97,5609.37,1591.6,0.0,27.37,Fall,Wednesday,False,False
4,SKU0004,2023-09-07,165,28.92,4772.51,3747.15,1025.36,0.0,26.89,Fall,Thursday,False,False
4,SKU0004,2023-09-08,229,28.14,6444.43,5200.59,1243.84,0.0,26.19,Fall,Friday,False,False
4,SKU0004,2023-09-09,232,27.49,6376.56,5268.72,1107.84,0.0,33.56,Fall,Saturday,False,False
4,SKU0004,2023-09-10,261,27.51,7179.09,5927.31,1251.78,0.0,26.29,Fall,Sunday,False,False
4,SKU0004,2023-09-11,215,28.82,6196.48,4882.65,1313.83,0.0,31.9,Fall,Monday,False,False
4,SKU0004,2023-09-12,197,29.39,5790.18,4473.87,1316.31,0.0,31.19,Fall,Tuesday,False,False
4,SKU0004,2023-09-13,184,27.72,5100.7,4178.64,922.06,0.0,30.38,Fall,Wednesday,False,False
4,SKU0004,2023-09-14,183,29.22,5348.17,4155.93,1192.24,0.0,33.21,Fall,Thursday,False,False
4,SKU0004,2023-09-15,172,31.14,5355.95,3906.12,1449.83,0.0,27.04,Fall,Friday,False,False
4,SKU0004,2023-09-16,207,32.03,6629.2,4700.97,1928.23,0.0,29.45,Fall,Saturday,False,False
4,SKU0004,2023-09-17,240,30.1,7224.59,5450.4,1774.19,0.0,31.39,Fall,Sunday,False,False
4,SKU0004,2023-09-18,187,27.52,5146.64,4246.77,899.87,0.0,34.02,Fall,Monday,False,False
4,SKU0004,2023-09-19,341,24.1,8216.8,7744.11,472.69,22.12,32.83,Fall,Tuesday,False,True
4,SKU0004,2023-09-20,245,30.77,7539.5,5563.95,1975.55,0.0,27.69,Fall,Wednesday,False,False
4,SKU0004,2023-09-21,191,27.45,5242.84,4337.61,905.23,0.0,29.2,Fall,Thursday,False,False
4,SKU0004,2023-09-22,216,27.73,5989.05,4905.36,1083.69,0.0,34.24,Fall,Friday,False,False
4,SKU0004,2023-09-23,260,30.3,7878.3,5904.6,1973.7,0.0,30.72,Fall,Saturday,False,False
4,SKU0004,2023-09-24,254,31.69,8049.6,5768.34,2281.26,0.0,30.53,Fall,Sunday,False,False
4,SKU0004,2023-09-25,309,24.73,7642.29,7017.39,624.9,17.87,28.18,Fall,Monday,False,True
4,SKU0004,2023-09-26,228,29.03,6618.11,5177.88,1440.23,0.0,27.95,Fall,Tuesday,False,False
4,SKU0004,2023-09-27,218,29.44,6418.81,4950.78,1468.03,0.0,32.53,Fall,Wednesday,False,False
4,SKU0004,2023-09-28,167,28.71,4794.87,3792.57,1002.3,0.0,33.73,Fall,Thursday,False,False
4,SKU0004,2023-09-29,231,29.38,6787.62,5246.01,1541.61,0.0,34.05,Fall,Friday,False,False
4,SKU0004,2023-09-30,272,30.92,8409.48,6177.12,2232.36,0.0,29.54,Fall,Saturday,False,False
4,SKU0004,2023-10-01,209,32.26,6742.13,4746.39,1995.74,0.0,30.62,Fall,Sunday,False,False
4,SKU0004,2023-10-02,204,29.72,6062.99,4632.84,1430.15,0.0,26.99,Fall,Monday,False,False
4,SKU0004,2023-10-03,226,28.99,6551.6,5132.46,1419.14,0.0,26.48,Fall,Tuesday,False,False
4,SKU0004,2023-10-04,188,33.21,6242.83,4269.48,1973.35,0.0,31.48,Fall,Wednesday,False,False
4,SKU0004,2023-10-05,227,32.7,7423.27,5155.17,2268.1,0.0,25.88,Fall,Thursday,False,False
4,SKU0004,2023-10-06,278,28.85,8019.47,6313.38,1706.09,0.0,34.19,Fall,Friday,False,False
4,SKU0004,2023-10-08,189,31.43,5940.44,4292.19,1648.25,0.0,26.94,Fall,Sunday,False,False
4,SKU0004,2023-10-09,204,32.82,6694.3,4632.84,2061.46,0.0,28.96,Fall,Monday,False,False
4,SKU0004,2023-10-10,222,30.62,6798.71,5041.62,1757.09,0.0,26.82,Fall,Tuesday,False,False
4,SKU0004,2023-10-11,189,32.69,6178.87,4292.19,1886.68,0.0,31.34,Fall,Wednesday,False,False
4,SKU0004,2023-10-12,255,27.53,7019.12,5791.05,1228.07,0.0,28.96,Fall,Thursday,False,False
4,SKU0004,2023-10-13,162,29.73,4815.96,3679.02,1136.94,0.0,33.32,Fall,Friday,False,False
4,SKU0004,2023-10-14,268,30.14,8077.88,6086.28,1991.6,0.0,27.4,Fall,Saturday,False,False
4,SKU0004,2023-10-15,213,32.8,6986.69,4837.23,2149.46,0.0,26.5,Fall,Sunday,False,False
4,SKU0004,2023-10-16,252,30.85,7773.33,5722.92,2050.41,0.0,31.64,Fall,Monday,False,False
4,SKU0004,2023-10-17,263,29.91,7865.83,5972.73,1893.1,0.0,31.08,Fall,Tuesday,False,False
4,SKU0004,2023-10-18,184,27.84,5122.34,4178.64,943.7,0.0,28.84,Fall,Wednesday,False,False
4,SKU0004,2023-10-19,179,32.69,5850.8,4065.09,1785.71,0.0,33.41,Fall,Thursday,False,False
4,SKU0004,2023-10-20,231,29.21,6746.79,5246.01,1500.78,0.0,27.36,Fall,Friday,False,False
4,SKU0004,2023-10-21,222,32.18,7144.29,5041.62,2102.67,0.0,34.72,Fall,Saturday,False,False
4,SKU0004,2023-10-22,240,30.4,7295.01,5450.4,1844.61,0.0,31.33,Fall,Sunday,False,False
4,SKU0004,2023-10-23,303,25.56,7745.81,6881.13,864.68,11.78,29.73,Fall,Monday,False,True
4,SKU0004,2023-10-24,146,29.0,4233.86,3315.66,918.2,0.0,34.72,Fall,Tuesday,False,False
4,SKU0004,2023-10-25,195,32.85,6405.92,4428.45,1977.47,0.0,27.02,Fall,Wednesday,False,False
4,SKU0004,2023-10-26,176,32.33,5690.38,3996.96,1693.42,0.0,25.99,Fall,Thursday,False,False
4,SKU0004,2023-10-27,180,33.06,5951.68,4087.8,1863.88,0.0,33.0,Fall,Friday,False,False
4,SKU0004,2023-10-28,420,28.94,12154.55,9538.2,2616.35,10.39,34.29,Fall,Saturday,False,True
4,SKU0004,2023-10-29,193,31.69,6115.31,4383.03,1732.28,0.0,33.29,Fall,Sunday,False,False
4,SKU0004,2023-10-30,233,27.92,6504.39,5291.43,1212.96,0.0,33.41,Fall,Monday,False,False
4,SKU0004,2023-10-31,252,29.87,7527.19,5722.92,1804.27,0.0,33.59,Fall,Tuesday,True,False
4,SKU0004,2023-11-01,190,31.68,6019.73,4314.9,1704.83,0.0,28.95,Fall,Wednesday,False,False
4,SKU0004,2023-11-02,339,25.35,8594.74,7698.69,896.05,20.91,30.34,Fall,Thursday,False,True
4,SKU0004,2023-11-03,210,31.07,6524.92,4769.1,1755.82,0.0,32.8,Fall,Friday,False,False
4,SKU0004,2023-11-04,267,29.16,7785.32,6063.57,1721.75,0.0,29.67,Fall,Saturday,False,False
4,SKU0004,2023-11-05,271,32.06,8688.71,6154.41,2534.3,0.0,33.38,Fall,Sunday,False,False
4,SKU0004,2023-11-07,191,27.3,5214.35,4337.61,876.74,0.0,29.16,Fall,Tuesday,False,False
4,SKU0004,2023-11-08,166,31.33,5200.75,3769.86,1430.89,0.0,27.11,Fall,Wednesday,False,False
4,SKU0004,2023-11-09,173,31.69,5483.14,3928.83,1554.31,0.0,27.54,Fall,Thursday,False,False
4,SKU0004,2023-11-10,281,33.01,9275.88,6381.51,2894.37,0.0,32.55,Fall,Friday,False,False
4,SKU0004,2023-11-11,452,22.58,10205.89,10264.92,-59.03,18.37,27.36,Fall,Saturday,False,True
4,SKU0004,2023-11-12,196,28.85,5653.65,4451.16,1202.49,0.0,31.04,Fall,Sunday,False,False
4,SKU0004,2023-11-13,162,30.18,4889.89,3679.02,1210.87,0.0,27.37,Fall,Monday,False,False
4,SKU0004,2023-11-14,221,28.66,6333.05,5018.91,1314.14,0.0,30.14,Fall,Tuesday,False,False
4,SKU0004,2023-11-15,220,29.63,6517.99,4996.2,1521.79,0.0,30.11,Fall,Wednesday,False,False
4,SKU0004,2023-11-16,350,21.45,7506.94,7948.5,-441.56,23.21,28.35,Fall,Thursday,False,True
4,SKU0004,2023-11-17,196,29.22,5727.63,4451.16,1276.47,0.0,26.79,Fall,Friday,False,False
4,SKU0004,2023-11-18,241,29.18,7033.17,5473.11,1560.06,0.0,32.07,Fall,Saturday,False,False
4,SKU0004,2023-11-19,248,31.94,7920.48,5632.08,2288.4,0.0,33.05,Fall,Sunday,False,False
4,SKU0004,2023-11-20,205,29.75,6098.15,4655.55,1442.6,0.0,28.38,Fall,Monday,False,False
4,SKU0004,2023-11-21,130,32.64,4243.29,2952.3,1290.99,0.0,26.29,Fall,Tuesday,False,False
