data/sales_data.csv
product_id,sku,date,quantity,price,revenue,cost,profit,discount_percent,competitor_price,season,day_of_week,is_holiday,promotion_active
4,SKU0004,2023-11-22,198,28.84,5709.58,4496.58,1213.0,0.0,29.29,Fall,Wednesday,False,False
4,SKU0004,2023-11-23,177,29.67,5250.95,4019.67,1231.28,0.0,28.18,Fall,Thursday,False,False
4,SKU0004,2023-11-24,272,29.31,7972.34,6177.12,1795.22,0.0,28.54,Fall,Friday,True,False
4,SKU0004,2023-11-25,453,30.72,13915.75,10287.63,3628.12,0.0,27.61,Fall,Saturday,True,False
4,SKU0004,2023-11-26,247,32.99,8149.11,5609.37,2539.74,0.0,28.73,Fall,Sunday,False,False
4,SKU0004,2023-11-27,200,27.37,5474.53,4542.0,932.53,0.0,33.03,Fall,Monday,False,False
4,SKU0004,2023-11-28,352,24.05,8467.31,7993.92,473.39,23.68,30.76,Fall,Tuesday,False,True
4,SKU0004,2023-11-29,216,30.39,6564.87,4905.36,1659.51,0.0,27.54,Fall,Wednesday,False,False
4,SKU0004,2023-11-30,214,30.5,6526.19,4859.94,1666.25,0.0,27.82,Fall,Thursday,False,False
4,SKU0004,2023-12-01,213,32.77,6979.35,4837.23,2142.12,0.0,27.7,Winter,Friday,False,False
4,SKU0004,2023-12-03,286,29.15,8335.6,6495.06,1840.54,11.54,30.14,Winter,Sunday,False,True
4,SKU0004,2023-12-04,219,29.08,6368.01,4973.49,1394.52,0.0,32.75,Winter,Monday,False,False
4,SKU0004,2023-12-05,177,28.9,5115.66,4019.67,1095.99,0.0,32.86,Winter,Tuesday,False,False
4,SKU0004,2023-12-06,225,28.05,6310.46,5109.75,1200.71,0.0,28.19,Winter,Wednesday,False,False
4,SKU0004,2023-12-07,276,21.93,6052.46,6267.96,-215.5,20.83,29.51,Winter,Thursday,False,True
4,SKU0004,2023-12-08,280,26.12,7314.5,6358.8,955.7,19.07,32.42,Winter,Friday,False,True
4,SKU0004,2023-12-09,237,28.43,6737.57,5382.27,1355.3,0.0,28.57,Winter,Saturday,False,False
4,SKU0004,2023-12-11,235,28.48,6692.65,5336.85,1355.8,0.0,31.7,Winter,Monday,False,False
4,SKU0004,2023-12-12,167,29.02,4845.63,3792.57,1053.06,0.0,34.52,Winter,Tuesday,False,False
4,SKU0004,2023-12-13,203,30.18,6126.37,4610.13,1516.24,0.0,30.58,Winter,Wednesday,False,False
4,SKU0004,2023-12-14,187,27.36,5115.62,4246.77,868.85,0.0,29.31,Winter,Thursday,False,False
4,SKU0004,2023-12-15,163,30.56,4981.62,3701.73,1279.89,0.0,27.77,Winter,Friday,False,False
4,SKU0004,2023-12-16,236,29.66,6999.37,5359.56,1639.81,0.0,29.1,Winter,Saturday,False,False
4,SKU0004,2023-12-17,228,31.14,7101.04,5177.88,1923.16,0.0,33.09,Winter,Sunday,False,False
4,SKU0004,2023-12-18,284,27.83,7903.63,6449.64,1453.99,0.0,33.59,Winter,Monday,False,False
4,SKU0004,2023-12-19,219,28.77,6299.71,4973.49,1326.22,0.0,31.34,Winter,Tuesday,False,False
4,SKU0004,2023-12-20,157,31.63,4966.02,3565.47,1400.55,0.0,27.85,Winter,Wednesday,False,False
4,SKU0004,2023-12-21,188,28.78,5410.31,4269.48,1140.83,0.0,28.81,Winter,Thursday,False,False
4,SKU0004,2023-12-22,236,29.2,6890.88,5359.56,1531.32,0.0,29.43,Winter,Friday,False,False
4,SKU0004,2023-12-23,482,24.73,11919.75,10946.22,973.53,21.33,30.69,Winter,Saturday,False,True
4,SKU0004,2023-12-24,182,31.2,5678.5,4133.22,1545.28,0.0,32.18,Winter,Sunday,False,False
4,SKU0004,2023-12-25,183,32.45,5938.72,4155.93,1782.79,0.0,26.48,Winter,Monday,True,False
4,SKU0004,2023-12-26,331,31.49,10422.09,7517.01,2905.08,0.0,32.61,Winter,Tuesday,True,False
4,SKU0004,2023-12-27,209,31.78,6642.6,4746.39,1896.21,0.0,29.71,Winter,Wednesday,False,False
4,SKU0004,2023-12-28,182,27.49,5002.92,4133.22,869.7,0.0,27.29,Winter,Thursday,False,False
4,SKU0004,2023-12-29,218,30.2,6584.13,4950.78,1633.35,0.0,30.71,Winter,Friday,False,False
4,SKU0004,2023-12-30,148,29.05,4299.27,3361.08,938.19,0.0,28.41,Winter,Saturday,False,False
4,SKU0004,2023-12-31,239,31.35,7492.65,5427.69,2064.96,0.0,31.33,Winter,Sunday,False,False
4,SKU0004,2024-01-01,272,31.19,8483.61,6177.12,2306.49,0.0,30.49,Winter,Monday,True,False
4,SKU0004,2024-01-02,227,30.97,7030.28,5155.17,1875.11,0.0,30.46,Winter,Tuesday,False,False
4,SKU0004,2024-01-03,171,30.06,5139.44,3883.41,1256.03,0.0,34.16,Winter,Wednesday,False,False
4,SKU0004,2024-01-04,199,32.41,6450.41,4519.29,1931.12,0.0,30.5,Winter,Thursday,False,False
4,SKU0004,2024-01-05,181,27.31,4943.38,4110.51,832.87,0.0,27.1,Winter,Friday,False,False
4,SKU0004,2024-01-06,361,28.3,10216.38,8198.31,2018.07,14.68,32.04,Winter,Saturday,False,True
4,SKU0004,2024-01-07,212,29.26,6202.43,4814.52,1387.91,0.0,30.0,Winter,Sunday,False,False
4,SKU0004,2024-01-08,191,29.37,5610.5,4337.61,1272.89,0.0,27.79,Winter,Monday,False,False
4,SKU0004,2024-01-09,166,32.87,5456.63,3769.86,1686.77,0.0,33.19,Winter,Tuesday,False,False
4,SKU0004,2024-01-10,220,30.79,6774.14,4996.2,1777.94,0.0,31.41,Winter,Wednesday,False,False
4,SKU0004,2024-01-11,232,28.79,6680.38,5268.72,1411.66,0.0,31.73,Winter,Thursday,False,False
4,SKU0004,2024-01-12,308,22.27,6859.04,6994.68,-135.64,20.96,28.13,Winter,Friday,False,True
4,SKU0004,2024-01-13,238,32.08,7634.55,5404.98,2229.57,0.0,32.7,Winter,Saturday,False,False
4,SKU0004,2024-01-14,185,31.93,5906.51,4201.35,1705.16,0.0,28.26,Winter,Sunday,False,False
4,SKU0004,2024-01-15,187,32.53,6082.89,4246.77,1836.12,0.0,30.04,Winter,Monday,False,False
4,SKU0004,2024-01-16,196,32.0,6271.23,4451.16,1820.07,0.0,26.57,Winter,Tuesday,False,False
4,SKU0004,2024-01-17,289,28.14,8132.22,6563.19,1569.03,0.0,33.68,Winter,Wednesday,False,False
4,SKU0004,2024-01-18,163,32.68,5326.5,3701.73,1624.77,0.0,30.39,Winter,Thursday,False,False
4,SKU0004,2024-01-19,243,31.28,7600.62,5518.53,2082.09,0.0,30.28,Winter,Friday,False,False
4,SKU0004,2024-01-20,277,30.64,8488.45,6290.67,2197.78,0.0,29.24,Winter,Saturday,False,False
4,SKU0004,2024-01-21,256,29.14,7459.85,5813.76,1646.09,0.0,30.56,Winter,Sunday,False,False
4,SKU0004,2024-01-22,248,32.35,8023.37,5632.08,2391.29,0.0,34.33,Winter,Monday,False,False
4,SKU0004,2024-01-23,209,31.56,6596.02,4746.39,1849.63,0.0,30.83,Winter,Tuesday,False,False
4,SKU0004,2024-01-24,209,32.03,6694.26,4746.39,1947.87,0.0,30.81,Winter,Wednesday,False,False
4,SKU0004,2024-01-26,239,30.07,7187.82,5427.69,1760.13,0.0,32.36,Winter,Friday,False,False
4,SKU0004,2024-01-27,280,30.64,8579.79,6358.8,2220.99,0.0,34.27,Winter,Saturday,False,False
4,SKU0004,2024-01-28,225,28.34,6375.61,5109.75,1265.86,0.0,25.83,Winter,Sunday,False,False
4,SKU0004,2024-01-30,202,27.82,5620.03,4587.42,1032.61,0.0,28.04,Winter,Tuesday,False,False
4,SKU0004,2024-02-02,244,28.78,7023.39,5541.24,1482.15,0.0,34.56,Winter,Friday,False,False
4,SKU0004,2024-02-03,219,32.48,7113.0,4973.49,2139.51,0.0,34.8,Winter,Saturday,False,False
4,SKU0004,2024-02-04,240,30.22,7253.1,5450.4,1802.7,0.0,33.69,Winter,Sunday,False,False
4,SKU0004,2024-02-06,325,28.65,9311.33,7380.75,1930.58,12.3,33.65,Winter,Tuesday,False,True
4,SKU0004,2024-02-07,134,29.79,3992.25,3043.14,949.11,0.0,26.25,Winter,Wednesday,False,False
4,SKU0004,2024-02-08,190,27.63,5249.59,4314.9,934.69,0.0,30.68,Winter,Thursday,False,False
4,SKU0004,2024-02-09,213,28.43,6055.16,4837.23,1217.93,0.0,25.89,Winter,Friday,False,False
4,SKU0004,2024-02-10,278,32.39,9004.11,6313.38,2690.73,0.0,32.18,Winter,Saturday,False,False
4,SKU0004,2024-02-11,222,30.81,6838.92,5041.62,1797.3,0.0,30.43,Winter,Sunday,False,False
4,SKU0004,2024-02-12,146,29.69,4335.27,3315.66,1019.61,0.0,31.82,Winter,Monday,False,False
4,SKU0004,2024-02-13,325,26.6,8644.23,7380.75,1263.48,17.52,26.5,Winter,Tuesday,False,True
4,SKU0004,2024-02-14,241,28.92,6969.86,5473.11,1496.75,0.0,30.33,Winter,Wednesday,True,False
4,SKU0004,2024-02-15,162,31.77,5147.52,3679.02,1468.5,0.0,25.77,Winter,Thursday,False,False
4,SKU0004,2024-02-16,185,29.38,5434.51,4201.35,1233.16,0.0,30.9,Winter,Friday,False,False
4,SKU0004,2024-02-17,234,30.68,7179.32,5314.14,1865.18,0.0,26.79,Winter,Saturday,False,False
4,SKU0004,2024-02-18,319,27.62,8811.15,7244.49,1566.66,12.78,34.51,Winter,Sunday,False,True
4,SKU0004,2024-02-19,132,32.03,4227.77,2997.72,1230.05,0.0,29.14,Winter,Monday,False,False
4,SKU0004,2024-02-20,334,27.3,9119.36,7585.14,1534.22,13.7,31.57,Winter,Tuesday,False,True
4,SKU0004,2024-02-21,246,28.41,6988.67,5586.66,1402.01,0.0,26.94,Winter,Wednesday,False,False
4,SKU0004,2024-02-22,322,27.53,8865.47,7312.62,1552.85,12.67,28.6,Winter,Thursday,False,True
4,SKU0004,2024-02-23,171,28.39,4855.03,3883.41,971.62,0.0,27.35,Winter,Friday,False,False
4,SKU0004,2024-02-24,231,31.48,7271.05,5246.01,2025.04,0.0,30.19,Winter,Saturday,False,False
4,SKU0004,2024-02-25,245,29.36,7194.35,5563.95,1630.4,0.0,29.82,Winter,Sunday,False,False
4,SKU0004,2024-02-27,224,29.59,6627.64,5087.04,1540.6,0.0,27.65,Winter,Tuesday,False,False
4,SKU0004,2024-02-28,181,29.35,5312.89,4110.51,1202.38,0.0,32.97,Winter,Wednesday,False,False
4,SKU0004,2024-02-29,201,31.49,6329.31,4564.71,1764.6,0.0,33.28,Winter,Thursday,False,False
4,SKU0004,2024-03-01,223,27.8,6199.76,5064.33,1135.43,0.0,28.08,Spring,Friday,False,False
4,SKU0004,2024-03-02,306,27.44,8397.39,6949.26,1448.13,0.0,31.72,Spring,Saturday,False,False
4,SKU0004,2024-03-03,275,28.1,7727.15,6245.25,1481.9,0.0,29.12,Spring,Sunday,False,False
4,SKU0004,2024-03-05,202,31.06,6274.94,4587.42,1687.52,0.0,25.81,Spring,Tuesday,False,False
4,SKU0004,2024-03-06,247,29.28,7231.92,5609.37,1622.55,0.0,26.65,Spring,Wednesday,False,False
4,SKU0004,2024-03-07,217,29.11,6316.18,4928.07,1388.11,0.0,27.43,Spring,Thursday,False,False
4,SKU0004,2024-03-08,258,26.74,6897.89,5859.18,1038.71,16.85,29.69,Spring,Friday,False,True
4,SKU0004,2024-03-09,285,32.3,9206.44,6472.35,2734.09,0.0,29.13,Spring,Saturday,False,False
4,SKU0004,2024-03-10,264,31.36,8279.39,5995.44,2283.95,0.0,34.56,Spring,Sunday,False,False
4,SKU0004,2024-03-11,184,31.87,5864.77,4178.64,1686.13,0.0,30.34,Spring,Monday,False,False
4,SKU0004,2024-03-12,183,31.94,5844.98,4155.93,1689.05,0.0,29.38,Spring,Tuesday,False,False
4,SKU0004,2024-03-13,328,23.12,7583.02,7448.88,134.14,23.84,34.51,Spring,Wednesday,False,True
4,SKU0004,2024-03-14,221,28.45,6288.31,5018.91,1269.4,0.0,32.57,Spring,Thursday,False,False
4,SKU0004,2024-03-15,210,29.27,6146.6,4769.1,1377.5,0.0,34.55,Spring,Friday,False,False
4,SKU0004,2024-03-16,248,31.89,7908.68,5632.08,2276.6,0.0,29.9,Spring,Saturday,False,False
4,SKU0004,2024-03-17,317,27.26,8640.5,7199.07,1441.43,0.0,33.76,Spring,Sunday,False,False
4,SKU0004,2024-03-18,242,27.74,6712.78,5495.82,1216.96,0.0,27.58,Spring,Monday,False,False
4,SKU0004,2024-03-19,324,22.91,7422.68,7358.04,64.64,20.27,29.14,Spring,Tuesday,False,True
4,SKU0004,2024-03-20,233,29.34,6836.12,5291.43,1544.69,0.0,31.98,Spring,Wednesday,False,False
4,SKU0004,2024-03-21,165,32.78,5408.72,3747.15,1661.57,0.0,33.29,Spring,Thursday,False,False
4,SKU0004,2024-03-22,209,31.87,6661.47,4746.39,1915.08,0.0,26.91,Spring,Friday,False,False
4,SKU0004,2024-03-23,317,28.06,8895.22,7199.07,1696.15,0.0,33.9,Spring,Saturday,False,False
4,SKU0004,2024-03-24,230,31.68,7285.28,5223.3,2061.98,0.0,29.32,Spring,Sunday,False,False
4,SKU0004,2024-03-25,271,23.83,6458.77,6154.41,304.36,21.11,27.75,Spring,Monday,False,True
4,SKU0004,2024-03-26,178,31.9,5678.57,4042.38,1636.19,0.0,28.83,Spring,Tuesday,False,False
4,SKU0004,2024-03-27,167,30.95,5168.58,3792.57,1376.01,0.0,34.05,Spring,Wednesday,False,False
4,SKU0004,2024-03-28,183,28.09,5140.14,4155.93,984.21,0.0,27.66,Spring,Thursday,False,False
4,SKU0004,2024-03-29,193,29.31,5656.55,4383.03,1273.52,0.0,29.61,Spring,Friday,False,False
4,SKU0004,2024-03-30,192,29.59,5682.15,4360.32,1321.83,0.0,26.05,Spring,Saturday,False,False
4,SKU0004,2024-03-31,244,29.81,7272.67,5541.24,1731.43,0.0,31.94,Spring,Sunday,False,False
4,SKU0004,2024-04-01,229,30.07,6885.47,5200.59,1684.88,0.0,31.97,Spring,Monday,False,False
4,SKU0004,2024-04-02,169,32.48,5488.29,3837.99,1650.3,0.0,25.85,Spring,Tuesday,False,False
4,SKU0004,2024-04-03,246,30.73,7560.14,5586.66,1973.48,0.0,29.87,Spring,Wednesday,False,False
4,SKU0004,2024-04-04,209,33.07,6910.64,4746.39,2164.25,0.0,32.75,Spring,Thursday,False,False
4,SKU0004,2024-04-05,237,28.82,6829.96,5382.27,1447.69,0.0,31.22,Spring,Friday,False,False
4,SKU0004,2024-04-06,219,29.98,6565.36,4973.49,1591.87,0.0,30.04,Spring,Saturday,False,False
4,SKU0004,2024-04-07,272,30.49,8293.85,6177.12,2116.73,0.0,32.87,Spring,Sunday,False,False
4,SKU0004,2024-04-08,168,30.47,5119.3,3815.28,1304.02,0.0,31.87,Spring,Monday,False,False
4,SKU0004,2024-04-09,231,29.29,6766.82,5246.01,1520.81,0.0,31.1,Spring,Tuesday,False,False
4,SKU0004,2024-04-10,202,32.17,6499.25,4587.42,1911.83,0.0,29.87,Spring,Wednesday,False,False
4,SKU0004,2024-04-11,327,25.53,8349.71,7426.17,923.54,11.82,29.07,Spring,Thursday,False,True
4,SKU0004,2024-04-12,163,31.41,5119.63,3701.73,1417.9,0.0,28.8,Spring,Friday,False,False
4,SKU0004,2024-04-13,204,32.21,6571.43,4632.84,1938.59,0.0,27.36,Spring,Saturday,False,False
4,SKU0004,2024-04-14,274,27.36,7496.12,6222.54,1273.58,0.0,31.52,Spring,Sunday,False,False
4,SKU0004,2024-04-16,220,28.76,6326.69,4996.2,1330.49,0.0,26.6,Spring,Tuesday,False,False
4,SKU0004,2024-04-17,158,31.08,4911.42,3588.18,1323.24,0.0,28.23,Spring,Wednesday,False,False
4,SKU0004,2024-04-18,224,31.42,7039.1,5087.04,1952.06,0.0,33.24,Spring,Thursday,False,False
4,SKU0004,2024-04-19,161,31.69,5101.95,3656.31,1445.64,0.0,29.9,Spring,Friday,False,False
4,SKU0004,2024-04-20,390,25.91,10104.55,8856.9,1247.65,12.2,31.53,Spring,Saturday,False,True
4,SKU0004,2024-04-21,267,29.56,7893.82,6063.57,1830.25,0.0,26.45,Spring,Sunday,False,False
4,SKU0004,2024-04-22,177,31.79,5626.75,4019.67,1607.08,0.0,25.94,Spring,Monday,False,False
4,SKU0004,2024-04-23,223,28.81,6424.08,5064.33,1359.75,0.0,33.76,Spring,Tuesday,False,False
4,SKU0004,2024-04-24,210,29.88,6274.15,4769.1,1505.05,0.0,27.48,Spring,Wednesday,False,False
4,SKU0004,2024-04-25,188,29.09,5468.58,4269.48,1199.1,0.0,33.5,Spring,Thursday,False,False
4,SKU0004,2024-04-26,167,32.09,5359.11,3792.57,1566.54,0.0,30.03,Spring,Friday,False,False
4,SKU0004,2024-04-27,171,29.9,5112.58,3883.41,1229.17,0.0,32.81,Spring,Saturday,False,False
4,SKU0004,2024-04-28,251,31.32,7860.88,5700.21,2160.67,0.0,34.0,Spring,Sunday,False,False
4,SKU0004,2024-04-29,157,28.9,4537.83,3565.47,972.36,0.0,25.91,Spring,Monday,False,False
4,SKU0004,2024-04-30,211,28.04,5915.99,4791.81,1124.18,0.0,31.18,Spring,Tuesday,False,False
4,SKU0004,2024-05-01,196,29.18,5719.04,4451.16,1267.88,0.0,25.9,Spring,Wednesday,False,False
4,SKU0004,2024-05-02,230,27.64,6356.72,5223.3,1133.42,0.0,32.21,Spring,Thursday,False,False
4,SKU0004,2024-05-03,191,30.81,5885.17,4337.61,1547.56,0.0,28.72,Spring,Friday,False,False
4,SKU0004,2024-05-05,272,29.35,7983.09,6177.12,1805.97,0.0,29.93,Spring,Sunday,False,False
4,SKU0004,2024-05-06,217,28.53,6190.49,4928.07,1262.42,0.0,31.85,Spring,Monday,False,False
4,SKU0004,2024-05-07,219,27.45,6010.98,4973.49,1037.49,0.0,34.53,Spring,Tuesday,False,False
4,SKU0004,2024-05-08,215,30.65,6590.05,4882.65,1707.4,0.0,27.62,Spring,Wednesday,False,False
4,SKU0004,2024-05-09,157,29.49,4629.59,3565.47,1064.12,0.0,28.6,Spring,Thursday,False,False
4,SKU0004,2024-05-10,233,27.43,6391.43,5291.43,1100.0,0.0,27.25,Spring,Friday,False,False
4,SKU0004,2024-05-11,266,29.87,7944.18,6040.86,1903.32,0.0,25.95,Spring,Saturday,False,False
4,SKU0004,2024-05-12,204,30.62,6246.85,4632.84,1614.01,0.0,27.87,Spring,Sunday,False,False
4,SKU0004,2024-05-13,200,28.05,5609.91,4542.0,1067.91,0.0,33.46,Spring,Monday,False,False
4,SKU0004,2024-05-14,322,21.46,6911.5,7312.62,-401.12,24.88,27.36,Spring,Tuesday,False,True
4,SKU0004,2024-05-15,193,31.96,6168.41,4383.03,1785.38,0.0,29.38,Spring,Wednesday,False,False
4,SKU0004,2024-05-16,207,31.8,6582.96,4700.97,1881.99,0.0,31.18,Spring,Thursday,False,False
4,SKU0004,2024-05-17,248,29.45,7303.94,5632.08,1671.86,0.0,33.78,Spring,Friday,False,False
4,SKU0004,2024-05-18,276,31.87,8794.79,6267.96,2526.83,0.0,30.6,Spring,Saturday,False,False
4,SKU0004,2024-05-19,189,32.45,6133.89,4292.19,1841.7,0.0,29.95,Spring,Sunday,False,False
4,SKU0004,2024-05-20,221,29.97,6624.23,5018.91,1605.32,0.0,27.35,Spring,Monday,False,False
4,SKU0004,2024-05-21,241,30.48,7345.16,5473.11,1872.05,0.0,29.95,Spring,Tuesday,False,False
4,SKU0004,2024-05-22,207,32.75,6778.52,4700.97,2077.55,0.0,31.67,Spring,Wednesday,False,False
4,SKU0004,2024-05-23,236,29.74,7017.87,5359.56,1658.31,0.0,31.36,Spring,Thursday,False,False
4,SKU0004,2024-05-24,260,31.01,8061.62,5904.6,2157.02,0.0,31.18,Spring,Friday,False,False
4,SKU0004,2024-05-25,270,32.98,8904.03,6131.7,2772.33,0.0,28.01,Spring,Saturday,False,False
4,SKU0004,2024-05-26,251,30.11,7557.59,5700.21,1857.38,0.0,29.1,Spring,Sunday,False,False
4,SKU0004,2024-05-27,226,32.6,7368.18,5132.46,2235.72,0.0,30.75,Spring,Monday,False,False
4,SKU0004,2024-05-28,200,32.4,6480.29,4542.0,1938.29,0.0,29.09,Spring,Tuesday,False,False
4,SKU0004,2024-05-29,208,28.31,5889.12,4723.68,1165.44,0.0,34.11,Spring,Wednesday,False,False
4,SKU0004,2024-05-30,194,29.03,5631.1,4405.74,1225.36,0.0,27.62,Spring,Thursday,False,False
4,SKU0004,2024-05-31,254,28.74,7298.95,5768.34,1530.61,0.0,34.73,Spring,Friday,False,False
4,SKU0004,2024-06-01,225,33.14,7457.24,5109.75,2347.49,0.0,26.75,Summer,Saturday,False,False
4,SKU0004,2024-06-02,332,29.26,9713.69,7539.72,2173.97,0.0,27.18,Summer,Sunday,False,False
4,SKU0004,2024-06-04,268,24.14,6469.12,6086.28,382.84,23.01,33.57,Summer,Tuesday,False,True
4,SKU0004,2024-06-05,350,25.64,8973.52,7948.5,1025.02,13.9,26.84,Summer,Wednesday,False,True
4,SKU0004,2024-06-06,150,31.17,4675.62,3406.5,1269.12,0.0,25.95,Summer,Thursday,False,False
4,SKU0004,2024-06-07,238,31.65,7532.43,5404.98,2127.45,0.0,29.36,Summer,Friday,False,False
4,SKU0004,2024-06-08,295,31.91,9412.75,6699.45,2713.3,0.0,32.25,Summer,Saturday,False,False
4,SKU0004,2024-06-09,240,31.19,7484.68,5450.4,2034.28,0.0,26.86,Summer,Sunday,False,False
4,SKU0004,2024-06-10,230,28.84,6633.59,5223.3,1410.29,0.0,32.58,Summer,Monday,False,False
4,SKU0004,2024-06-11,295,28.28,8341.18,6699.45,1641.73,0.0,28.83,Summer,Tuesday,False,False
4,SKU0004,2024-06-12,200,32.07,6413.97,4542.0,1871.97,0.0,26.62,Summer,Wednesday,False,False
4,SKU0004,2024-06-13,193,27.7,5346.21,4383.03,963.18,0.0,30.2,Summer,Thursday,False,False
4,SKU0004,2024-06-14,276,28.83,7956.13,6267.96,1688.17,0.0,29.78,Summer,Friday,False,False
