data/sales_data.csv
product_id,sku,date,quantity,price,revenue,cost,profit,discount_percent,competitor_price,season,day_of_week,is_holiday,promotion_active
4,SKU0004,2024-06-15,339,31.49,10674.62,7698.69,2975.93,0.0,31.14,Summer,Saturday,False,False
4,SKU0004,2024-06-16,274,28.15,7712.67,6222.54,1490.13,0.0,27.75,Summer,Sunday,False,False
4,SKU0004,2024-06-17,258,29.45,7597.75,5859.18,1738.57,0.0,34.32,Summer,Monday,False,False
4,SKU0004,2024-06-18,264,31.09,8207.99,5995.44,2212.55,0.0,29.73,Summer,Tuesday,False,False
4,SKU0004,2024-06-19,193,31.76,6128.92,4383.03,1745.89,0.0,27.07,Summer,Wednesday,False,False
4,SKU0004,2024-06-20,207,29.58,6122.83,4700.97,1421.86,0.0,25.99,Summer,Thursday,False,False
4,SKU0004,2024-06-21,267,29.09,7766.15,6063.57,1702.58,0.0,28.09,Summer,Friday,False,False
4,SKU0004,2024-06-22,327,31.77,10387.64,7426.17,2961.47,0.0,29.42,Summer,Saturday,False,False
4,SKU0004,2024-06-23,296,28.28,8372.07,6722.16,1649.91,0.0,27.15,Summer,Sunday,False,False
4,SKU0004,2024-06-24,195,29.16,5685.3,4428.45,1256.85,0.0,33.6,Summer,Monday,False,False
4,SKU0004,2024-06-25,296,28.28,8369.75,6722.16,1647.59,0.0,27.33,Summer,Tuesday,False,False
4,SKU0004,2024-06-26,212,27.34,5795.7,4814.52,981.18,0.0,28.85,Summer,Wednesday,False,False
4,SKU0004,2024-06-27,215,28.61,6151.24,4882.65,1268.59,0.0,32.81,Summer,Thursday,False,False
4,SKU0004,2024-06-28,230,31.19,7173.33,5223.3,1950.03,0.0,29.91,Summer,Friday,False,False
4,SKU0004,2024-06-29,318,32.74,10411.5,7221.78,3189.72,0.0,33.42,Summer,Saturday,False,False
4,SKU0004,2024-06-30,300,30.43,9127.82,6813.0,2314.82,0.0,27.58,Summer,Sunday,False,False
4,SKU0004,2024-07-01,237,29.67,7030.67,5382.27,1648.4,0.0,28.73,Summer,Monday,False,False
4,SKU0004,2024-07-02,358,25.09,8981.39,8130.18,851.21,18.02,33.66,Summer,Tuesday,False,True
4,SKU0004,2024-07-03,231,27.59,6373.52,5246.01,1127.51,0.0,27.99,Summer,Wednesday,False,False
4,SKU0004,2024-07-04,307,31.73,9741.12,6971.97,2769.15,0.0,31.65,Summer,Thursday,True,False
4,SKU0004,2024-07-05,135,31.43,4242.84,3065.85,1176.99,0.0,26.1,Summer,Friday,False,False
4,SKU0004,2024-07-06,253,30.59,7740.48,5745.63,1994.85,0.0,27.46,Summer,Saturday,False,False
4,SKU0004,2024-07-07,286,27.64,7904.35,6495.06,1409.29,0.0,30.48,Summer,Sunday,False,False
4,SKU0004,2024-07-08,285,23.25,6626.83,6472.35,154.48,18.79,29.96,Summer,Monday,False,True
4,SKU0004,2024-07-09,229,31.98,7324.39,5200.59,2123.8,0.0,31.5,Summer,Tuesday,False,False
4,SKU0004,2024-07-10,222,27.96,6206.44,5041.62,1164.82,0.0,27.53,Summer,Wednesday,False,False
4,SKU0004,2024-07-11,287,28.55,8195.0,6517.77,1677.23,0.0,30.91,Summer,Thursday,False,False
4,SKU0004,2024-07-12,267,32.47,8668.7,6063.57,2605.13,0.0,33.79,Summer,Friday,False,False
4,SKU0004,2024-07-13,254,28.43,7221.65,5768.34,1453.31,0.0,31.32,Summer,Saturday,False,False
4,SKU0004,2024-07-14,271,27.25,7386.1,6154.41,1231.69,0.0,31.2,Summer,Sunday,False,False
4,SKU0004,2024-07-15,225,28.32,6372.24,5109.75,1262.49,0.0,30.41,Summer,Monday,False,False
4,SKU0004,2024-07-16,210,29.07,6103.99,4769.1,1334.89,0.0,28.0,Summer,Tuesday,False,False
4,SKU0004,2024-07-17,227,30.65,6957.78,5155.17,1802.61,0.0,29.74,Summer,Wednesday,False,False
4,SKU0004,2024-07-18,190,32.98,6266.04,4314.9,1951.14,0.0,28.64,Summer,Thursday,False,False
4,SKU0004,2024-07-19,184,30.1,5538.66,4178.64,1360.02,0.0,26.33,Summer,Friday,False,False
4,SKU0004,2024-07-20,296,29.1,8612.68,6722.16,1890.52,0.0,29.76,Summer,Saturday,False,False
4,SKU0004,2024-07-21,290,30.51,8848.97,6585.9,2263.07,0.0,32.81,Summer,Sunday,False,False
4,SKU0004,2024-07-22,199,28.54,5680.1,4519.29,1160.81,0.0,28.65,Summer,Monday,False,False
4,SKU0004,2024-07-23,260,27.88,7247.57,5904.6,1342.97,0.0,31.27,Summer,Tuesday,False,False
4,SKU0004,2024-07-24,206,28.19,5806.78,4678.26,1128.52,0.0,32.7,Summer,Wednesday,False,False
4,SKU0004,2024-07-25,224,32.41,7260.71,5087.04,2173.67,0.0,27.17,Summer,Thursday,False,False
4,SKU0004,2024-07-26,240,33.19,7966.53,5450.4,2516.13,0.0,32.9,Summer,Friday,False,False
4,SKU0004,2024-07-27,270,28.88,7798.51,6131.7,1666.81,0.0,30.03,Summer,Saturday,False,False
4,SKU0004,2024-07-28,289,29.09,8407.22,6563.19,1844.03,0.0,28.77,Summer,Sunday,False,False
4,SKU0004,2024-07-29,201,31.77,6384.77,4564.71,1820.06,0.0,29.6,Summer,Monday,False,False
4,SKU0004,2024-07-30,217,29.78,6461.85,4928.07,1533.78,0.0,29.41,Summer,Tuesday,False,False
4,SKU0004,2024-07-31,217,29.39,6378.38,4928.07,1450.31,0.0,34.59,Summer,Wednesday,False,False
4,SKU0004,2024-08-01,205,27.37,5610.84,4655.55,955.29,0.0,27.63,Summer,Thursday,False,False
4,SKU0004,2024-08-02,219,29.04,6359.17,4973.49,1385.68,0.0,28.66,Summer,Friday,False,False
4,SKU0004,2024-08-03,207,29.22,6049.44,4700.97,1348.47,0.0,27.55,Summer,Saturday,False,False
4,SKU0004,2024-08-04,246,30.3,7453.27,5586.66,1866.61,0.0,26.71,Summer,Sunday,False,False
4,SKU0004,2024-08-05,215,29.22,6282.97,4882.65,1400.32,0.0,32.29,Summer,Monday,False,False
4,SKU0004,2024-08-07,210,31.42,6597.64,4769.1,1828.54,0.0,30.16,Summer,Wednesday,False,False
4,SKU0004,2024-08-08,218,30.93,6741.91,4950.78,1791.13,0.0,26.66,Summer,Thursday,False,False
4,SKU0004,2024-08-09,242,28.92,6999.54,5495.82,1503.72,0.0,34.13,Summer,Friday,False,False
4,SKU0004,2024-08-10,310,28.07,8700.22,7040.1,1660.12,0.0,28.69,Summer,Saturday,False,False
4,SKU0004,2024-08-11,242,29.76,7201.4,5495.82,1705.58,0.0,27.1,Summer,Sunday,False,False
4,SKU0004,2024-08-12,186,28.46,5294.15,4224.06,1070.09,0.0,27.97,Summer,Monday,False,False
4,SKU0004,2024-08-13,183,31.87,5832.47,4155.93,1676.54,0.0,30.56,Summer,Tuesday,False,False
4,SKU0004,2024-08-14,214,27.38,5860.25,4859.94,1000.31,0.0,26.36,Summer,Wednesday,False,False
4,SKU0004,2024-08-15,207,31.56,6532.97,4700.97,1832.0,0.0,33.49,Summer,Thursday,False,False
4,SKU0004,2024-08-16,197,29.95,5900.55,4473.87,1426.68,0.0,27.41,Summer,Friday,False,False
4,SKU0004,2024-08-17,215,30.04,6459.16,4882.65,1576.51,0.0,31.89,Summer,Saturday,False,False
4,SKU0004,2024-08-18,253,28.8,7286.01,5745.63,1540.38,0.0,25.95,Summer,Sunday,False,False
4,SKU0004,2024-08-19,229,29.74,6810.39,5200.59,1609.8,0.0,30.16,Summer,Monday,False,False
4,SKU0004,2024-08-20,376,23.24,8736.91,8538.96,197.95,23.69,25.89,Summer,Tuesday,False,True
4,SKU0004,2024-08-21,211,27.45,5791.17,4791.81,999.36,0.0,32.99,Summer,Wednesday,False,False
4,SKU0004,2024-08-22,208,30.23,6288.17,4723.68,1564.49,0.0,31.5,Summer,Thursday,False,False
4,SKU0004,2024-08-23,190,30.68,5828.34,4314.9,1513.44,0.0,32.83,Summer,Friday,False,False
4,SKU0004,2024-08-24,259,32.09,8310.86,5881.89,2428.97,0.0,26.53,Summer,Saturday,False,False
4,SKU0004,2024-08-25,230,30.95,7117.66,5223.3,1894.36,0.0,32.57,Summer,Sunday,False,False
4,SKU0004,2024-08-26,242,29.86,7226.56,5495.82,1730.74,0.0,29.84,Summer,Monday,False,False
4,SKU0004,2024-08-27,159,31.73,5044.59,3610.89,1433.7,0.0,26.4,Summer,Tuesday,False,False
4,SKU0004,2024-08-28,212,29.31,6213.7,4814.52,1399.18,0.0,32.03,Summer,Wednesday,False,False
4,SKU0004,2024-08-30,237,27.29,6467.84,5382.27,1085.57,0.0,25.91,Summer,Friday,False,False
4,SKU0004,2024-08-31,376,29.84,11219.4,8538.96,2680.44,0.0,27.76,Summer,Saturday,False,False
4,SKU0004,2024-09-01,258,29.23,7541.34,5859.18,1682.16,0.0,31.78,Fall,Sunday,False,False
4,SKU0004,2024-09-02,170,30.73,5224.24,3860.7,1363.54,0.0,33.73,Fall,Monday,False,False
4,SKU0004,2024-09-03,204,28.18,5747.94,4632.84,1115.1,0.0,27.61,Fall,Tuesday,False,False
4,SKU0004,2024-09-04,154,27.41,4221.27,3497.34,723.93,0.0,33.41,Fall,Wednesday,False,False
4,SKU0004,2024-09-05,198,30.52,6043.49,4496.58,1546.91,0.0,28.71,Fall,Thursday,False,False
4,SKU0004,2024-09-06,180,28.65,5156.19,4087.8,1068.39,0.0,28.49,Fall,Friday,False,False
4,SKU0004,2024-09-07,280,28.89,8090.22,6358.8,1731.42,0.0,27.71,Fall,Saturday,False,False
4,SKU0004,2024-09-08,229,28.08,6431.14,5200.59,1230.55,0.0,29.73,Fall,Sunday,False,False
4,SKU0004,2024-09-09,200,29.52,5904.74,4542.0,1362.74,0.0,32.5,Fall,Monday,False,False
4,SKU0004,2024-09-10,184,29.56,5438.27,4178.64,1259.63,0.0,29.36,Fall,Tuesday,False,False
4,SKU0004,2024-09-11,257,29.56,7595.98,5836.47,1759.51,0.0,26.58,Fall,Wednesday,False,False
4,SKU0004,2024-09-12,186,32.78,6097.61,4224.06,1873.55,0.0,26.84,Fall,Thursday,False,False
4,SKU0004,2024-09-13,265,27.98,7414.94,6018.15,1396.79,0.0,31.23,Fall,Friday,False,False
4,SKU0004,2024-09-14,275,29.17,8022.03,6245.25,1776.78,0.0,34.69,Fall,Saturday,False,False
4,SKU0004,2024-09-15,262,29.43,7711.0,5950.02,1760.98,0.0,26.76,Fall,Sunday,False,False
4,SKU0004,2024-09-16,222,27.3,6059.7,5041.62,1018.08,0.0,29.37,Fall,Monday,False,False
4,SKU0004,2024-09-17,216,29.4,6350.39,4905.36,1445.03,0.0,33.34,Fall,Tuesday,False,False
4,SKU0004,2024-09-18,139,32.39,4501.7,3156.69,1345.01,0.0,34.82,Fall,Wednesday,False,False
4,SKU0004,2024-09-19,286,26.21,7497.15,6495.06,1002.09,15.85,34.38,Fall,Thursday,False,True
4,SKU0004,2024-09-20,224,31.17,6982.62,5087.04,1895.58,0.0,27.02,Fall,Friday,False,False
4,SKU0004,2024-09-21,239,30.67,7330.39,5427.69,1902.7,0.0,27.15,Fall,Saturday,False,False
4,SKU0004,2024-09-22,187,31.87,5959.39,4246.77,1712.62,0.0,33.03,Fall,Sunday,False,False
4,SKU0004,2024-09-23,197,31.25,6157.18,4473.87,1683.31,0.0,29.51,Fall,Monday,False,False
4,SKU0004,2024-09-24,260,28.3,7357.01,5904.6,1452.41,0.0,34.51,Fall,Tuesday,False,False
4,SKU0004,2024-09-25,234,32.16,7525.28,5314.14,2211.14,0.0,33.72,Fall,Wednesday,False,False
4,SKU0004,2024-09-26,205,28.24,5788.24,4655.55,1132.69,0.0,28.52,Fall,Thursday,False,False
4,SKU0004,2024-09-27,223,32.76,7304.76,5064.33,2240.43,0.0,28.65,Fall,Friday,False,False
4,SKU0004,2024-09-28,232,29.26,6788.33,5268.72,1519.61,0.0,26.05,Fall,Saturday,False,False
4,SKU0004,2024-09-30,172,30.88,5310.77,3906.12,1404.65,0.0,27.17,Fall,Monday,False,False
4,SKU0004,2024-10-01,355,28.97,10282.64,8062.05,2220.59,11.38,26.76,Fall,Tuesday,False,True
4,SKU0004,2024-10-02,186,33.21,6176.55,4224.06,1952.49,0.0,30.61,Fall,Wednesday,False,False
4,SKU0004,2024-10-03,193,30.91,5964.74,4383.03,1581.71,0.0,28.57,Fall,Thursday,False,False
4,SKU0004,2024-10-04,187,32.72,6118.61,4246.77,1871.84,0.0,31.7,Fall,Friday,False,False
4,SKU0004,2024-10-05,308,30.97,9538.15,6994.68,2543.47,0.0,30.08,Fall,Saturday,False,False
4,SKU0004,2024-10-06,293,32.41,9496.58,6654.03,2842.55,0.0,27.73,Fall,Sunday,False,False
4,SKU0004,2024-10-07,260,32.96,8569.21,5904.6,2664.61,0.0,26.48,Fall,Monday,False,False
4,SKU0004,2024-10-08,308,22.78,7015.31,6994.68,20.63,23.3,27.79,Fall,Tuesday,False,True
4,SKU0004,2024-10-09,208,31.25,6498.99,4723.68,1775.31,0.0,34.59,Fall,Wednesday,False,False
4,SKU0004,2024-10-10,155,30.4,4712.1,3520.05,1192.05,0.0,33.76,Fall,Thursday,False,False
4,SKU0004,2024-10-11,254,28.05,7124.6,5768.34,1356.26,0.0,31.74,Fall,Friday,False,False
4,SKU0004,2024-10-14,173,28.36,4905.46,3928.83,976.63,0.0,26.05,Fall,Monday,False,False
4,SKU0004,2024-10-15,189,28.23,5335.92,4292.19,1043.73,0.0,30.93,Fall,Tuesday,False,False
4,SKU0004,2024-10-16,178,29.33,5221.57,4042.38,1179.19,0.0,33.16,Fall,Wednesday,False,False
4,SKU0004,2024-10-17,184,29.99,5518.15,4178.64,1339.51,0.0,31.38,Fall,Thursday,False,False
4,SKU0004,2024-10-18,191,27.97,5341.41,4337.61,1003.8,0.0,32.72,Fall,Friday,False,False
4,SKU0004,2024-10-19,225,29.29,6591.24,5109.75,1481.49,0.0,28.06,Fall,Saturday,False,False
4,SKU0004,2024-10-20,272,30.2,8215.33,6177.12,2038.21,0.0,31.76,Fall,Sunday,False,False
4,SKU0004,2024-10-21,170,29.33,4985.32,3860.7,1124.62,0.0,26.31,Fall,Monday,False,False
4,SKU0004,2024-10-22,206,31.14,6415.2,4678.26,1736.94,0.0,26.88,Fall,Tuesday,False,False
4,SKU0004,2024-10-23,239,30.02,7175.31,5427.69,1747.62,0.0,30.74,Fall,Wednesday,False,False
4,SKU0004,2024-10-24,181,32.54,5889.87,4110.51,1779.36,0.0,29.7,Fall,Thursday,False,False
4,SKU0004,2024-10-25,186,27.75,5162.33,4224.06,938.27,0.0,30.32,Fall,Friday,False,False
4,SKU0004,2024-10-26,226,32.95,7447.2,5132.46,2314.74,0.0,27.51,Fall,Saturday,False,False
4,SKU0004,2024-10-28,210,29.4,6173.04,4769.1,1403.94,0.0,27.12,Fall,Monday,False,False
4,SKU0004,2024-10-29,185,30.43,5629.86,4201.35,1428.51,0.0,29.03,Fall,Tuesday,False,False
4,SKU0004,2024-10-30,209,32.99,6894.5,4746.39,2148.11,0.0,29.14,Fall,Wednesday,False,False
4,SKU0004,2024-10-31,225,28.26,6357.39,5109.75,1247.64,0.0,31.35,Fall,Thursday,True,False
4,SKU0004,2024-11-01,218,31.8,6932.55,4950.78,1981.77,0.0,34.3,Fall,Friday,False,False
4,SKU0004,2024-11-02,250,32.45,8112.46,5677.5,2434.96,0.0,34.45,Fall,Saturday,False,False
4,SKU0004,2024-11-03,234,29.05,6797.13,5314.14,1482.99,0.0,34.57,Fall,Sunday,False,False
4,SKU0004,2024-11-04,176,30.09,5295.18,3996.96,1298.22,0.0,34.26,Fall,Monday,False,False
4,SKU0004,2024-11-05,270,23.5,6344.44,6131.7,212.74,18.34,34.12,Fall,Tuesday,False,True
4,SKU0004,2024-11-06,210,33.06,6942.89,4769.1,2173.79,0.0,29.47,Fall,Wednesday,False,False
4,SKU0004,2024-11-07,233,32.23,7510.22,5291.43,2218.79,0.0,33.07,Fall,Thursday,False,False
4,SKU0004,2024-11-08,186,28.72,5341.99,4224.06,1117.93,0.0,31.61,Fall,Friday,False,False
4,SKU0004,2024-11-09,265,28.42,7532.11,6018.15,1513.96,0.0,26.38,Fall,Saturday,False,False
4,SKU0004,2024-11-10,169,28.92,4888.29,3837.99,1050.3,0.0,26.86,Fall,Sunday,False,False
4,SKU0004,2024-11-11,178,32.97,5868.83,4042.38,1826.45,0.0,29.77,Fall,Monday,False,False
4,SKU0004,2024-11-13,177,29.14,5157.14,4019.67,1137.47,0.0,31.45,Fall,Wednesday,False,False
4,SKU0004,2024-11-14,171,31.25,5344.01,3883.41,1460.6,0.0,26.87,Fall,Thursday,False,False
4,SKU0004,2024-11-15,182,30.0,5460.66,4133.22,1327.44,0.0,34.63,Fall,Friday,False,False
4,SKU0004,2024-11-16,256,29.32,7505.76,5813.76,1692.0,0.0,34.71,Fall,Saturday,False,False
4,SKU0004,2024-11-17,228,32.65,7443.88,5177.88,2266.0,0.0,29.98,Fall,Sunday,False,False
4,SKU0004,2024-11-18,130,32.56,4232.61,2952.3,1280.31,0.0,32.95,Fall,Monday,False,False
4,SKU0004,2024-11-19,140,28.61,4005.73,3179.4,826.33,0.0,34.8,Fall,Tuesday,False,False
4,SKU0004,2024-11-20,182,30.88,5620.13,4133.22,1486.91,0.0,33.64,Fall,Wednesday,False,False
4,SKU0004,2024-11-21,210,32.32,6787.01,4769.1,2017.91,0.0,29.57,Fall,Thursday,False,False
4,SKU0004,2024-11-22,115,32.49,3736.52,2611.65,1124.87,0.0,32.32,Fall,Friday,False,False
4,SKU0004,2024-11-23,228,28.78,6560.95,5177.88,1383.07,0.0,29.55,Fall,Saturday,False,False
4,SKU0004,2024-11-24,279,33.21,9264.35,6336.09,2928.26,0.0,26.66,Fall,Sunday,True,False
4,SKU0004,2024-11-25,323,28.72,9277.23,7335.33,1941.9,0.0,31.11,Fall,Monday,True,False
4,SKU0004,2024-11-26,196,27.88,5464.8,4451.16,1013.64,0.0,32.17,Fall,Tuesday,False,False
4,SKU0004,2024-11-27,208,32.32,6723.26,4723.68,1999.58,0.0,30.45,Fall,Wednesday,False,False
4,SKU0004,2024-11-28,208,29.57,6150.34,4723.68,1426.66,0.0,31.1,Fall,Thursday,False,False
4,SKU0004,2024-11-29,132,33.03,4359.94,2997.72,1362.22,0.0,26.81,Fall,Friday,False,False
4,SKU0004,2024-11-30,273,29.44,8036.14,6199.83,1836.31,0.0,33.95,Fall,Saturday,False,False
4,SKU0004,2024-12-01,252,29.64,7468.4,5722.92,1745.48,0.0,28.89,Winter,Sunday,False,False
4,SKU0004,2024-12-02,211,32.41,6839.17,4791.81,2047.36,0.0,30.49,Winter,Monday,False,False
4,SKU0004,2024-12-03,313,32.18,10071.24,7108.23,2963.01,0.0,32.8,Winter,Tuesday,False,False
4,SKU0004,2024-12-04,144,27.41,3946.65,3270.24,676.41,0.0,25.96,Winter,Wednesday,False,False
4,SKU0004,2024-12-05,262,27.85,7296.79,5950.02,1346.77,0.0,33.02,Winter,Thursday,False,False
4,SKU0004,2024-12-06,188,32.4,6090.48,4269.48,1821.0,0.0,33.17,Winter,Friday,False,False
4,SKU0004,2024-12-07,243,33.15,8054.96,5518.53,2536.43,0.0,29.79,Winter,Saturday,False,False
4,SKU0004,2024-12-08,378,22.56,8527.99,8584.38,-56.39,24.86,32.95,Winter,Sunday,False,True
4,SKU0004,2024-12-09,185,31.92,5905.2,4201.35,1703.85,0.0,28.66,Winter,Monday,False,False
4,SKU0004,2024-12-10,186,29.36,5461.47,4224.06,1237.41,0.0,33.41,Winter,Tuesday,False,False
4,SKU0004,2024-12-11,214,29.27,6264.48,4859.94,1404.54,0.0,32.46,Winter,Wednesday,False,False
4,SKU0004,2024-12-12,159,28.63,4552.2,3610.89,941.31,0.0,26.66,Winter,Thursday,False,False
4,SKU0004,2024-12-13,222,31.12,6909.64,5041.62,1868.02,0.0,30.25,Winter,Friday,False,False
4,SKU0004,2024-12-14,229,29.57,6771.44,5200.59,1570.85,0.0,32.16,Winter,Saturday,False,False
4,SKU0004,2024-12-15,196,32.13,6297.97,4451.16,1846.81,0.0,32.59,Winter,Sunday,False,False
4,SKU0004,2024-12-16,191,29.21,5578.47,4337.61,1240.86,0.0,31.02,Winter,Monday,False,False
4,SKU0004,2024-12-17,236,31.49,7432.25,5359.56,2072.69,0.0,32.61,Winter,Tuesday,False,False
4,SKU0004,2024-12-18,187,29.66,5546.82,4246.77,1300.05,0.0,27.54,Winter,Wednesday,False,False
4,SKU0004,2024-12-19,328,23.72,7781.77,7448.88,332.89,23.15,28.13,Winter,Thursday,False,True
4,SKU0004,2024-12-20,179,30.48,5455.71,4065.09,1390.62,0.0,34.11,Winter,Friday,False,False
4,SKU0004,2024-12-21,260,33.04,8590.92,5904.6,2686.32,0.0,33.8,Winter,Saturday,False,False
4,SKU0004,2024-12-22,265,30.7,8136.71,6018.15,2118.56,0.0,34.82,Winter,Sunday,False,False
4,SKU0004,2024-12-23,267,27.5,7342.21,6063.57,1278.64,0.0,31.8,Winter,Monday,False,False
4,SKU0004,2024-12-24,196,30.25,5928.34,4451.16,1477.18,0.0,34.67,Winter,Tuesday,False,False
4,SKU0004,2024-12-25,295,28.62,8442.79,6699.45,1743.34,0.0,27.7,Winter,Wednesday,True,False
4,SKU0004,2024-12-26,397,25.77,10228.88,9015.87,1213.01,10.31,33.35,Winter,Thursday,True,True
4,SKU0004,2024-12-27,240,30.59,7341.65,5450.4,1891.25,0.0,29.48,Winter,Friday,False,False
4,SKU0004,2024-12-28,214,30.77,6584.76,4859.94,1724.82,0.0,33.81,Winter,Saturday,False,False
4,SKU0004,2024-12-29,264,31.77,8388.49,5995.44,2393.05,0.0,34.66,Winter,Sunday,False,False
4,SKU0004,2024-12-30,199,28.85,5740.77,4519.29,1221.48,0.0,33.91,Winter,Monday,False,False
4,SKU0004,2024-12-31,202,29.19,5896.55,4587.42,1309.13,0.0,34.44,Winter,Tuesday,False,False
5,SKU0005,2023-01-01,410,75.06,30774.87,14354.1,16420.77,0.0,64.7,Winter,Sunday,True,False
5,SKU0005,2023-01-02,373,64.82,24178.32,13058.73,11119.59,0.0,75.99,Winter,Monday,False,False
5,SKU0005,2023-01-03,301,69.68,20973.75,10538.01,10435.74,0.0,76.47,Winter,Tuesday,False,False
