data/sales_data.csv
product_id,sku,date,quantity,price,revenue,cost,profit,discount_percent,competitor_price,season,day_of_week,is_holiday,promotion_active
5,SKU0005,2023-01-04,284,73.1,20761.07,9942.84,10818.23,0.0,73.07,Winter,Wednesday,False,False
5,SKU0005,2023-01-05,305,76.81,23427.97,10678.05,12749.92,0.0,71.58,Winter,Thursday,False,False
5,SKU0005,2023-01-06,708,59.17,41892.31,24787.08,17105.23,17.46,79.54,Winter,Friday,False,True
5,SKU0005,2023-01-07,400,70.86,28343.86,14004.0,14339.86,0.0,60.73,Winter,Saturday,False,False
5,SKU0005,2023-01-08,289,75.17,21723.42,10117.89,11605.53,0.0,73.84,Winter,Sunday,False,False
5,SKU0005,2023-01-09,527,59.53,31372.55,18450.27,12922.28,18.55,74.8,Winter,Monday,False,True
5,SKU0005,2023-01-10,348,69.89,24322.17,12183.48,12138.69,0.0,79.32,Winter,Tuesday,False,False
5,SKU0005,2023-01-11,390,66.03,25752.37,13653.9,12098.47,0.0,70.83,Winter,Wednesday,False,False
5,SKU0005,2023-01-12,399,67.65,26991.07,13968.99,13022.08,0.0,77.92,Winter,Thursday,False,False
5,SKU0005,2023-01-13,324,65.04,21072.26,11343.24,9729.02,0.0,73.83,Winter,Friday,False,False
5,SKU0005,2023-01-14,442,63.11,27895.89,15474.42,12421.47,0.0,74.48,Winter,Saturday,False,False
5,SKU0005,2023-01-15,327,64.69,21154.95,11448.27,9706.68,0.0,72.41,Winter,Sunday,False,False
5,SKU0005,2023-01-16,258,73.25,18897.53,9032.58,9864.95,0.0,64.74,Winter,Monday,False,False
5,SKU0005,2023-01-17,311,73.64,22903.45,10888.11,12015.34,0.0,63.32,Winter,Tuesday,False,False
5,SKU0005,2023-01-18,282,69.95,19725.8,9872.82,9852.98,0.0,61.39,Winter,Wednesday,False,False
5,SKU0005,2023-01-19,321,71.06,22809.08,11238.21,11570.87,0.0,67.66,Winter,Thursday,False,False
5,SKU0005,2023-01-20,270,72.77,19648.06,9452.7,10195.36,0.0,66.73,Winter,Friday,False,False
5,SKU0005,2023-01-21,951,53.98,51334.28,33294.51,18039.77,20.61,70.01,Winter,Saturday,False,True
5,SKU0005,2023-01-22,314,68.64,21552.83,10993.14,10559.69,0.0,80.22,Winter,Sunday,False,False
5,SKU0005,2023-01-23,330,67.78,22365.9,11553.3,10812.6,0.0,70.52,Winter,Monday,False,False
5,SKU0005,2023-01-24,419,53.82,22551.82,14669.19,7882.63,24.73,67.36,Winter,Tuesday,False,True
5,SKU0005,2023-01-25,242,76.51,18515.96,8472.42,10043.54,0.0,59.61,Winter,Wednesday,False,False
5,SKU0005,2023-01-26,285,63.41,18070.5,9977.85,8092.65,0.0,71.35,Winter,Thursday,False,False
5,SKU0005,2023-01-27,295,76.4,22538.53,10327.95,12210.58,0.0,72.56,Winter,Friday,False,False
5,SKU0005,2023-01-28,462,66.08,30527.16,16174.62,14352.54,0.0,77.84,Winter,Saturday,False,False
5,SKU0005,2023-01-29,372,71.42,26566.92,13023.72,13543.2,0.0,78.24,Winter,Sunday,False,False
5,SKU0005,2023-01-30,316,75.34,23806.47,11063.16,12743.31,0.0,62.64,Winter,Monday,False,False
5,SKU0005,2023-02-01,315,76.43,24076.8,11028.15,13048.65,0.0,76.47,Winter,Wednesday,False,False
5,SKU0005,2023-02-02,379,67.1,25430.6,13268.79,12161.81,0.0,63.31,Winter,Thursday,False,False
5,SKU0005,2023-02-03,246,75.62,18603.71,8612.46,9991.25,0.0,72.19,Winter,Friday,False,False
5,SKU0005,2023-02-04,356,75.9,27020.99,12463.56,14557.43,0.0,79.02,Winter,Saturday,False,False
5,SKU0005,2023-02-05,319,68.46,21839.82,11168.19,10671.63,0.0,61.96,Winter,Sunday,False,False
5,SKU0005,2023-02-06,285,67.76,19310.51,9977.85,9332.66,0.0,64.55,Winter,Monday,False,False
5,SKU0005,2023-02-07,317,65.66,20812.8,11098.17,9714.63,0.0,67.04,Winter,Tuesday,False,False
5,SKU0005,2023-02-08,233,75.92,17688.76,8157.33,9531.43,0.0,78.63,Winter,Wednesday,False,False
5,SKU0005,2023-02-09,220,74.77,16449.01,7702.2,8746.81,0.0,70.44,Winter,Thursday,False,False
5,SKU0005,2023-02-10,389,67.51,26260.23,13618.89,12641.34,0.0,71.6,Winter,Friday,False,False
5,SKU0005,2023-02-11,366,68.54,25084.97,12813.66,12271.31,0.0,63.74,Winter,Saturday,False,False
5,SKU0005,2023-02-12,392,69.29,27161.86,13723.92,13437.94,0.0,79.35,Winter,Sunday,False,False
5,SKU0005,2023-02-13,285,69.11,19696.83,9977.85,9718.98,0.0,60.02,Winter,Monday,False,False
5,SKU0005,2023-02-14,278,70.88,19704.02,9732.78,9971.24,0.0,65.94,Winter,Tuesday,True,False
5,SKU0005,2023-02-15,280,73.81,20667.21,9802.8,10864.41,0.0,74.2,Winter,Wednesday,False,False
5,SKU0005,2023-02-16,267,63.6,16981.47,9347.67,7633.8,0.0,65.97,Winter,Thursday,False,False
5,SKU0005,2023-02-17,252,75.63,19057.62,8822.52,10235.1,0.0,72.98,Winter,Friday,False,False
5,SKU0005,2023-02-19,544,65.65,35715.83,19045.44,16670.39,0.0,60.62,Winter,Sunday,False,False
5,SKU0005,2023-02-20,293,75.25,22049.24,10257.93,11791.31,0.0,70.52,Winter,Monday,False,False
5,SKU0005,2023-02-21,326,68.21,22236.79,11413.26,10823.53,0.0,78.65,Winter,Tuesday,False,False
5,SKU0005,2023-02-22,753,58.47,44030.4,26362.53,17667.87,23.39,61.05,Winter,Wednesday,False,True
5,SKU0005,2023-02-23,302,65.91,19905.77,10573.02,9332.75,0.0,59.84,Winter,Thursday,False,False
5,SKU0005,2023-02-24,375,65.9,24713.72,13128.75,11584.97,0.0,78.93,Winter,Friday,False,False
5,SKU0005,2023-02-25,1031,51.64,53244.98,36095.31,17149.67,22.2,80.2,Winter,Saturday,False,True
5,SKU0005,2023-02-26,328,74.59,24466.61,11483.28,12983.33,0.0,77.12,Winter,Sunday,False,False
5,SKU0005,2023-02-27,826,56.1,46339.83,28918.26,17421.57,13.69,78.04,Winter,Monday,False,True
5,SKU0005,2023-02-28,326,71.01,23148.56,11413.26,11735.3,0.0,72.67,Winter,Tuesday,False,False
5,SKU0005,2023-03-01,246,75.32,18529.47,8612.46,9917.01,0.0,65.24,Spring,Wednesday,False,False
5,SKU0005,2023-03-02,216,68.84,14869.89,7562.16,7307.73,0.0,65.36,Spring,Thursday,False,False
5,SKU0005,2023-03-03,207,74.46,15412.27,7247.07,8165.2,0.0,72.12,Spring,Friday,False,False
5,SKU0005,2023-03-04,343,68.56,23514.76,12008.43,11506.33,0.0,68.95,Spring,Saturday,False,False
5,SKU0005,2023-03-05,383,66.14,25331.83,13408.83,11923.0,0.0,61.94,Spring,Sunday,False,False
5,SKU0005,2023-03-06,232,69.86,16207.4,8122.32,8085.08,0.0,66.39,Spring,Monday,False,False
5,SKU0005,2023-03-07,422,66.61,28109.43,14774.22,13335.21,0.0,79.07,Spring,Tuesday,False,False
5,SKU0005,2023-03-08,335,70.53,23626.81,11728.35,11898.46,0.0,71.49,Spring,Wednesday,False,False
5,SKU0005,2023-03-09,361,64.69,23353.12,12638.61,10714.51,0.0,78.09,Spring,Thursday,False,False
5,SKU0005,2023-03-10,274,70.79,19395.56,9592.74,9802.82,0.0,62.19,Spring,Friday,False,False
5,SKU0005,2023-03-11,327,69.59,22754.38,11448.27,11306.11,0.0,64.32,Spring,Saturday,False,False
5,SKU0005,2023-03-12,330,65.6,21648.47,11553.3,10095.17,0.0,76.46,Spring,Sunday,False,False
5,SKU0005,2023-03-13,267,71.63,19126.53,9347.67,9778.86,0.0,62.52,Spring,Monday,False,False
5,SKU0005,2023-03-14,357,63.59,22702.66,12498.57,10204.09,0.0,75.62,Spring,Tuesday,False,False
5,SKU0005,2023-03-15,258,65.96,17018.94,9032.58,7986.36,0.0,71.47,Spring,Wednesday,False,False
5,SKU0005,2023-03-16,313,67.8,21220.85,10958.13,10262.72,0.0,78.88,Spring,Thursday,False,False
5,SKU0005,2023-03-17,311,65.83,20472.47,10888.11,9584.36,0.0,67.74,Spring,Friday,False,False
5,SKU0005,2023-03-18,261,67.1,17514.26,9137.61,8376.65,0.0,63.38,Spring,Saturday,False,False
5,SKU0005,2023-03-19,271,72.23,19575.09,9487.71,10087.38,0.0,77.82,Spring,Sunday,False,False
5,SKU0005,2023-03-20,635,54.54,34635.88,22231.35,12404.53,17.93,62.53,Spring,Monday,False,True
5,SKU0005,2023-03-21,438,63.81,27949.75,15334.38,12615.37,0.0,68.13,Spring,Tuesday,False,False
5,SKU0005,2023-03-22,285,71.68,20428.99,9977.85,10451.14,0.0,79.11,Spring,Wednesday,False,False
5,SKU0005,2023-03-23,261,65.03,16972.15,9137.61,7834.54,0.0,64.43,Spring,Thursday,False,False
5,SKU0005,2023-03-24,290,70.9,20560.48,10152.9,10407.58,0.0,75.66,Spring,Friday,False,False
5,SKU0005,2023-03-25,290,66.16,19187.02,10152.9,9034.12,0.0,71.36,Spring,Saturday,False,False
5,SKU0005,2023-03-26,926,55.04,50969.95,32419.26,18550.69,23.66,73.06,Spring,Sunday,False,True
5,SKU0005,2023-03-27,245,71.65,17553.06,8577.45,8975.61,0.0,75.23,Spring,Monday,False,False
5,SKU0005,2023-03-28,260,71.6,18615.21,9102.6,9512.61,0.0,80.27,Spring,Tuesday,False,False
5,SKU0005,2023-03-29,278,75.89,21098.43,9732.78,11365.65,0.0,70.79,Spring,Wednesday,False,False
5,SKU0005,2023-03-30,264,65.04,17170.63,9242.64,7927.99,0.0,63.18,Spring,Thursday,False,False
5,SKU0005,2023-03-31,177,77.01,13630.76,6196.77,7433.99,0.0,67.25,Spring,Friday,False,False
5,SKU0005,2023-04-01,498,65.26,32501.04,17434.98,15066.06,12.16,74.45,Spring,Saturday,False,True
5,SKU0005,2023-04-02,436,66.2,28861.76,15264.36,13597.4,0.0,77.16,Spring,Sunday,False,False
5,SKU0005,2023-04-03,177,76.21,13488.83,6196.77,7292.06,0.0,68.29,Spring,Monday,False,False
5,SKU0005,2023-04-04,163,69.23,11285.19,5706.63,5578.56,0.0,67.15,Spring,Tuesday,False,False
5,SKU0005,2023-04-05,271,68.6,18591.67,9487.71,9103.96,0.0,63.84,Spring,Wednesday,False,False
5,SKU0005,2023-04-06,346,65.69,22729.53,12113.46,10616.07,0.0,77.87,Spring,Thursday,False,False
5,SKU0005,2023-04-07,311,71.68,22293.96,10888.11,11405.85,0.0,71.03,Spring,Friday,False,False
5,SKU0005,2023-04-08,323,68.73,22201.26,11308.23,10893.03,0.0,64.0,Spring,Saturday,False,False
5,SKU0005,2023-04-09,375,64.54,24202.33,13128.75,11073.58,0.0,65.83,Spring,Sunday,False,False
5,SKU0005,2023-04-10,289,73.87,21347.04,10117.89,11229.15,0.0,60.59,Spring,Monday,False,False
5,SKU0005,2023-04-11,195,70.74,13795.06,6826.95,6968.11,0.0,67.59,Spring,Tuesday,False,False
5,SKU0005,2023-04-12,303,65.54,19859.57,10608.03,9251.54,0.0,74.09,Spring,Wednesday,False,False
5,SKU0005,2023-04-13,265,72.36,19175.02,9277.65,9897.37,0.0,75.19,Spring,Thursday,False,False
5,SKU0005,2023-04-14,347,65.2,22624.61,12148.47,10476.14,0.0,75.94,Spring,Friday,False,False
5,SKU0005,2023-04-15,320,68.78,22008.86,11203.2,10805.66,0.0,77.75,Spring,Saturday,False,False
5,SKU0005,2023-04-16,279,76.06,21220.53,9767.79,11452.74,0.0,79.12,Spring,Sunday,False,False
5,SKU0005,2023-04-17,157,73.32,11510.52,5496.57,6013.95,0.0,73.72,Spring,Monday,False,False
5,SKU0005,2023-04-19,365,63.76,23271.21,12778.65,10492.56,0.0,66.1,Spring,Wednesday,False,False
5,SKU0005,2023-04-20,271,65.86,17848.31,9487.71,8360.6,0.0,63.99,Spring,Thursday,False,False
5,SKU0005,2023-04-21,298,68.1,20293.98,10432.98,9861.0,0.0,71.77,Spring,Friday,False,False
5,SKU0005,2023-04-22,359,69.67,25011.93,12568.59,12443.34,0.0,65.6,Spring,Saturday,False,False
5,SKU0005,2023-04-23,307,70.89,21762.21,10748.07,11014.14,0.0,62.71,Spring,Sunday,False,False
5,SKU0005,2023-04-24,281,70.47,19802.74,9837.81,9964.93,0.0,62.84,Spring,Monday,False,False
5,SKU0005,2023-04-25,241,69.59,16772.11,8437.41,8334.7,0.0,74.01,Spring,Tuesday,False,False
5,SKU0005,2023-04-26,220,76.69,16871.28,7702.2,9169.08,0.0,62.6,Spring,Wednesday,False,False
5,SKU0005,2023-04-27,271,73.6,19945.72,9487.71,10458.01,0.0,67.52,Spring,Thursday,False,False
5,SKU0005,2023-04-29,265,74.47,19735.24,9277.65,10457.59,0.0,71.8,Spring,Saturday,False,False
5,SKU0005,2023-04-30,291,75.54,21981.39,10187.91,11793.48,0.0,79.4,Spring,Sunday,False,False
5,SKU0005,2023-05-01,260,75.42,19609.2,9102.6,10506.6,0.0,78.14,Spring,Monday,False,False
5,SKU0005,2023-05-02,451,55.5,25028.29,15789.51,9238.78,14.5,62.66,Spring,Tuesday,False,True
5,SKU0005,2023-05-03,287,74.09,21265.18,10047.87,11217.31,0.0,79.72,Spring,Wednesday,False,False
5,SKU0005,2023-05-04,240,72.98,17515.33,8402.4,9112.93,0.0,61.26,Spring,Thursday,False,False
5,SKU0005,2023-05-06,408,68.87,28098.15,14284.08,13814.07,0.0,77.4,Spring,Saturday,False,False
5,SKU0005,2023-05-07,292,66.94,19547.23,10222.92,9324.31,0.0,78.76,Spring,Sunday,False,False
5,SKU0005,2023-05-08,208,75.7,15746.24,7282.08,8464.16,0.0,64.53,Spring,Monday,False,False
5,SKU0005,2023-05-09,272,69.3,18850.91,9522.72,9328.19,0.0,60.37,Spring,Tuesday,False,False
5,SKU0005,2023-05-10,219,73.66,16131.05,7667.19,8463.86,0.0,61.2,Spring,Wednesday,False,False
5,SKU0005,2023-05-11,415,64.85,26911.76,14529.15,12382.61,0.0,72.63,Spring,Thursday,False,False
5,SKU0005,2023-05-12,303,63.29,19175.98,10608.03,8567.95,0.0,78.52,Spring,Friday,False,False
5,SKU0005,2023-05-13,379,63.52,24074.8,13268.79,10806.01,0.0,74.16,Spring,Saturday,False,False
5,SKU0005,2023-05-14,301,74.27,22353.84,10538.01,11815.83,0.0,75.99,Spring,Sunday,False,False
5,SKU0005,2023-05-15,244,67.81,16545.44,8542.44,8003.0,0.0,74.62,Spring,Monday,False,False
5,SKU0005,2023-05-16,262,69.86,18304.26,9172.62,9131.64,0.0,78.7,Spring,Tuesday,False,False
5,SKU0005,2023-05-17,353,64.21,22664.53,12358.53,10306.0,0.0,66.21,Spring,Wednesday,False,False
5,SKU0005,2023-05-18,315,64.61,20351.46,11028.15,9323.31,0.0,76.45,Spring,Thursday,False,False
5,SKU0005,2023-05-19,333,64.06,21332.01,11658.33,9673.68,0.0,62.75,Spring,Friday,False,False
5,SKU0005,2023-05-20,272,73.93,20107.71,9522.72,10584.99,0.0,59.72,Spring,Saturday,False,False
5,SKU0005,2023-05-21,565,57.19,32310.5,19780.65,12529.85,23.05,62.8,Spring,Sunday,False,True
5,SKU0005,2023-05-22,248,75.22,18654.65,8682.48,9972.17,0.0,77.86,Spring,Monday,False,False
5,SKU0005,2023-05-23,421,64.5,27154.53,14739.21,12415.32,0.0,74.31,Spring,Tuesday,False,False
5,SKU0005,2023-05-24,250,73.47,18366.47,8752.5,9613.97,0.0,61.44,Spring,Wednesday,False,False
5,SKU0005,2023-05-25,362,63.07,22831.99,12673.62,10158.37,0.0,64.41,Spring,Thursday,False,False
5,SKU0005,2023-05-26,745,54.63,40703.03,26082.45,14620.58,14.81,69.52,Spring,Friday,False,True
5,SKU0005,2023-05-27,219,76.85,16830.8,7667.19,9163.61,0.0,63.43,Spring,Saturday,False,False
5,SKU0005,2023-05-28,387,72.49,28052.44,13548.87,14503.57,0.0,60.8,Spring,Sunday,False,False
5,SKU0005,2023-05-29,360,63.11,22718.31,12603.6,10114.71,0.0,63.67,Spring,Monday,False,False
5,SKU0005,2023-05-30,339,70.61,23936.16,11868.39,12067.77,0.0,74.22,Spring,Tuesday,False,False
5,SKU0005,2023-05-31,301,64.08,19287.85,10538.01,8749.84,0.0,66.27,Spring,Wednesday,False,False
5,SKU0005,2023-06-01,262,65.29,17106.66,9172.62,7934.04,0.0,71.96,Summer,Thursday,False,False
5,SKU0005,2023-06-02,196,70.11,13742.19,6861.96,6880.23,0.0,68.48,Summer,Friday,False,False
5,SKU0005,2023-06-03,207,73.32,15176.65,7247.07,7929.58,0.0,73.27,Summer,Saturday,False,False
5,SKU0005,2023-06-04,246,66.54,16369.42,8612.46,7756.96,0.0,60.88,Summer,Sunday,False,False
5,SKU0005,2023-06-05,431,53.6,23100.17,15089.31,8010.86,20.99,76.69,Summer,Monday,False,True
5,SKU0005,2023-06-07,218,64.25,14007.28,7632.18,6375.1,0.0,78.77,Summer,Wednesday,False,False
5,SKU0005,2023-06-08,115,72.56,8343.92,4026.15,4317.77,0.0,60.9,Summer,Thursday,False,False
5,SKU0005,2023-06-09,127,74.78,9496.74,4446.27,5050.47,0.0,75.11,Summer,Friday,False,False
5,SKU0005,2023-06-10,206,70.02,14423.24,7212.06,7211.18,0.0,66.1,Summer,Saturday,False,False
5,SKU0005,2023-06-11,256,65.68,16814.78,8962.56,7852.22,0.0,60.41,Summer,Sunday,False,False
5,SKU0005,2023-06-12,178,69.53,12376.18,6231.78,6144.4,0.0,78.91,Summer,Monday,False,False
5,SKU0005,2023-06-13,171,76.63,13104.37,5986.71,7117.66,0.0,78.4,Summer,Tuesday,False,False
5,SKU0005,2023-06-14,147,65.01,9556.14,5146.47,4409.67,0.0,68.33,Summer,Wednesday,False,False
5,SKU0005,2023-06-15,425,55.39,23539.43,14879.25,8660.18,14.75,72.8,Summer,Thursday,False,True
5,SKU0005,2023-06-16,161,63.21,10177.35,5636.61,4540.74,0.0,73.42,Summer,Friday,False,False
5,SKU0005,2023-06-17,226,71.32,16118.66,7912.26,8206.4,0.0,61.51,Summer,Saturday,False,False
5,SKU0005,2023-06-18,245,65.12,15953.71,8577.45,7376.26,0.0,59.97,Summer,Sunday,False,False
5,SKU0005,2023-06-19,205,67.27,13790.05,7177.05,6613.0,0.0,71.06,Summer,Monday,False,False
5,SKU0005,2023-06-20,154,69.83,10754.04,5391.54,5362.5,0.0,68.61,Summer,Tuesday,False,False
5,SKU0005,2023-06-21,246,65.26,16053.01,8612.46,7440.55,0.0,60.77,Summer,Wednesday,False,False
5,SKU0005,2023-06-22,250,63.95,15988.74,8752.5,7236.24,0.0,69.53,Summer,Thursday,False,False
5,SKU0005,2023-06-23,217,66.31,14389.5,7597.17,6792.33,0.0,76.4,Summer,Friday,False,False
5,SKU0005,2023-06-24,261,63.2,16495.1,9137.61,7357.49,0.0,62.85,Summer,Saturday,False,False
5,SKU0005,2023-06-25,212,72.6,15390.68,7422.12,7968.56,0.0,62.08,Summer,Sunday,False,False
5,SKU0005,2023-06-26,174,66.97,11652.03,6091.74,5560.29,0.0,76.47,Summer,Monday,False,False
5,SKU0005,2023-06-27,211,68.19,14388.81,7387.11,7001.7,0.0,60.84,Summer,Tuesday,False,False
5,SKU0005,2023-06-28,229,68.86,15768.41,8017.29,7751.12,0.0,66.37,Summer,Wednesday,False,False
5,SKU0005,2023-06-29,175,75.23,13164.85,6126.75,7038.1,0.0,78.75,Summer,Thursday,False,False
5,SKU0005,2023-06-30,139,74.04,10291.06,4866.39,5424.67,0.0,71.64,Summer,Friday,False,False
5,SKU0005,2023-07-01,257,65.74,16895.2,8997.57,7897.63,0.0,66.28,Summer,Saturday,False,False
5,SKU0005,2023-07-02,140,76.62,10726.49,4901.4,5825.09,0.0,71.97,Summer,Sunday,False,False
5,SKU0005,2023-07-03,167,74.5,12440.91,5846.67,6594.24,0.0,69.38,Summer,Monday,False,False
5,SKU0005,2023-07-04,447,62.15,27781.07,15649.47,12131.6,11.43,72.62,Summer,Tuesday,True,True
5,SKU0005,2023-07-05,285,56.59,16127.06,9977.85,6149.21,19.04,79.65,Summer,Wednesday,False,True
5,SKU0005,2023-07-06,149,69.31,10327.58,5216.49,5111.09,0.0,76.14,Summer,Thursday,False,False
5,SKU0005,2023-07-07,199,65.02,12939.33,6966.99,5972.34,0.0,60.76,Summer,Friday,False,False
5,SKU0005,2023-07-08,191,71.88,13729.75,6686.91,7042.84,0.0,76.84,Summer,Saturday,False,False
5,SKU0005,2023-07-09,204,65.06,13273.11,7142.04,6131.07,0.0,66.24,Summer,Sunday,False,False
5,SKU0005,2023-07-10,178,71.49,12724.72,6231.78,6492.94,0.0,76.83,Summer,Monday,False,False
5,SKU0005,2023-07-11,151,76.43,11540.93,5286.51,6254.42,0.0,62.05,Summer,Tuesday,False,False
5,SKU0005,2023-07-12,155,73.32,11364.27,5426.55,5937.72,0.0,76.3,Summer,Wednesday,False,False
5,SKU0005,2023-07-13,138,74.09,10224.57,4831.38,5393.19,0.0,76.71,Summer,Thursday,False,False
5,SKU0005,2023-07-15,236,73.69,17391.85,8262.36,9129.49,0.0,69.28,Summer,Saturday,False,False
5,SKU0005,2023-07-16,231,65.09,15034.68,8087.31,6947.37,0.0,71.18,Summer,Sunday,False,False
5,SKU0005,2023-07-17,143,73.64,10530.45,5006.43,5524.02,0.0,65.26,Summer,Monday,False,False
5,SKU0005,2023-07-18,173,72.91,12613.25,6056.73,6556.52,0.0,62.94,Summer,Tuesday,False,False
5,SKU0005,2023-07-19,137,76.41,10467.8,4796.37,5671.43,0.0,77.74,Summer,Wednesday,False,False
