data/sales_data.csv
product_id,sku,date,quantity,price,revenue,cost,profit,discount_percent,competitor_price,season,day_of_week,is_holiday,promotion_active
5,SKU0005,2023-07-20,183,68.18,12477.49,6406.83,6070.66,0.0,74.65,Summer,Thursday,False,False
5,SKU0005,2023-07-21,185,71.82,13287.62,6476.85,6810.77,0.0,67.83,Summer,Friday,False,False
5,SKU0005,2023-07-23,246,70.94,17450.97,8612.46,8838.51,0.0,78.07,Summer,Sunday,False,False
5,SKU0005,2023-07-24,302,64.31,19421.98,10573.02,8848.96,11.98,60.94,Summer,Monday,False,True
5,SKU0005,2023-07-25,164,70.34,11535.6,5741.64,5793.96,0.0,64.45,Summer,Tuesday,False,False
5,SKU0005,2023-07-26,142,76.63,10882.08,4971.42,5910.66,0.0,68.18,Summer,Wednesday,False,False
5,SKU0005,2023-07-27,176,69.91,12304.93,6161.76,6143.17,0.0,70.54,Summer,Thursday,False,False
5,SKU0005,2023-07-28,137,68.56,9393.19,4796.37,4596.82,0.0,76.8,Summer,Friday,False,False
5,SKU0005,2023-07-29,265,69.3,18364.17,9277.65,9086.52,0.0,78.66,Summer,Saturday,False,False
5,SKU0005,2023-07-30,240,66.37,15928.48,8402.4,7526.08,0.0,71.23,Summer,Sunday,False,False
5,SKU0005,2023-08-01,228,66.28,15110.98,7982.28,7128.7,0.0,77.8,Summer,Tuesday,False,False
5,SKU0005,2023-08-02,162,67.54,10941.58,5671.62,5269.96,0.0,73.6,Summer,Wednesday,False,False
5,SKU0005,2023-08-03,361,60.92,21992.23,12638.61,9353.62,17.38,74.16,Summer,Thursday,False,True
5,SKU0005,2023-08-04,210,63.58,13351.8,7352.1,5999.7,0.0,63.9,Summer,Friday,False,False
5,SKU0005,2023-08-05,301,63.12,18998.57,10538.01,8460.56,0.0,71.73,Summer,Saturday,False,False
5,SKU0005,2023-08-06,121,75.6,9147.81,4236.21,4911.6,0.0,63.99,Summer,Sunday,False,False
5,SKU0005,2023-08-07,145,75.83,10996.0,5076.45,5919.55,0.0,65.43,Summer,Monday,False,False
5,SKU0005,2023-08-08,160,70.17,11227.58,5601.6,5625.98,0.0,63.75,Summer,Tuesday,False,False
5,SKU0005,2023-08-09,202,67.7,13675.83,7072.02,6603.81,0.0,64.99,Summer,Wednesday,False,False
5,SKU0005,2023-08-11,147,72.14,10604.63,5146.47,5458.16,0.0,68.04,Summer,Friday,False,False
5,SKU0005,2023-08-12,234,63.6,14882.73,8192.34,6690.39,0.0,75.12,Summer,Saturday,False,False
5,SKU0005,2023-08-13,239,65.82,15731.17,8367.39,7363.78,0.0,75.21,Summer,Sunday,False,False
5,SKU0005,2023-08-14,141,72.46,10216.8,4936.41,5280.39,0.0,76.7,Summer,Monday,False,False
5,SKU0005,2023-08-15,245,63.78,15625.94,8577.45,7048.49,0.0,71.42,Summer,Tuesday,False,False
5,SKU0005,2023-08-16,187,66.55,12445.16,6546.87,5898.29,0.0,66.03,Summer,Wednesday,False,False
5,SKU0005,2023-08-17,115,65.55,7538.43,4026.15,3512.28,0.0,70.01,Summer,Thursday,False,False
5,SKU0005,2023-08-18,151,73.1,11038.17,5286.51,5751.66,0.0,67.73,Summer,Friday,False,False
5,SKU0005,2023-08-19,149,75.91,11311.06,5216.49,6094.57,0.0,72.05,Summer,Saturday,False,False
5,SKU0005,2023-08-20,149,72.36,10781.49,5216.49,5565.0,0.0,61.15,Summer,Sunday,False,False
5,SKU0005,2023-08-23,192,73.22,14058.89,6721.92,7336.97,0.0,61.56,Summer,Wednesday,False,False
5,SKU0005,2023-08-24,173,72.06,12466.62,6056.73,6409.89,0.0,75.1,Summer,Thursday,False,False
5,SKU0005,2023-08-25,177,66.94,11848.17,6196.77,5651.4,0.0,65.77,Summer,Friday,False,False
5,SKU0005,2023-08-26,504,56.85,28653.95,17645.04,11008.91,12.13,79.1,Summer,Saturday,False,True
5,SKU0005,2023-08-27,165,75.83,12511.22,5776.65,6734.57,0.0,72.89,Summer,Sunday,False,False
5,SKU0005,2023-08-28,139,74.12,10302.66,4866.39,5436.27,0.0,79.1,Summer,Monday,False,False
5,SKU0005,2023-08-29,174,64.59,11239.47,6091.74,5147.73,0.0,69.08,Summer,Tuesday,False,False
5,SKU0005,2023-08-30,119,72.75,8657.21,4166.19,4491.02,0.0,59.99,Summer,Wednesday,False,False
5,SKU0005,2023-08-31,204,63.9,13036.46,7142.04,5894.42,0.0,64.04,Summer,Thursday,False,False
5,SKU0005,2023-09-02,394,69.54,27398.64,13793.94,13604.7,0.0,59.8,Fall,Saturday,False,False
5,SKU0005,2023-09-03,345,72.21,24913.54,12078.45,12835.09,0.0,77.93,Fall,Sunday,False,False
5,SKU0005,2023-09-04,256,73.09,18709.78,8962.56,9747.22,0.0,65.13,Fall,Monday,False,False
5,SKU0005,2023-09-05,294,76.51,22492.91,10292.94,12199.97,0.0,74.0,Fall,Tuesday,False,False
5,SKU0005,2023-09-07,314,75.02,23556.09,10993.14,12562.95,0.0,74.28,Fall,Thursday,False,False
5,SKU0005,2023-09-08,254,73.04,18551.86,8892.54,9659.32,0.0,65.54,Fall,Friday,False,False
5,SKU0005,2023-09-09,910,52.95,48188.4,31859.1,16329.3,22.31,67.36,Fall,Saturday,False,True
5,SKU0005,2023-09-10,278,73.19,20346.18,9732.78,10613.4,0.0,66.25,Fall,Sunday,False,False
5,SKU0005,2023-09-11,316,68.72,21714.78,11063.16,10651.62,0.0,67.33,Fall,Monday,False,False
5,SKU0005,2023-09-12,335,73.76,24710.76,11728.35,12982.41,0.0,73.65,Fall,Tuesday,False,False
5,SKU0005,2023-09-13,327,72.48,23701.17,11448.27,12252.9,0.0,79.71,Fall,Wednesday,False,False
5,SKU0005,2023-09-14,785,58.53,45948.52,27482.85,18465.67,12.06,73.08,Fall,Thursday,False,True
5,SKU0005,2023-09-15,348,70.57,24558.05,12183.48,12374.57,0.0,78.21,Fall,Friday,False,False
5,SKU0005,2023-09-16,275,75.88,20866.41,9627.75,11238.66,0.0,62.56,Fall,Saturday,False,False
5,SKU0005,2023-09-17,353,71.88,25373.04,12358.53,13014.51,0.0,77.4,Fall,Sunday,False,False
5,SKU0005,2023-09-18,236,76.7,18101.94,8262.36,9839.58,0.0,76.84,Fall,Monday,False,False
5,SKU0005,2023-09-19,342,74.55,25495.93,11973.42,13522.51,0.0,80.32,Fall,Tuesday,False,False
5,SKU0005,2023-09-20,267,70.29,18768.51,9347.67,9420.84,0.0,64.87,Fall,Wednesday,False,False
5,SKU0005,2023-09-21,308,76.21,23473.86,10783.08,12690.78,0.0,73.89,Fall,Thursday,False,False
5,SKU0005,2023-09-22,374,69.87,26130.81,13093.74,13037.07,0.0,77.09,Fall,Friday,False,False
5,SKU0005,2023-09-23,417,76.14,31749.85,14599.17,17150.68,0.0,76.73,Fall,Saturday,False,False
5,SKU0005,2023-09-24,395,67.94,26834.44,13828.95,13005.49,0.0,75.3,Fall,Sunday,False,False
5,SKU0005,2023-09-25,341,71.99,24547.61,11938.41,12609.2,0.0,77.04,Fall,Monday,False,False
5,SKU0005,2023-09-27,297,70.08,20814.7,10397.97,10416.73,0.0,62.55,Fall,Wednesday,False,False
5,SKU0005,2023-09-28,404,65.92,26632.64,14144.04,12488.6,13.63,76.85,Fall,Thursday,False,True
5,SKU0005,2023-09-29,284,64.37,18281.25,9942.84,8338.41,0.0,60.01,Fall,Friday,False,False
5,SKU0005,2023-09-30,985,56.44,55592.86,34484.85,21108.01,12.79,61.02,Fall,Saturday,False,True
5,SKU0005,2023-10-01,233,76.34,17786.28,8157.33,9628.95,0.0,67.03,Fall,Sunday,False,False
5,SKU0005,2023-10-02,284,72.79,20672.43,9942.84,10729.59,0.0,67.66,Fall,Monday,False,False
5,SKU0005,2023-10-03,361,69.02,24915.88,12638.61,12277.27,0.0,69.57,Fall,Tuesday,False,False
5,SKU0005,2023-10-04,417,63.6,26523.04,14599.17,11923.87,0.0,60.18,Fall,Wednesday,False,False
5,SKU0005,2023-10-05,434,63.45,27538.47,15194.34,12344.13,0.0,77.61,Fall,Thursday,False,False
5,SKU0005,2023-10-06,333,70.57,23498.61,11658.33,11840.28,0.0,73.98,Fall,Friday,False,False
5,SKU0005,2023-10-07,502,67.93,34102.95,17575.02,16527.93,0.0,69.82,Fall,Saturday,False,False
5,SKU0005,2023-10-08,894,52.56,46985.33,31298.94,15686.39,17.31,69.49,Fall,Sunday,False,True
5,SKU0005,2023-10-09,358,64.18,22976.38,12533.58,10442.8,0.0,74.55,Fall,Monday,False,False
5,SKU0005,2023-10-10,296,69.39,20538.09,10362.96,10175.13,0.0,64.59,Fall,Tuesday,False,False
5,SKU0005,2023-10-11,458,63.5,29082.51,16034.58,13047.93,0.0,75.84,Fall,Wednesday,False,False
5,SKU0005,2023-10-12,424,66.05,28005.47,14844.24,13161.23,0.0,59.73,Fall,Thursday,False,False
5,SKU0005,2023-10-13,300,75.1,22529.85,10503.0,12026.85,0.0,79.17,Fall,Friday,False,False
5,SKU0005,2023-10-14,463,70.05,32432.7,16209.63,16223.07,0.0,74.16,Fall,Saturday,False,False
5,SKU0005,2023-10-15,270,75.97,20512.29,9452.7,11059.59,0.0,60.54,Fall,Sunday,False,False
5,SKU0005,2023-10-16,376,72.8,27371.23,13163.76,14207.47,0.0,78.47,Fall,Monday,False,False
5,SKU0005,2023-10-17,471,65.3,30754.93,16489.71,14265.22,0.0,66.48,Fall,Tuesday,False,False
5,SKU0005,2023-10-18,427,65.19,27834.32,14949.27,12885.05,0.0,63.7,Fall,Wednesday,False,False
5,SKU0005,2023-10-19,524,63.1,33063.2,18345.24,14717.96,0.0,76.46,Fall,Thursday,False,False
5,SKU0005,2023-10-21,390,67.78,26434.33,13653.9,12780.43,0.0,77.28,Fall,Saturday,False,False
5,SKU0005,2023-10-22,359,69.25,24858.99,12568.59,12290.4,0.0,78.67,Fall,Sunday,False,False
5,SKU0005,2023-10-23,429,64.97,27871.03,15019.29,12851.74,0.0,79.4,Fall,Monday,False,False
5,SKU0005,2023-10-24,284,69.15,19639.48,9942.84,9696.64,0.0,74.2,Fall,Tuesday,False,False
5,SKU0005,2023-10-25,840,56.01,47049.66,29408.4,17641.26,20.41,61.75,Fall,Wednesday,False,True
5,SKU0005,2023-10-26,437,66.92,29245.68,15299.37,13946.31,0.0,68.39,Fall,Thursday,False,False
5,SKU0005,2023-10-27,1047,50.54,52912.29,36655.47,16256.82,24.23,67.95,Fall,Friday,False,True
5,SKU0005,2023-10-28,345,75.71,26121.42,12078.45,14042.97,0.0,62.06,Fall,Saturday,False,False
5,SKU0005,2023-10-29,325,71.01,23077.01,11378.25,11698.76,0.0,68.89,Fall,Sunday,False,False
5,SKU0005,2023-10-30,303,68.25,20678.52,10608.03,10070.49,0.0,60.92,Fall,Monday,False,False
5,SKU0005,2023-10-31,585,65.62,38385.29,20480.85,17904.44,0.0,71.27,Fall,Tuesday,True,False
5,SKU0005,2023-11-01,431,65.08,28050.35,15089.31,12961.04,0.0,74.25,Fall,Wednesday,False,False
5,SKU0005,2023-11-02,968,49.92,48325.92,33889.68,14436.24,21.82,73.51,Fall,Thursday,False,True
5,SKU0005,2023-11-03,387,63.14,24435.97,13548.87,10887.1,0.0,62.4,Fall,Friday,False,False
5,SKU0005,2023-11-04,235,75.07,17641.37,8227.35,9414.02,0.0,63.48,Fall,Saturday,False,False
5,SKU0005,2023-11-05,334,69.72,23287.21,11693.34,11593.87,0.0,67.66,Fall,Sunday,False,False
5,SKU0005,2023-11-06,415,70.6,29298.92,14529.15,14769.77,0.0,62.59,Fall,Monday,False,False
5,SKU0005,2023-11-07,264,70.16,18521.76,9242.64,9279.12,0.0,60.95,Fall,Tuesday,False,False
5,SKU0005,2023-11-08,274,76.85,21055.53,9592.74,11462.79,0.0,64.71,Fall,Wednesday,False,False
5,SKU0005,2023-11-09,326,74.78,24377.68,11413.26,12964.42,0.0,64.25,Fall,Thursday,False,False
5,SKU0005,2023-11-10,327,63.85,20880.15,11448.27,9431.88,0.0,77.81,Fall,Friday,False,False
5,SKU0005,2023-11-11,504,63.41,31956.33,17645.04,14311.29,0.0,79.07,Fall,Saturday,False,False
5,SKU0005,2023-11-12,429,71.51,30678.02,15019.29,15658.73,0.0,75.24,Fall,Sunday,False,False
5,SKU0005,2023-11-13,312,71.63,22348.25,10923.12,11425.13,0.0,78.19,Fall,Monday,False,False
5,SKU0005,2023-11-14,420,73.6,30910.76,14704.2,16206.56,0.0,72.1,Fall,Tuesday,False,False
5,SKU0005,2023-11-15,218,73.84,16098.1,7632.18,8465.92,0.0,60.17,Fall,Wednesday,False,False
5,SKU0005,2023-11-16,1166,49.2,57364.99,40821.66,16543.33,23.37,72.99,Fall,Thursday,False,True
5,SKU0005,2023-11-17,335,68.53,22955.98,11728.35,11227.63,0.0,76.46,Fall,Friday,False,False
5,SKU0005,2023-11-18,480,67.27,32288.72,16804.8,15483.92,0.0,66.39,Fall,Saturday,False,False
5,SKU0005,2023-11-19,347,76.3,26476.36,12148.47,14327.89,0.0,67.63,Fall,Sunday,False,False
5,SKU0005,2023-11-20,269,72.66,19545.29,9417.69,10127.6,0.0,78.92,Fall,Monday,False,False
5,SKU0005,2023-11-21,316,72.27,22838.83,11063.16,11775.67,0.0,69.38,Fall,Tuesday,False,False
5,SKU0005,2023-11-22,479,59.3,28404.21,16769.79,11634.42,15.14,72.78,Fall,Wednesday,False,True
5,SKU0005,2023-11-23,398,66.77,26576.07,13933.98,12642.09,0.0,65.59,Fall,Thursday,False,False
5,SKU0005,2023-11-24,485,67.4,32689.96,16979.85,15710.11,0.0,78.57,Fall,Friday,True,False
5,SKU0005,2023-11-25,601,67.9,40807.05,21041.01,19766.04,0.0,76.86,Fall,Saturday,True,False
5,SKU0005,2023-11-26,475,68.78,32671.07,16629.75,16041.32,0.0,68.42,Fall,Sunday,False,False
5,SKU0005,2023-11-27,308,73.78,22723.46,10783.08,11940.38,0.0,62.44,Fall,Monday,False,False
5,SKU0005,2023-11-28,368,67.15,24710.98,12883.68,11827.3,0.0,67.11,Fall,Tuesday,False,False
5,SKU0005,2023-11-29,309,67.52,20862.22,10818.09,10044.13,0.0,71.74,Fall,Wednesday,False,False
5,SKU0005,2023-11-30,266,73.17,19461.94,9312.66,10149.28,0.0,72.93,Fall,Thursday,False,False
5,SKU0005,2023-12-01,315,74.08,23335.32,11028.15,12307.17,0.0,63.36,Winter,Friday,False,False
5,SKU0005,2023-12-02,442,69.98,30930.0,15474.42,15455.58,0.0,69.69,Winter,Saturday,False,False
5,SKU0005,2023-12-03,340,70.97,24131.47,11903.4,12228.07,0.0,62.59,Winter,Sunday,False,False
5,SKU0005,2023-12-04,341,66.55,22695.09,11938.41,10756.68,0.0,76.6,Winter,Monday,False,False
5,SKU0005,2023-12-05,330,63.06,20811.04,11553.3,9257.74,0.0,79.14,Winter,Tuesday,False,False
5,SKU0005,2023-12-06,363,69.39,25187.29,12708.63,12478.66,0.0,71.78,Winter,Wednesday,False,False
5,SKU0005,2023-12-07,323,70.96,22921.57,11308.23,11613.34,0.0,60.59,Winter,Thursday,False,False
5,SKU0005,2023-12-08,319,76.77,24488.25,11168.19,13320.06,0.0,69.52,Winter,Friday,False,False
5,SKU0005,2023-12-09,376,64.69,24323.7,13163.76,11159.94,0.0,67.11,Winter,Saturday,False,False
5,SKU0005,2023-12-10,422,63.78,26915.69,14774.22,12141.47,0.0,65.34,Winter,Sunday,False,False
5,SKU0005,2023-12-11,348,66.78,23238.35,12183.48,11054.87,0.0,78.96,Winter,Monday,False,False
5,SKU0005,2023-12-12,380,65.89,25037.18,13303.8,11733.38,0.0,71.42,Winter,Tuesday,False,False
5,SKU0005,2023-12-13,712,54.63,38894.13,24927.12,13967.01,19.37,68.55,Winter,Wednesday,False,True
5,SKU0005,2023-12-14,250,71.68,17919.21,8752.5,9166.71,0.0,65.12,Winter,Thursday,False,False
5,SKU0005,2023-12-15,296,74.79,22138.47,10362.96,11775.51,0.0,71.15,Winter,Friday,False,False
5,SKU0005,2023-12-16,458,66.1,30272.47,16034.58,14237.89,0.0,76.85,Winter,Saturday,False,False
5,SKU0005,2023-12-17,298,71.65,21351.29,10432.98,10918.31,0.0,61.43,Winter,Sunday,False,False
5,SKU0005,2023-12-18,297,76.72,22786.83,10397.97,12388.86,0.0,69.73,Winter,Monday,False,False
5,SKU0005,2023-12-19,590,64.89,38285.02,20655.9,17629.12,13.31,63.0,Winter,Tuesday,False,True
5,SKU0005,2023-12-20,351,66.1,23202.39,12288.51,10913.88,0.0,64.53,Winter,Wednesday,False,False
5,SKU0005,2023-12-21,296,71.14,21056.03,10362.96,10693.07,0.0,67.64,Winter,Thursday,False,False
5,SKU0005,2023-12-22,395,64.42,25447.3,13828.95,11618.35,0.0,74.48,Winter,Friday,False,False
5,SKU0005,2023-12-23,285,73.37,20910.24,9977.85,10932.39,0.0,72.44,Winter,Saturday,False,False
5,SKU0005,2023-12-24,358,70.6,25274.04,12533.58,12740.46,0.0,78.04,Winter,Sunday,False,False
5,SKU0005,2023-12-25,235,74.08,17407.72,8227.35,9180.37,0.0,66.28,Winter,Monday,True,False
5,SKU0005,2023-12-26,423,71.64,30303.46,14809.23,15494.23,0.0,72.26,Winter,Tuesday,True,False
5,SKU0005,2023-12-27,212,72.87,15448.27,7422.12,8026.15,0.0,74.2,Winter,Wednesday,False,False
5,SKU0005,2023-12-28,328,74.05,24289.76,11483.28,12806.48,0.0,66.12,Winter,Thursday,False,False
5,SKU0005,2023-12-29,323,66.5,21480.05,11308.23,10171.82,0.0,64.37,Winter,Friday,False,False
5,SKU0005,2023-12-31,370,66.44,24581.32,12953.7,11627.62,0.0,69.02,Winter,Sunday,False,False
5,SKU0005,2024-01-01,396,68.46,27111.64,13863.96,13247.68,0.0,67.52,Winter,Monday,True,False
5,SKU0005,2024-01-02,333,73.16,24362.08,11658.33,12703.75,0.0,61.4,Winter,Tuesday,False,False
5,SKU0005,2024-01-03,215,66.22,14237.02,7527.15,6709.87,0.0,80.46,Winter,Wednesday,False,False
5,SKU0005,2024-01-04,420,65.38,27458.87,14704.2,12754.67,0.0,73.07,Winter,Thursday,False,False
5,SKU0005,2024-01-05,278,74.36,20672.98,9732.78,10940.2,0.0,80.09,Winter,Friday,False,False
5,SKU0005,2024-01-06,266,73.67,19596.48,9312.66,10283.82,0.0,78.76,Winter,Saturday,False,False
5,SKU0005,2024-01-07,505,64.93,32791.3,17680.05,15111.25,10.75,79.09,Winter,Sunday,False,True
5,SKU0005,2024-01-08,416,67.12,27923.3,14564.16,13359.14,0.0,65.37,Winter,Monday,False,False
5,SKU0005,2024-01-09,294,66.23,19470.49,10292.94,9177.55,0.0,70.45,Winter,Tuesday,False,False
5,SKU0005,2024-01-10,302,64.31,19421.67,10573.02,8848.65,0.0,73.27,Winter,Wednesday,False,False
5,SKU0005,2024-01-11,292,76.38,22301.66,10222.92,12078.74,0.0,63.21,Winter,Thursday,False,False
5,SKU0005,2024-01-12,264,76.21,20119.44,9242.64,10876.8,0.0,64.48,Winter,Friday,False,False
5,SKU0005,2024-01-13,359,65.75,23605.75,12568.59,11037.16,0.0,60.93,Winter,Saturday,False,False
5,SKU0005,2024-01-14,327,74.46,24349.51,11448.27,12901.24,0.0,62.12,Winter,Sunday,False,False
5,SKU0005,2024-01-15,229,73.67,16871.14,8017.29,8853.85,0.0,62.73,Winter,Monday,False,False
5,SKU0005,2024-01-17,313,73.75,23083.74,10958.13,12125.61,0.0,59.95,Winter,Wednesday,False,False
5,SKU0005,2024-01-18,402,63.81,25653.28,14074.02,11579.26,0.0,60.53,Winter,Thursday,False,False
5,SKU0005,2024-01-19,378,64.87,24521.09,13233.78,11287.31,0.0,77.04,Winter,Friday,False,False
5,SKU0005,2024-01-20,508,66.93,33999.93,17785.08,16214.85,0.0,63.2,Winter,Saturday,False,False
5,SKU0005,2024-01-21,408,66.49,27129.55,14284.08,12845.47,0.0,75.37,Winter,Sunday,False,False
5,SKU0005,2024-01-22,466,61.47,28643.73,16314.66,12329.07,10.01,76.3,Winter,Monday,False,True
5,SKU0005,2024-01-23,339,68.55,23238.39,11868.39,11370.0,0.0,68.0,Winter,Tuesday,False,False
5,SKU0005,2024-01-24,327,76.49,25012.66,11448.27,13564.39,0.0,66.95,Winter,Wednesday,False,False
5,SKU0005,2024-01-25,233,73.08,17027.14,8157.33,8869.81,0.0,75.31,Winter,Thursday,False,False
5,SKU0005,2024-01-26,298,68.73,20480.68,10432.98,10047.7,0.0,70.01,Winter,Friday,False,False
5,SKU0005,2024-01-27,442,65.92,29134.58,15474.42,13660.16,0.0,67.24,Winter,Saturday,False,False
5,SKU0005,2024-01-28,344,71.48,24589.79,12043.44,12546.35,0.0,67.41,Winter,Sunday,False,False
5,SKU0005,2024-01-29,281,67.42,18945.83,9837.81,9108.02,0.0,59.85,Winter,Monday,False,False
5,SKU0005,2024-01-30,333,71.96,23962.32,11658.33,12303.99,0.0,77.69,Winter,Tuesday,False,False
5,SKU0005,2024-01-31,366,73.51,26904.72,12813.66,14091.06,0.0,65.86,Winter,Wednesday,False,False
5,SKU0005,2024-02-01,391,63.25,24729.72,13688.91,11040.81,0.0,68.74,Winter,Thursday,False,False
5,SKU0005,2024-02-02,266,69.55,18499.97,9312.66,9187.31,0.0,78.05,Winter,Friday,False,False
5,SKU0005,2024-02-03,290,68.84,19963.85,10152.9,9810.95,0.0,79.42,Winter,Saturday,False,False
5,SKU0005,2024-02-04,315,75.94,23921.15,11028.15,12893.0,0.0,60.63,Winter,Sunday,False,False
5,SKU0005,2024-02-05,371,68.43,25388.03,12988.71,12399.32,0.0,68.62,Winter,Monday,False,False
5,SKU0005,2024-02-06,346,67.99,23523.25,12113.46,11409.79,0.0,69.54,Winter,Tuesday,False,False
