data/sales_data.csv
product_id,sku,date,quantity,price,revenue,cost,profit,discount_percent,competitor_price,season,day_of_week,is_holiday,promotion_active
5,SKU0005,2024-02-07,258,75.18,19397.03,9032.58,10364.45,0.0,66.92,Winter,Wednesday,False,False
5,SKU0005,2024-02-08,230,75.93,17463.78,8052.3,9411.48,0.0,80.36,Winter,Thursday,False,False
5,SKU0005,2024-02-09,231,72.98,16857.53,8087.31,8770.22,0.0,60.04,Winter,Friday,False,False
5,SKU0005,2024-02-11,363,74.2,26934.73,12708.63,14226.1,0.0,72.58,Winter,Sunday,False,False
5,SKU0005,2024-02-12,287,63.73,18290.81,10047.87,8242.94,0.0,62.11,Winter,Monday,False,False
5,SKU0005,2024-02-13,377,69.85,26331.63,13198.77,13132.86,0.0,60.28,Winter,Tuesday,False,False
5,SKU0005,2024-02-14,387,73.22,28337.0,13548.87,14788.13,0.0,60.93,Winter,Wednesday,True,False
5,SKU0005,2024-02-15,305,76.08,23205.31,10678.05,12527.26,0.0,73.39,Winter,Thursday,False,False
5,SKU0005,2024-02-16,219,73.14,16016.89,7667.19,8349.7,0.0,62.5,Winter,Friday,False,False
5,SKU0005,2024-02-17,349,64.32,22448.74,12218.49,10230.25,0.0,67.8,Winter,Saturday,False,False
5,SKU0005,2024-02-18,1010,50.91,51422.64,35360.1,16062.54,24.3,71.48,Winter,Sunday,False,True
5,SKU0005,2024-02-19,283,74.58,21107.33,9907.83,11199.5,0.0,71.01,Winter,Monday,False,False
5,SKU0005,2024-02-21,562,64.55,36278.18,19675.62,16602.56,13.98,60.91,Winter,Wednesday,False,True
5,SKU0005,2024-02-22,238,76.76,18268.57,8332.38,9936.19,0.0,69.88,Winter,Thursday,False,False
5,SKU0005,2024-02-23,662,53.14,35177.86,23176.62,12001.24,23.49,80.09,Winter,Friday,False,True
5,SKU0005,2024-02-24,355,76.4,27122.42,12428.55,14693.87,0.0,71.25,Winter,Saturday,False,False
5,SKU0005,2024-02-25,271,74.42,20168.52,9487.71,10680.81,0.0,73.48,Winter,Sunday,False,False
5,SKU0005,2024-02-26,350,72.37,25329.22,12253.5,13075.72,0.0,71.91,Winter,Monday,False,False
5,SKU0005,2024-02-27,254,74.31,18874.2,8892.54,9981.66,0.0,64.67,Winter,Tuesday,False,False
5,SKU0005,2024-02-28,386,69.09,26670.27,13513.86,13156.41,0.0,79.26,Winter,Wednesday,False,False
5,SKU0005,2024-02-29,273,76.64,20922.87,9557.73,11365.14,0.0,60.59,Winter,Thursday,False,False
5,SKU0005,2024-03-01,239,74.24,17744.47,8367.39,9377.08,0.0,76.83,Spring,Friday,False,False
5,SKU0005,2024-03-02,265,74.84,19833.72,9277.65,10556.07,0.0,79.6,Spring,Saturday,False,False
5,SKU0005,2024-03-03,371,65.16,24175.93,12988.71,11187.22,0.0,70.91,Spring,Sunday,False,False
5,SKU0005,2024-03-04,266,73.42,19528.74,9312.66,10216.08,0.0,66.47,Spring,Monday,False,False
5,SKU0005,2024-03-05,699,54.05,37781.66,24471.99,13309.67,17.22,60.91,Spring,Tuesday,False,True
5,SKU0005,2024-03-06,214,75.47,16150.98,7492.14,8658.84,0.0,76.64,Spring,Wednesday,False,False
5,SKU0005,2024-03-08,335,64.67,21665.67,11728.35,9937.32,0.0,77.98,Spring,Friday,False,False
5,SKU0005,2024-03-09,186,76.44,14217.41,6511.86,7705.55,0.0,68.03,Spring,Saturday,False,False
5,SKU0005,2024-03-10,392,67.03,26275.64,13723.92,12551.72,0.0,62.98,Spring,Sunday,False,False
5,SKU0005,2024-03-11,256,67.6,17305.42,8962.56,8342.86,0.0,61.26,Spring,Monday,False,False
5,SKU0005,2024-03-12,358,66.66,23863.09,12533.58,11329.51,10.13,69.87,Spring,Tuesday,False,True
5,SKU0005,2024-03-13,414,59.66,24698.03,14494.14,10203.89,22.12,80.35,Spring,Wednesday,False,True
5,SKU0005,2024-03-14,438,57.64,25247.5,15334.38,9913.12,12.0,67.22,Spring,Thursday,False,True
5,SKU0005,2024-03-15,192,74.6,14322.41,6721.92,7600.49,0.0,71.53,Spring,Friday,False,False
5,SKU0005,2024-03-17,350,76.86,26899.79,12253.5,14646.29,0.0,76.77,Spring,Sunday,False,False
5,SKU0005,2024-03-18,297,65.4,19423.14,10397.97,9025.17,0.0,80.39,Spring,Monday,False,False
5,SKU0005,2024-03-19,273,71.33,19472.42,9557.73,9914.69,0.0,70.57,Spring,Tuesday,False,False
5,SKU0005,2024-03-20,324,67.0,21708.44,11343.24,10365.2,0.0,72.25,Spring,Wednesday,False,False
5,SKU0005,2024-03-21,266,72.03,19159.73,9312.66,9847.07,0.0,61.54,Spring,Thursday,False,False
5,SKU0005,2024-03-23,254,72.33,18372.02,8892.54,9479.48,0.0,76.54,Spring,Saturday,False,False
5,SKU0005,2024-03-24,404,70.14,28338.3,14144.04,14194.26,0.0,74.34,Spring,Sunday,False,False
5,SKU0005,2024-03-25,309,74.32,22964.49,10818.09,12146.4,0.0,80.2,Spring,Monday,False,False
5,SKU0005,2024-03-26,224,67.59,15140.57,7842.24,7298.33,0.0,62.64,Spring,Tuesday,False,False
5,SKU0005,2024-03-27,285,64.13,18277.24,9977.85,8299.39,0.0,61.99,Spring,Wednesday,False,False
5,SKU0005,2024-03-28,272,69.3,18850.87,9522.72,9328.15,0.0,61.06,Spring,Thursday,False,False
5,SKU0005,2024-03-29,219,72.65,15910.11,7667.19,8242.92,0.0,74.61,Spring,Friday,False,False
5,SKU0005,2024-03-30,427,64.74,27641.91,14949.27,12692.64,0.0,79.32,Spring,Saturday,False,False
5,SKU0005,2024-03-31,285,71.25,20305.61,9977.85,10327.76,0.0,63.92,Spring,Sunday,False,False
5,SKU0005,2024-04-01,457,63.49,29015.77,15999.57,13016.2,0.0,63.54,Spring,Monday,False,False
5,SKU0005,2024-04-02,1013,48.99,49628.56,35465.13,14163.43,22.8,63.44,Spring,Tuesday,False,True
5,SKU0005,2024-04-03,267,72.24,19287.34,9347.67,9939.67,0.0,74.41,Spring,Wednesday,False,False
5,SKU0005,2024-04-04,379,64.88,24589.21,13268.79,11320.42,0.0,79.82,Spring,Thursday,False,False
5,SKU0005,2024-04-05,352,67.43,23734.06,12323.52,11410.54,0.0,71.42,Spring,Friday,False,False
5,SKU0005,2024-04-06,384,63.12,24238.91,13443.84,10795.07,0.0,79.56,Spring,Saturday,False,False
5,SKU0005,2024-04-07,294,69.84,20531.92,10292.94,10238.98,0.0,62.63,Spring,Sunday,False,False
5,SKU0005,2024-04-08,316,66.38,20975.85,11063.16,9912.69,0.0,79.62,Spring,Monday,False,False
5,SKU0005,2024-04-09,285,73.11,20836.88,9977.85,10859.03,0.0,75.71,Spring,Tuesday,False,False
5,SKU0005,2024-04-10,258,72.98,18828.83,9032.58,9796.25,0.0,67.35,Spring,Wednesday,False,False
5,SKU0005,2024-04-11,525,54.17,28440.88,18380.25,10060.63,22.36,63.95,Spring,Thursday,False,True
5,SKU0005,2024-04-12,228,72.24,16471.17,7982.28,8488.89,0.0,70.12,Spring,Friday,False,False
5,SKU0005,2024-04-13,279,75.48,21057.74,9767.79,11289.95,0.0,72.38,Spring,Saturday,False,False
5,SKU0005,2024-04-14,339,69.11,23427.91,11868.39,11559.52,0.0,76.33,Spring,Sunday,False,False
5,SKU0005,2024-04-15,327,73.09,23899.9,11448.27,12451.63,0.0,70.83,Spring,Monday,False,False
5,SKU0005,2024-04-16,272,63.64,17310.45,9522.72,7787.73,0.0,68.07,Spring,Tuesday,False,False
5,SKU0005,2024-04-17,263,74.11,19490.12,9207.63,10282.49,0.0,77.97,Spring,Wednesday,False,False
5,SKU0005,2024-04-18,284,75.82,21532.63,9942.84,11589.79,0.0,64.37,Spring,Thursday,False,False
5,SKU0005,2024-04-19,358,71.29,25522.85,12533.58,12989.27,0.0,65.82,Spring,Friday,False,False
5,SKU0005,2024-04-20,388,63.56,24661.32,13583.88,11077.44,0.0,78.51,Spring,Saturday,False,False
5,SKU0005,2024-04-21,398,66.73,26560.21,13933.98,12626.23,0.0,60.37,Spring,Sunday,False,False
5,SKU0005,2024-04-22,308,69.31,21347.26,10783.08,10564.18,0.0,68.55,Spring,Monday,False,False
5,SKU0005,2024-04-23,251,74.25,18637.93,8787.51,9850.42,0.0,76.62,Spring,Tuesday,False,False
5,SKU0005,2024-04-24,284,68.85,19554.6,9942.84,9611.76,0.0,79.53,Spring,Wednesday,False,False
5,SKU0005,2024-04-25,278,71.98,20010.67,9732.78,10277.89,0.0,72.13,Spring,Thursday,False,False
5,SKU0005,2024-04-26,268,66.72,17880.65,9382.68,8497.97,13.2,65.56,Spring,Friday,False,True
5,SKU0005,2024-04-27,414,66.31,27450.94,14494.14,12956.8,0.0,71.3,Spring,Saturday,False,False
5,SKU0005,2024-04-28,333,70.65,23526.8,11658.33,11868.47,0.0,73.91,Spring,Sunday,False,False
5,SKU0005,2024-04-30,326,73.51,23965.15,11413.26,12551.89,0.0,73.33,Spring,Tuesday,False,False
5,SKU0005,2024-05-01,259,68.84,17828.97,9067.59,8761.38,0.0,63.8,Spring,Wednesday,False,False
5,SKU0005,2024-05-02,314,64.38,20216.84,10993.14,9223.7,0.0,66.02,Spring,Thursday,False,False
5,SKU0005,2024-05-03,353,70.7,24957.71,12358.53,12599.18,0.0,80.16,Spring,Friday,False,False
5,SKU0005,2024-05-05,271,73.92,20032.98,9487.71,10545.27,0.0,79.35,Spring,Sunday,False,False
5,SKU0005,2024-05-06,325,64.61,20996.83,11378.25,9618.58,0.0,62.07,Spring,Monday,False,False
5,SKU0005,2024-05-07,277,73.93,20479.9,9697.77,10782.13,0.0,62.08,Spring,Tuesday,False,False
5,SKU0005,2024-05-08,316,66.92,21145.24,11063.16,10082.08,0.0,76.09,Spring,Wednesday,False,False
5,SKU0005,2024-05-09,235,68.45,16085.72,8227.35,7858.37,0.0,79.37,Spring,Thursday,False,False
5,SKU0005,2024-05-10,214,75.77,16215.75,7492.14,8723.61,0.0,79.88,Spring,Friday,False,False
5,SKU0005,2024-05-11,246,76.91,18920.28,8612.46,10307.82,0.0,66.7,Spring,Saturday,False,False
5,SKU0005,2024-05-12,303,72.67,22020.28,10608.03,11412.25,0.0,80.34,Spring,Sunday,False,False
5,SKU0005,2024-05-13,316,67.94,21468.65,11063.16,10405.49,0.0,67.69,Spring,Monday,False,False
5,SKU0005,2024-05-14,354,64.47,22821.81,12393.54,10428.27,0.0,76.57,Spring,Tuesday,False,False
5,SKU0005,2024-05-15,235,65.68,15434.98,8227.35,7207.63,0.0,75.76,Spring,Wednesday,False,False
5,SKU0005,2024-05-16,394,63.95,25198.22,13793.94,11404.28,0.0,64.28,Spring,Thursday,False,False
5,SKU0005,2024-05-17,241,75.8,18268.28,8437.41,9830.87,0.0,75.71,Spring,Friday,False,False
5,SKU0005,2024-05-18,378,72.02,27222.03,13233.78,13988.25,0.0,60.4,Spring,Saturday,False,False
5,SKU0005,2024-05-19,448,63.07,28255.41,15684.48,12570.93,0.0,80.26,Spring,Sunday,False,False
5,SKU0005,2024-05-20,303,72.1,21847.1,10608.03,11239.07,0.0,77.11,Spring,Monday,False,False
5,SKU0005,2024-05-21,254,75.09,19072.74,8892.54,10180.2,0.0,77.23,Spring,Tuesday,False,False
5,SKU0005,2024-05-22,325,70.88,23036.01,11378.25,11657.76,0.0,62.37,Spring,Wednesday,False,False
5,SKU0005,2024-05-23,242,76.97,18626.23,8472.42,10153.81,0.0,66.67,Spring,Thursday,False,False
5,SKU0005,2024-05-24,340,63.47,21580.77,11903.4,9677.37,0.0,66.18,Spring,Friday,False,False
5,SKU0005,2024-05-25,389,74.53,28992.79,13618.89,15373.9,0.0,77.55,Spring,Saturday,False,False
5,SKU0005,2024-05-26,1080,50.78,54841.07,37810.8,17030.27,24.46,64.94,Spring,Sunday,False,True
5,SKU0005,2024-05-27,354,65.16,23067.04,12393.54,10673.5,0.0,68.17,Spring,Monday,False,False
5,SKU0005,2024-05-28,403,62.61,25233.62,14109.03,11124.59,11.13,65.82,Spring,Tuesday,False,True
5,SKU0005,2024-05-29,366,65.31,23903.39,12813.66,11089.73,14.92,77.78,Spring,Wednesday,False,True
5,SKU0005,2024-05-30,277,71.46,19794.73,9697.77,10096.96,0.0,67.13,Spring,Thursday,False,False
5,SKU0005,2024-05-31,635,56.71,36008.09,22231.35,13776.74,15.01,63.35,Spring,Friday,False,True
5,SKU0005,2024-06-01,169,74.23,12544.26,5916.69,6627.57,0.0,65.33,Summer,Saturday,False,False
5,SKU0005,2024-06-02,212,70.72,14993.3,7422.12,7571.18,0.0,77.57,Summer,Sunday,False,False
5,SKU0005,2024-06-03,214,70.71,15130.94,7492.14,7638.8,0.0,74.02,Summer,Monday,False,False
5,SKU0005,2024-06-04,190,70.75,13443.14,6651.9,6791.24,0.0,78.32,Summer,Tuesday,False,False
5,SKU0005,2024-06-05,181,63.59,11509.52,6336.81,5172.71,0.0,68.34,Summer,Wednesday,False,False
5,SKU0005,2024-06-06,193,66.79,12889.65,6756.93,6132.72,0.0,60.96,Summer,Thursday,False,False
5,SKU0005,2024-06-07,149,71.26,10617.24,5216.49,5400.75,0.0,69.54,Summer,Friday,False,False
5,SKU0005,2024-06-08,212,68.08,14431.95,7422.12,7009.83,0.0,65.07,Summer,Saturday,False,False
5,SKU0005,2024-06-09,193,70.88,13679.24,6756.93,6922.31,0.0,61.24,Summer,Sunday,False,False
5,SKU0005,2024-06-10,153,72.1,11031.21,5356.53,5674.68,0.0,77.72,Summer,Monday,False,False
5,SKU0005,2024-06-11,179,63.25,11322.45,6266.79,5055.66,0.0,74.39,Summer,Tuesday,False,False
5,SKU0005,2024-06-12,142,76.42,10852.2,4971.42,5880.78,0.0,70.22,Summer,Wednesday,False,False
5,SKU0005,2024-06-13,204,63.09,12870.77,7142.04,5728.73,0.0,65.26,Summer,Thursday,False,False
5,SKU0005,2024-06-14,88,73.89,6502.21,3080.88,3421.33,0.0,71.02,Summer,Friday,False,False
5,SKU0005,2024-06-15,728,52.78,38421.09,25487.28,12933.81,20.0,70.6,Summer,Saturday,False,True
5,SKU0005,2024-06-16,257,68.68,17651.51,8997.57,8653.94,0.0,78.65,Summer,Sunday,False,False
5,SKU0005,2024-06-17,187,66.51,12436.51,6546.87,5889.64,0.0,62.14,Summer,Monday,False,False
5,SKU0005,2024-06-18,166,72.1,11968.16,5811.66,6156.5,0.0,80.06,Summer,Tuesday,False,False
5,SKU0005,2024-06-19,167,65.7,10971.08,5846.67,5124.41,0.0,62.21,Summer,Wednesday,False,False
5,SKU0005,2024-06-20,208,71.99,14974.35,7282.08,7692.27,0.0,73.61,Summer,Thursday,False,False
5,SKU0005,2024-06-21,281,63.58,17866.27,9837.81,8028.46,0.0,75.16,Summer,Friday,False,False
5,SKU0005,2024-06-22,200,72.6,14519.54,7002.0,7517.54,0.0,64.1,Summer,Saturday,False,False
5,SKU0005,2024-06-23,236,71.06,16771.19,8262.36,8508.83,0.0,74.58,Summer,Sunday,False,False
5,SKU0005,2024-06-24,227,63.21,14348.83,7947.27,6401.56,0.0,63.85,Summer,Monday,False,False
5,SKU0005,2024-06-25,128,73.16,9364.65,4481.28,4883.37,0.0,77.77,Summer,Tuesday,False,False
5,SKU0005,2024-06-26,172,68.78,11829.37,6021.72,5807.65,0.0,73.81,Summer,Wednesday,False,False
5,SKU0005,2024-06-27,206,65.84,13563.14,7212.06,6351.08,0.0,63.86,Summer,Thursday,False,False
5,SKU0005,2024-06-28,140,75.2,10528.11,4901.4,5626.71,0.0,73.43,Summer,Friday,False,False
5,SKU0005,2024-06-29,169,76.31,12896.36,5916.69,6979.67,0.0,64.81,Summer,Saturday,False,False
5,SKU0005,2024-06-30,244,65.24,15918.34,8542.44,7375.9,0.0,77.03,Summer,Sunday,False,False
5,SKU0005,2024-07-01,172,70.36,12101.93,6021.72,6080.21,0.0,61.84,Summer,Monday,False,False
5,SKU0005,2024-07-02,196,66.99,13129.53,6861.96,6267.57,0.0,75.67,Summer,Tuesday,False,False
5,SKU0005,2024-07-03,132,73.7,9728.13,4621.32,5106.81,0.0,69.06,Summer,Wednesday,False,False
5,SKU0005,2024-07-04,232,66.16,15348.96,8122.32,7226.64,0.0,77.66,Summer,Thursday,True,False
5,SKU0005,2024-07-05,117,76.51,8951.78,4096.17,4855.61,0.0,69.61,Summer,Friday,False,False
5,SKU0005,2024-07-06,288,64.89,18687.56,10082.88,8604.68,0.0,73.07,Summer,Saturday,False,False
5,SKU0005,2024-07-07,118,76.83,9066.28,4131.18,4935.1,0.0,73.0,Summer,Sunday,False,False
5,SKU0005,2024-07-08,230,66.77,15356.3,8052.3,7304.0,0.0,64.87,Summer,Monday,False,False
5,SKU0005,2024-07-09,395,61.76,24396.46,13828.95,10567.51,17.75,68.0,Summer,Tuesday,False,True
5,SKU0005,2024-07-10,256,67.55,17293.27,8962.56,8330.71,11.61,64.81,Summer,Wednesday,False,True
5,SKU0005,2024-07-11,88,76.43,6725.78,3080.88,3644.9,0.0,77.49,Summer,Thursday,False,False
5,SKU0005,2024-07-12,139,75.96,10558.96,4866.39,5692.57,0.0,72.7,Summer,Friday,False,False
5,SKU0005,2024-07-13,265,63.07,16712.28,9277.65,7434.63,0.0,66.39,Summer,Saturday,False,False
5,SKU0005,2024-07-14,175,70.77,12385.53,6126.75,6258.78,0.0,59.55,Summer,Sunday,False,False
5,SKU0005,2024-07-15,195,64.54,12584.71,6826.95,5757.76,0.0,75.57,Summer,Monday,False,False
5,SKU0005,2024-07-16,190,74.29,14114.25,6651.9,7462.35,0.0,72.73,Summer,Tuesday,False,False
5,SKU0005,2024-07-17,159,76.47,12158.89,5566.59,6592.3,0.0,67.01,Summer,Wednesday,False,False
5,SKU0005,2024-07-18,144,71.77,10334.18,5041.44,5292.74,0.0,66.34,Summer,Thursday,False,False
5,SKU0005,2024-07-19,143,68.02,9726.25,5006.43,4719.82,0.0,70.7,Summer,Friday,False,False
5,SKU0005,2024-07-20,208,69.05,14362.66,7282.08,7080.58,0.0,74.01,Summer,Saturday,False,False
5,SKU0005,2024-07-21,173,75.56,13072.67,6056.73,7015.94,0.0,77.72,Summer,Sunday,False,False
5,SKU0005,2024-07-22,197,68.79,13552.16,6896.97,6655.19,0.0,61.04,Summer,Monday,False,False
5,SKU0005,2024-07-23,132,76.68,10122.4,4621.32,5501.08,0.0,62.37,Summer,Tuesday,False,False
5,SKU0005,2024-07-24,216,66.08,14272.73,7562.16,6710.57,0.0,64.9,Summer,Wednesday,False,False
5,SKU0005,2024-07-25,237,68.75,16293.17,8297.37,7995.8,0.0,73.02,Summer,Thursday,False,False
5,SKU0005,2024-07-26,167,75.53,12612.68,5846.67,6766.01,0.0,78.92,Summer,Friday,False,False
5,SKU0005,2024-07-27,254,64.33,16339.19,8892.54,7446.65,0.0,72.09,Summer,Saturday,False,False
5,SKU0005,2024-07-28,171,76.16,13022.94,5986.71,7036.23,0.0,69.52,Summer,Sunday,False,False
5,SKU0005,2024-07-29,195,65.36,12744.65,6826.95,5917.7,0.0,74.82,Summer,Monday,False,False
5,SKU0005,2024-07-30,209,69.87,14603.59,7317.09,7286.5,0.0,76.23,Summer,Tuesday,False,False
5,SKU0005,2024-07-31,192,64.42,12368.58,6721.92,5646.66,0.0,64.33,Summer,Wednesday,False,False
5,SKU0005,2024-08-01,225,63.02,14179.34,7877.25,6302.09,0.0,79.15,Summer,Thursday,False,False
5,SKU0005,2024-08-02,173,70.81,12249.83,6056.73,6193.1,0.0,75.04,Summer,Friday,False,False
5,SKU0005,2024-08-03,190,71.02,13494.59,6651.9,6842.69,0.0,63.56,Summer,Saturday,False,False
5,SKU0005,2024-08-05,161,74.6,12011.11,5636.61,6374.5,0.0,65.71,Summer,Monday,False,False
5,SKU0005,2024-08-07,172,73.16,12583.14,6021.72,6561.42,0.0,75.41,Summer,Wednesday,False,False
5,SKU0005,2024-08-08,140,74.71,10459.09,4901.4,5557.69,0.0,73.97,Summer,Thursday,False,False
5,SKU0005,2024-08-09,244,65.25,15919.93,8542.44,7377.49,0.0,63.12,Summer,Friday,False,False
5,SKU0005,2024-08-10,529,50.65,26791.34,18520.29,8271.05,22.64,61.3,Summer,Saturday,False,True
5,SKU0005,2024-08-11,325,64.04,20814.06,11378.25,9435.81,0.0,68.65,Summer,Sunday,False,False
5,SKU0005,2024-08-12,152,65.35,9932.49,5321.52,4610.97,0.0,74.51,Summer,Monday,False,False
5,SKU0005,2024-08-13,185,70.45,13033.67,6476.85,6556.82,0.0,71.95,Summer,Tuesday,False,False
5,SKU0005,2024-08-14,182,71.22,12961.86,6371.82,6590.04,0.0,69.03,Summer,Wednesday,False,False
5,SKU0005,2024-08-15,149,71.34,10629.68,5216.49,5413.19,0.0,64.05,Summer,Thursday,False,False
5,SKU0005,2024-08-16,218,65.43,14263.43,7632.18,6631.25,0.0,68.87,Summer,Friday,False,False
5,SKU0005,2024-08-17,241,71.51,17233.52,8437.41,8796.11,0.0,76.29,Summer,Saturday,False,False
5,SKU0005,2024-08-18,162,65.77,10654.18,5671.62,4982.56,0.0,75.75,Summer,Sunday,False,False
5,SKU0005,2024-08-19,229,64.29,14723.03,8017.29,6705.74,0.0,76.25,Summer,Monday,False,False
5,SKU0005,2024-08-20,136,63.77,8672.9,4761.36,3911.54,0.0,70.72,Summer,Tuesday,False,False
5,SKU0005,2024-08-21,147,70.86,10416.59,5146.47,5270.12,0.0,73.16,Summer,Wednesday,False,False
5,SKU0005,2024-08-22,192,74.46,14295.38,6721.92,7573.46,0.0,63.29,Summer,Thursday,False,False
5,SKU0005,2024-08-23,141,74.21,10463.1,4936.41,5526.69,0.0,60.58,Summer,Friday,False,False
