data/sales_data.csv
product_id,sku,date,quantity,price,revenue,cost,profit,discount_percent,competitor_price,season,day_of_week,is_holiday,promotion_active
5,SKU0005,2024-08-24,171,70.63,12078.0,5986.71,6091.29,0.0,70.84,Summer,Saturday,False,False
5,SKU0005,2024-08-25,373,62.35,23255.32,13058.73,10196.59,11.4,71.05,Summer,Sunday,False,True
5,SKU0005,2024-08-26,286,63.63,18199.45,10012.86,8186.59,0.0,77.12,Summer,Monday,False,False
5,SKU0005,2024-08-27,113,74.08,8371.22,3956.13,4415.09,0.0,61.39,Summer,Tuesday,False,False
5,SKU0005,2024-08-28,152,69.21,10520.32,5321.52,5198.8,0.0,72.83,Summer,Wednesday,False,False
5,SKU0005,2024-08-29,408,61.2,24971.24,14284.08,10687.16,16.91,80.37,Summer,Thursday,False,True
5,SKU0005,2024-08-31,347,64.83,22497.22,12148.47,10348.75,10.36,60.15,Summer,Saturday,False,True
5,SKU0005,2024-09-01,287,73.63,21130.91,10047.87,11083.04,0.0,71.82,Fall,Sunday,False,False
5,SKU0005,2024-09-02,1292,49.73,64245.61,45232.92,19012.69,24.3,75.98,Fall,Monday,False,True
5,SKU0005,2024-09-03,431,68.22,29403.27,15089.31,14313.96,0.0,75.24,Fall,Tuesday,False,False
5,SKU0005,2024-09-04,329,73.09,24046.62,11518.29,12528.33,0.0,66.09,Fall,Wednesday,False,False
5,SKU0005,2024-09-05,254,74.15,18833.3,8892.54,9940.76,0.0,65.61,Fall,Thursday,False,False
5,SKU0005,2024-09-06,381,65.25,24859.67,13338.81,11520.86,0.0,62.62,Fall,Friday,False,False
5,SKU0005,2024-09-07,377,70.58,26608.79,13198.77,13410.02,0.0,70.49,Fall,Saturday,False,False
5,SKU0005,2024-09-08,485,65.13,31586.44,16979.85,14606.59,0.0,65.59,Fall,Sunday,False,False
5,SKU0005,2024-09-09,494,63.61,31424.63,17294.94,14129.69,0.0,60.37,Fall,Monday,False,False
5,SKU0005,2024-09-10,463,63.39,29347.54,16209.63,13137.91,0.0,59.58,Fall,Tuesday,False,False
5,SKU0005,2024-09-11,309,66.46,20535.39,10818.09,9717.3,0.0,66.69,Fall,Wednesday,False,False
5,SKU0005,2024-09-12,393,70.24,27605.32,13758.93,13846.39,0.0,68.03,Fall,Thursday,False,False
5,SKU0005,2024-09-13,387,66.32,25665.91,13548.87,12117.04,0.0,65.18,Fall,Friday,False,False
5,SKU0005,2024-09-14,471,67.52,31802.98,16489.71,15313.27,0.0,67.21,Fall,Saturday,False,False
5,SKU0005,2024-09-15,425,74.01,31455.57,14879.25,16576.32,0.0,60.4,Fall,Sunday,False,False
5,SKU0005,2024-09-16,259,71.77,18588.62,9067.59,9521.03,0.0,63.88,Fall,Monday,False,False
5,SKU0005,2024-09-17,280,75.01,21001.62,9802.8,11198.82,0.0,72.5,Fall,Tuesday,False,False
5,SKU0005,2024-09-18,378,63.26,23910.76,13233.78,10676.98,0.0,72.88,Fall,Wednesday,False,False
5,SKU0005,2024-09-19,209,75.97,15877.04,7317.09,8559.95,0.0,60.87,Fall,Thursday,False,False
5,SKU0005,2024-09-20,426,63.68,27125.98,14914.26,12211.72,0.0,67.74,Fall,Friday,False,False
5,SKU0005,2024-09-21,645,64.76,41769.04,22581.45,19187.59,0.0,70.64,Fall,Saturday,False,False
5,SKU0005,2024-09-22,526,61.82,32515.1,18415.26,14099.84,13.88,63.24,Fall,Sunday,False,True
5,SKU0005,2024-09-23,327,70.0,22889.43,11448.27,11441.16,0.0,70.35,Fall,Monday,False,False
5,SKU0005,2024-09-24,321,73.71,23662.51,11238.21,12424.3,0.0,60.86,Fall,Tuesday,False,False
5,SKU0005,2024-09-25,392,65.19,25553.18,13723.92,11829.26,0.0,74.15,Fall,Wednesday,False,False
5,SKU0005,2024-09-26,354,67.15,23771.56,12393.54,11378.02,0.0,71.52,Fall,Thursday,False,False
5,SKU0005,2024-09-27,239,73.25,17506.43,8367.39,9139.04,0.0,62.85,Fall,Friday,False,False
5,SKU0005,2024-09-28,422,68.9,29074.48,14774.22,14300.26,0.0,67.25,Fall,Saturday,False,False
5,SKU0005,2024-09-29,345,70.42,24293.73,12078.45,12215.28,0.0,66.02,Fall,Sunday,False,False
5,SKU0005,2024-09-30,267,64.17,17133.04,9347.67,7785.37,0.0,76.78,Fall,Monday,False,False
5,SKU0005,2024-10-01,315,76.77,24183.45,11028.15,13155.3,0.0,66.97,Fall,Tuesday,False,False
5,SKU0005,2024-10-02,336,73.63,24739.09,11763.36,12975.73,0.0,60.41,Fall,Wednesday,False,False
5,SKU0005,2024-10-03,374,66.23,24768.53,13093.74,11674.79,0.0,66.66,Fall,Thursday,False,False
5,SKU0005,2024-10-04,373,67.13,25040.55,13058.73,11981.82,0.0,78.66,Fall,Friday,False,False
5,SKU0005,2024-10-05,1133,54.15,61351.12,39666.33,21684.79,15.66,65.39,Fall,Saturday,False,True
5,SKU0005,2024-10-06,394,71.08,28005.61,13793.94,14211.67,0.0,70.13,Fall,Sunday,False,False
5,SKU0005,2024-10-07,331,73.83,24437.6,11588.31,12849.29,0.0,67.26,Fall,Monday,False,False
5,SKU0005,2024-10-08,313,70.03,21920.51,10958.13,10962.38,0.0,80.15,Fall,Tuesday,False,False
5,SKU0005,2024-10-09,321,76.64,24600.33,11238.21,13362.12,0.0,76.99,Fall,Wednesday,False,False
5,SKU0005,2024-10-10,568,64.98,36909.54,19885.68,17023.86,10.56,60.73,Fall,Thursday,False,True
5,SKU0005,2024-10-11,380,66.36,25217.71,13303.8,11913.91,0.0,63.91,Fall,Friday,False,False
5,SKU0005,2024-10-12,340,67.99,23116.7,11903.4,11213.3,0.0,64.93,Fall,Saturday,False,False
5,SKU0005,2024-10-13,375,72.95,27354.42,13128.75,14225.67,0.0,64.18,Fall,Sunday,False,False
5,SKU0005,2024-10-14,345,64.45,22234.86,12078.45,10156.41,0.0,72.12,Fall,Monday,False,False
5,SKU0005,2024-10-15,269,73.12,19668.85,9417.69,10251.16,0.0,70.95,Fall,Tuesday,False,False
5,SKU0005,2024-10-16,331,65.8,21779.62,11588.31,10191.31,0.0,72.77,Fall,Wednesday,False,False
5,SKU0005,2024-10-17,314,66.05,20740.9,10993.14,9747.76,0.0,66.3,Fall,Thursday,False,False
5,SKU0005,2024-10-18,367,75.37,27662.58,12848.67,14813.91,0.0,74.71,Fall,Friday,False,False
5,SKU0005,2024-10-19,395,75.88,29970.82,13828.95,16141.87,0.0,70.12,Fall,Saturday,False,False
5,SKU0005,2024-10-20,548,67.6,37046.71,19185.48,17861.23,0.0,69.22,Fall,Sunday,False,False
5,SKU0005,2024-10-21,279,68.72,19172.99,9767.79,9405.2,0.0,77.67,Fall,Monday,False,False
5,SKU0005,2024-10-22,417,63.17,26340.83,14599.17,11741.66,0.0,76.75,Fall,Tuesday,False,False
5,SKU0005,2024-10-23,329,63.43,20868.37,11518.29,9350.08,0.0,75.87,Fall,Wednesday,False,False
5,SKU0005,2024-10-24,349,64.81,22618.41,12218.49,10399.92,0.0,78.93,Fall,Thursday,False,False
5,SKU0005,2024-10-25,299,68.3,20422.17,10467.99,9954.18,0.0,74.28,Fall,Friday,False,False
5,SKU0005,2024-10-26,515,66.99,34499.96,18030.15,16469.81,0.0,62.03,Fall,Saturday,False,False
5,SKU0005,2024-10-28,434,66.01,28648.63,15194.34,13454.29,0.0,76.16,Fall,Monday,False,False
5,SKU0005,2024-10-29,440,63.83,28084.96,15404.4,12680.56,0.0,61.01,Fall,Tuesday,False,False
5,SKU0005,2024-10-30,436,70.38,30687.23,15264.36,15422.87,0.0,65.54,Fall,Wednesday,False,False
5,SKU0005,2024-10-31,376,66.18,24883.95,13163.76,11720.19,0.0,69.54,Fall,Thursday,True,False
5,SKU0005,2024-11-01,375,71.23,26712.05,13128.75,13583.3,0.0,68.07,Fall,Friday,False,False
5,SKU0005,2024-11-02,419,73.14,30646.6,14669.19,15977.41,0.0,72.26,Fall,Saturday,False,False
5,SKU0005,2024-11-03,410,64.05,26259.4,14354.1,11905.3,0.0,66.56,Fall,Sunday,False,False
5,SKU0005,2024-11-04,456,64.31,29325.14,15964.56,13360.58,0.0,74.12,Fall,Monday,False,False
5,SKU0005,2024-11-05,378,67.13,25376.82,13233.78,12143.04,0.0,68.07,Fall,Tuesday,False,False
5,SKU0005,2024-11-06,275,74.64,20524.76,9627.75,10897.01,0.0,75.86,Fall,Wednesday,False,False
5,SKU0005,2024-11-07,288,69.91,20135.01,10082.88,10052.13,0.0,68.66,Fall,Thursday,False,False
5,SKU0005,2024-11-08,361,63.67,22983.86,12638.61,10345.25,0.0,61.96,Fall,Friday,False,False
5,SKU0005,2024-11-10,1198,49.39,59164.39,41941.98,17222.41,24.85,63.79,Fall,Sunday,False,True
5,SKU0005,2024-11-11,311,75.41,23450.98,10888.11,12562.87,0.0,77.82,Fall,Monday,False,False
5,SKU0005,2024-11-12,715,54.2,38754.96,25032.15,13722.81,16.83,75.17,Fall,Tuesday,False,True
5,SKU0005,2024-11-13,646,56.78,36680.68,22616.46,14064.22,13.28,66.99,Fall,Wednesday,False,True
5,SKU0005,2024-11-14,380,70.15,26655.9,13303.8,13352.1,0.0,71.53,Fall,Thursday,False,False
5,SKU0005,2024-11-15,225,74.89,16849.22,7877.25,8971.97,0.0,71.31,Fall,Friday,False,False
5,SKU0005,2024-11-16,350,71.72,25100.95,12253.5,12847.45,0.0,76.98,Fall,Saturday,False,False
5,SKU0005,2024-11-17,325,76.51,24864.34,11378.25,13486.09,0.0,65.9,Fall,Sunday,False,False
5,SKU0005,2024-11-18,294,74.13,21795.55,10292.94,11502.61,0.0,75.91,Fall,Monday,False,False
5,SKU0005,2024-11-19,360,66.34,23883.45,12603.6,11279.85,0.0,78.69,Fall,Tuesday,False,False
5,SKU0005,2024-11-20,343,70.42,24154.27,12008.43,12145.84,0.0,63.97,Fall,Wednesday,False,False
5,SKU0005,2024-11-21,344,71.62,24638.51,12043.44,12595.07,0.0,61.67,Fall,Thursday,False,False
5,SKU0005,2024-11-23,334,70.12,23421.29,11693.34,11727.95,0.0,71.72,Fall,Saturday,False,False
5,SKU0005,2024-11-24,1193,54.59,65122.81,41766.93,23355.88,18.61,74.53,Fall,Sunday,True,True
5,SKU0005,2024-11-25,562,66.59,37424.95,19675.62,17749.33,0.0,67.98,Fall,Monday,True,False
5,SKU0005,2024-11-26,360,71.04,25574.15,12603.6,12970.55,0.0,68.36,Fall,Tuesday,False,False
5,SKU0005,2024-11-27,228,74.33,16948.2,7982.28,8965.92,0.0,73.31,Fall,Wednesday,False,False
5,SKU0005,2024-11-28,325,72.01,23401.64,11378.25,12023.39,0.0,75.19,Fall,Thursday,False,False
5,SKU0005,2024-11-29,206,73.68,15177.3,7212.06,7965.24,0.0,61.4,Fall,Friday,False,False
5,SKU0005,2024-11-30,467,65.05,30378.87,16349.67,14029.2,0.0,71.69,Fall,Saturday,False,False
5,SKU0005,2024-12-01,453,70.98,32155.27,15859.53,16295.74,0.0,71.39,Winter,Sunday,False,False
5,SKU0005,2024-12-02,231,73.83,17055.49,8087.31,8968.18,0.0,71.48,Winter,Monday,False,False
5,SKU0005,2024-12-03,227,75.02,17028.88,7947.27,9081.61,0.0,78.22,Winter,Tuesday,False,False
5,SKU0005,2024-12-04,292,74.77,21832.83,10222.92,11609.91,0.0,64.2,Winter,Wednesday,False,False
5,SKU0005,2024-12-05,206,73.89,15221.11,7212.06,8009.05,0.0,71.36,Winter,Thursday,False,False
5,SKU0005,2024-12-06,337,63.79,21495.56,11798.37,9697.19,0.0,60.0,Winter,Friday,False,False
5,SKU0005,2024-12-07,464,65.19,30247.52,16244.64,14002.88,0.0,69.12,Winter,Saturday,False,False
5,SKU0005,2024-12-08,278,75.5,20990.13,9732.78,11257.35,0.0,63.17,Winter,Sunday,False,False
5,SKU0005,2024-12-09,284,70.88,20130.91,9942.84,10188.07,0.0,64.31,Winter,Monday,False,False
5,SKU0005,2024-12-10,364,67.58,24599.19,12743.64,11855.55,0.0,78.59,Winter,Tuesday,False,False
5,SKU0005,2024-12-11,271,75.6,20487.84,9487.71,11000.13,0.0,73.32,Winter,Wednesday,False,False
5,SKU0005,2024-12-12,395,63.26,24988.91,13828.95,11159.96,0.0,65.5,Winter,Thursday,False,False
5,SKU0005,2024-12-13,638,56.91,36310.94,22336.38,13974.56,16.11,80.14,Winter,Friday,False,True
5,SKU0005,2024-12-14,373,70.95,26463.61,13058.73,13404.88,0.0,60.15,Winter,Saturday,False,False
5,SKU0005,2024-12-15,315,74.0,23309.43,11028.15,12281.28,0.0,75.55,Winter,Sunday,False,False
5,SKU0005,2024-12-16,381,65.07,24792.11,13338.81,11453.3,0.0,61.48,Winter,Monday,False,False
5,SKU0005,2024-12-17,271,71.04,19252.13,9487.71,9764.42,0.0,72.76,Winter,Tuesday,False,False
5,SKU0005,2024-12-18,335,66.05,22127.32,11728.35,10398.97,0.0,76.51,Winter,Wednesday,False,False
5,SKU0005,2024-12-19,564,57.31,32320.32,19745.64,12574.68,23.23,76.47,Winter,Thursday,False,True
5,SKU0005,2024-12-20,324,67.74,21946.23,11343.24,10602.99,0.0,62.04,Winter,Friday,False,False
5,SKU0005,2024-12-21,283,73.9,20914.31,9907.83,11006.48,0.0,62.65,Winter,Saturday,False,False
5,SKU0005,2024-12-22,269,73.85,19864.34,9417.69,10446.65,0.0,65.23,Winter,Sunday,False,False
5,SKU0005,2024-12-23,270,74.99,20246.31,9452.7,10793.61,0.0,62.97,Winter,Monday,False,False
5,SKU0005,2024-12-24,395,63.03,24897.52,13828.95,11068.57,0.0,70.31,Winter,Tuesday,False,False
5,SKU0005,2024-12-25,370,75.72,28018.02,12953.7,15064.32,0.0,80.49,Winter,Wednesday,True,False
5,SKU0005,2024-12-26,300,76.74,23021.11,10503.0,12518.11,0.0,63.76,Winter,Thursday,True,False
5,SKU0005,2024-12-27,831,53.12,44143.04,29093.31,15049.73,19.18,76.81,Winter,Friday,False,True
5,SKU0005,2024-12-28,665,64.34,42785.64,23281.65,19503.99,15.63,73.13,Winter,Saturday,False,True
5,SKU0005,2024-12-29,666,63.87,42534.98,23316.66,19218.32,11.1,60.66,Winter,Sunday,False,True
5,SKU0005,2024-12-30,308,65.5,20173.8,10783.08,9390.72,0.0,63.63,Winter,Monday,False,False
5,SKU0005,2024-12-31,317,69.23,21944.69,11098.17,10846.52,0.0,62.53,Winter,Tuesday,False,False
6,SKU0006,2023-01-01,317,225.26,71408.3,49163.53,22244.77,0.0,204.01,Winter,Sunday,True,False
6,SKU0006,2023-01-02,184,235.87,43399.23,28536.56,14862.67,0.0,214.43,Winter,Monday,False,False
6,SKU0006,2023-01-03,126,236.17,29757.1,19541.34,10215.76,0.0,231.67,Winter,Tuesday,False,False
6,SKU0006,2023-01-04,181,246.78,44666.98,28071.29,16595.69,0.0,227.47,Winter,Wednesday,False,False
6,SKU0006,2023-01-05,263,219.13,57632.13,40788.67,16843.46,0.0,254.7,Winter,Thursday,False,False
6,SKU0006,2023-01-06,159,258.78,41145.61,24659.31,16486.3,0.0,273.1,Winter,Friday,False,False
6,SKU0006,2023-01-07,180,259.24,46662.87,27916.2,18746.67,0.0,258.48,Winter,Saturday,False,False
6,SKU0006,2023-01-08,370,207.24,76677.57,57383.3,19294.27,20.12,272.26,Winter,Sunday,False,True
6,SKU0006,2023-01-09,192,236.4,45388.51,29777.28,15611.23,0.0,212.31,Winter,Monday,False,False
6,SKU0006,2023-01-10,221,231.82,51231.77,34274.89,16956.88,0.0,217.31,Winter,Tuesday,False,False
6,SKU0006,2023-01-11,151,233.89,35317.48,23418.59,11898.89,0.0,269.18,Winter,Wednesday,False,False
6,SKU0006,2023-01-12,214,224.52,48046.99,33189.26,14857.73,0.0,267.78,Winter,Thursday,False,False
6,SKU0006,2023-01-13,216,218.49,47193.96,33499.44,13694.52,0.0,230.0,Winter,Friday,False,False
6,SKU0006,2023-01-14,217,234.87,50967.45,33654.53,17312.92,0.0,272.93,Winter,Saturday,False,False
6,SKU0006,2023-01-15,231,237.06,54760.85,35825.79,18935.06,0.0,272.7,Winter,Sunday,False,False
6,SKU0006,2023-01-16,224,223.83,50136.86,34740.16,15396.7,0.0,266.62,Winter,Monday,False,False
6,SKU0006,2023-01-17,214,229.39,49090.47,33189.26,15901.21,0.0,254.78,Winter,Tuesday,False,False
6,SKU0006,2023-01-20,183,235.31,43062.63,28381.47,14681.16,0.0,206.6,Winter,Friday,False,False
6,SKU0006,2023-01-21,214,247.29,52919.5,33189.26,19730.24,0.0,231.32,Winter,Saturday,False,False
6,SKU0006,2023-01-22,205,259.01,53096.86,31793.45,21303.41,0.0,255.84,Winter,Sunday,False,False
6,SKU0006,2023-01-23,178,239.24,42584.54,27606.02,14978.52,0.0,208.19,Winter,Monday,False,False
6,SKU0006,2023-01-24,209,245.24,51254.34,32413.81,18840.53,0.0,266.82,Winter,Tuesday,False,False
6,SKU0006,2023-01-25,169,254.22,42963.15,26210.21,16752.94,0.0,216.65,Winter,Wednesday,False,False
6,SKU0006,2023-01-26,139,261.2,36307.35,21557.51,14749.84,0.0,241.9,Winter,Thursday,False,False
6,SKU0006,2023-01-27,172,238.19,40967.84,26675.48,14292.36,0.0,246.22,Winter,Friday,False,False
6,SKU0006,2023-01-28,228,235.07,53595.89,35360.52,18235.37,0.0,265.42,Winter,Saturday,False,False
6,SKU0006,2023-01-29,242,256.57,62090.76,37531.78,24558.98,0.0,215.5,Winter,Sunday,False,False
6,SKU0006,2023-01-31,152,250.54,38082.53,23573.68,14508.85,0.0,204.45,Winter,Tuesday,False,False
6,SKU0006,2023-02-01,246,242.83,59735.82,38152.14,21583.68,0.0,233.5,Winter,Wednesday,False,False
6,SKU0006,2023-02-02,173,262.2,45359.91,26830.57,18529.34,0.0,252.92,Winter,Thursday,False,False
6,SKU0006,2023-02-03,200,259.51,51902.13,31018.0,20884.13,0.0,231.81,Winter,Friday,False,False
6,SKU0006,2023-02-04,229,221.73,50776.88,35515.61,15261.27,0.0,228.94,Winter,Saturday,False,False
6,SKU0006,2023-02-05,368,213.44,78546.31,57073.12,21473.19,11.27,215.73,Winter,Sunday,False,True
6,SKU0006,2023-02-06,212,230.39,48842.03,32879.08,15962.95,0.0,273.83,Winter,Monday,False,False
6,SKU0006,2023-02-08,193,261.93,50552.3,29932.37,20619.93,0.0,251.97,Winter,Wednesday,False,False
6,SKU0006,2023-02-09,221,221.91,49043.05,34274.89,14768.16,0.0,249.43,Winter,Thursday,False,False
6,SKU0006,2023-02-10,189,218.21,41242.03,29312.01,11930.02,0.0,226.24,Winter,Friday,False,False
6,SKU0006,2023-02-11,202,236.53,47780.06,31328.18,16451.88,0.0,205.63,Winter,Saturday,False,False
6,SKU0006,2023-02-12,218,251.61,54850.34,33809.62,21040.72,0.0,233.59,Winter,Sunday,False,False
6,SKU0006,2023-02-13,217,228.52,49589.22,33654.53,15934.69,0.0,203.97,Winter,Monday,False,False
6,SKU0006,2023-02-15,232,216.36,50195.11,35980.88,14214.23,0.0,255.04,Winter,Wednesday,False,False
6,SKU0006,2023-02-16,220,240.62,52935.9,34119.8,18816.1,0.0,245.63,Winter,Thursday,False,False
6,SKU0006,2023-02-17,157,238.95,37515.35,24349.13,13166.22,0.0,212.11,Winter,Friday,False,False
6,SKU0006,2023-02-18,197,230.86,45478.64,30552.73,14925.91,0.0,239.47,Winter,Saturday,False,False
6,SKU0006,2023-02-19,208,245.63,51090.57,32258.72,18831.85,0.0,235.15,Winter,Sunday,False,False
6,SKU0006,2023-02-20,192,236.59,45425.34,29777.28,15648.06,0.0,268.16,Winter,Monday,False,False
6,SKU0006,2023-02-21,170,235.8,40086.66,26365.3,13721.36,0.0,215.63,Winter,Tuesday,False,False
6,SKU0006,2023-02-22,223,233.91,52161.24,34585.07,17576.17,0.0,216.84,Winter,Wednesday,False,False
6,SKU0006,2023-02-24,192,227.86,43748.78,29777.28,13971.5,0.0,271.78,Winter,Friday,False,False
6,SKU0006,2023-02-25,307,184.5,56642.28,47612.63,9029.65,24.6,240.9,Winter,Saturday,False,True
6,SKU0006,2023-02-26,188,221.89,41716.08,29156.92,12559.16,0.0,268.33,Winter,Sunday,False,False
6,SKU0006,2023-02-27,182,249.03,45323.23,28226.38,17096.85,0.0,262.51,Winter,Monday,False,False
6,SKU0006,2023-02-28,122,242.27,29556.34,18920.98,10635.36,0.0,256.48,Winter,Tuesday,False,False
6,SKU0006,2023-03-01,144,240.13,34579.26,22332.96,12246.3,0.0,202.86,Spring,Wednesday,False,False
6,SKU0006,2023-03-02,119,247.3,29428.84,18455.71,10973.13,0.0,229.2,Spring,Thursday,False,False
6,SKU0006,2023-03-03,175,256.88,44953.6,27140.75,17812.85,0.0,264.93,Spring,Friday,False,False
6,SKU0006,2023-03-04,208,233.36,48538.5,32258.72,16279.78,0.0,226.57,Spring,Saturday,False,False
6,SKU0006,2023-03-05,161,216.57,34867.52,24969.49,9898.03,0.0,214.83,Spring,Sunday,False,False
6,SKU0006,2023-03-06,132,223.13,29453.73,20471.88,8981.85,0.0,263.83,Spring,Monday,False,False
6,SKU0006,2023-03-07,154,223.45,34411.54,23883.86,10527.68,0.0,235.79,Spring,Tuesday,False,False
6,SKU0006,2023-03-08,170,221.44,37644.41,26365.3,11279.11,0.0,246.57,Spring,Wednesday,False,False
6,SKU0006,2023-03-09,100,226.51,22650.89,15509.0,7141.89,0.0,251.74,Spring,Thursday,False,False
6,SKU0006,2023-03-10,86,255.15,21942.61,13337.74,8604.87,0.0,262.24,Spring,Friday,False,False
