data/sales_data.csv
product_id,sku,date,quantity,price,revenue,cost,profit,discount_percent,competitor_price,season,day_of_week,is_holiday,promotion_active
6,SKU0006,2023-03-11,127,259.63,32972.46,19696.43,13276.03,0.0,267.34,Spring,Saturday,False,False
6,SKU0006,2023-03-12,178,219.66,39099.49,27606.02,11493.47,0.0,221.47,Spring,Sunday,False,False
6,SKU0006,2023-03-13,125,258.45,32306.42,19386.25,12920.17,0.0,257.32,Spring,Monday,False,False
6,SKU0006,2023-03-14,135,259.22,34995.07,20937.15,14057.92,0.0,270.45,Spring,Tuesday,False,False
6,SKU0006,2023-03-15,95,260.96,24791.48,14733.55,10057.93,0.0,270.53,Spring,Wednesday,False,False
6,SKU0006,2023-03-16,79,247.89,19583.01,12252.11,7330.9,0.0,246.33,Spring,Thursday,False,False
6,SKU0006,2023-03-17,154,219.62,33821.17,23883.86,9937.31,0.0,270.07,Spring,Friday,False,False
6,SKU0006,2023-03-18,127,248.65,31578.62,19696.43,11882.19,0.0,204.65,Spring,Saturday,False,False
6,SKU0006,2023-03-19,105,239.5,25147.88,16284.45,8863.43,0.0,270.78,Spring,Sunday,False,False
6,SKU0006,2023-03-20,142,215.49,30599.01,22022.78,8576.23,0.0,237.72,Spring,Monday,False,False
6,SKU0006,2023-03-21,133,254.1,33795.62,20626.97,13168.65,0.0,216.71,Spring,Tuesday,False,False
6,SKU0006,2023-03-22,133,220.47,29321.89,20626.97,8694.92,0.0,239.48,Spring,Wednesday,False,False
6,SKU0006,2023-03-23,108,258.94,27965.94,16749.72,11216.22,0.0,237.26,Spring,Thursday,False,False
6,SKU0006,2023-03-24,135,216.98,29291.97,20937.15,8354.82,0.0,253.25,Spring,Friday,False,False
6,SKU0006,2023-03-26,128,224.77,28770.57,19851.52,8919.05,0.0,226.09,Spring,Sunday,False,False
6,SKU0006,2023-03-27,116,230.33,26718.67,17990.44,8728.23,0.0,210.48,Spring,Monday,False,False
6,SKU0006,2023-03-28,139,232.21,32277.3,21557.51,10719.79,0.0,261.33,Spring,Tuesday,False,False
6,SKU0006,2023-03-29,124,255.11,31633.04,19231.16,12401.88,0.0,219.86,Spring,Wednesday,False,False
6,SKU0006,2023-03-31,112,227.42,25471.24,17370.08,8101.16,0.0,252.71,Spring,Friday,False,False
6,SKU0006,2023-04-01,159,219.95,34971.49,24659.31,10312.18,0.0,259.53,Spring,Saturday,False,False
6,SKU0006,2023-04-02,175,192.6,33704.71,27140.75,6563.96,16.85,270.67,Spring,Sunday,False,True
6,SKU0006,2023-04-03,127,242.98,30858.15,19696.43,11161.72,0.0,207.11,Spring,Monday,False,False
6,SKU0006,2023-04-04,165,221.02,36468.56,25589.85,10878.71,0.0,222.26,Spring,Tuesday,False,False
6,SKU0006,2023-04-05,92,255.05,23464.53,14268.28,9196.25,0.0,264.11,Spring,Wednesday,False,False
6,SKU0006,2023-04-06,123,222.51,27368.52,19076.07,8292.45,0.0,226.5,Spring,Thursday,False,False
6,SKU0006,2023-04-07,125,253.36,31670.52,19386.25,12284.27,0.0,206.99,Spring,Friday,False,False
6,SKU0006,2023-04-08,171,251.62,43027.71,26520.39,16507.32,0.0,259.52,Spring,Saturday,False,False
6,SKU0006,2023-04-09,143,235.84,33725.39,22177.87,11547.52,0.0,214.81,Spring,Sunday,False,False
6,SKU0006,2023-04-10,116,230.86,26780.24,17990.44,8789.8,0.0,255.84,Spring,Monday,False,False
6,SKU0006,2023-04-11,88,240.57,21170.44,13647.92,7522.52,0.0,244.92,Spring,Tuesday,False,False
6,SKU0006,2023-04-12,121,252.75,30583.22,18765.89,11817.33,0.0,253.82,Spring,Wednesday,False,False
6,SKU0006,2023-04-13,176,223.22,39287.32,27295.84,11991.48,0.0,271.38,Spring,Thursday,False,False
6,SKU0006,2023-04-14,121,260.92,31570.78,18765.89,12804.89,0.0,233.45,Spring,Friday,False,False
6,SKU0006,2023-04-15,162,221.24,35840.22,25124.58,10715.64,0.0,265.98,Spring,Saturday,False,False
6,SKU0006,2023-04-16,247,213.56,52748.8,38307.23,14441.57,15.59,249.15,Spring,Sunday,False,True
6,SKU0006,2023-04-17,116,260.48,30215.42,17990.44,12224.98,0.0,265.61,Spring,Monday,False,False
6,SKU0006,2023-04-18,104,254.21,26437.64,16129.36,10308.28,0.0,264.98,Spring,Tuesday,False,False
6,SKU0006,2023-04-20,127,244.95,31108.27,19696.43,11411.84,0.0,215.85,Spring,Thursday,False,False
6,SKU0006,2023-04-21,131,229.21,30026.73,20316.79,9709.94,0.0,240.37,Spring,Friday,False,False
6,SKU0006,2023-04-22,127,242.72,30826.03,19696.43,11129.6,0.0,237.93,Spring,Saturday,False,False
6,SKU0006,2023-04-23,170,255.32,43404.11,26365.3,17038.81,0.0,218.71,Spring,Sunday,False,False
6,SKU0006,2023-04-24,135,245.15,33095.65,20937.15,12158.5,0.0,270.77,Spring,Monday,False,False
6,SKU0006,2023-04-26,145,239.33,34702.96,22488.05,12214.91,0.0,214.81,Spring,Wednesday,False,False
6,SKU0006,2023-04-27,123,224.72,27640.64,19076.07,8564.57,0.0,240.45,Spring,Thursday,False,False
6,SKU0006,2023-04-28,119,222.99,26535.76,18455.71,8080.05,0.0,261.24,Spring,Friday,False,False
6,SKU0006,2023-04-29,142,223.83,31783.44,22022.78,9760.66,0.0,217.14,Spring,Saturday,False,False
6,SKU0006,2023-05-01,146,219.16,31997.22,22643.14,9354.08,0.0,203.39,Spring,Monday,False,False
6,SKU0006,2023-05-02,155,194.87,30204.22,24038.95,6165.27,13.94,254.17,Spring,Tuesday,False,True
6,SKU0006,2023-05-03,113,215.9,24396.25,17525.17,6871.08,0.0,236.57,Spring,Wednesday,False,False
6,SKU0006,2023-05-04,94,218.9,20576.23,14578.46,5997.77,0.0,259.14,Spring,Thursday,False,False
6,SKU0006,2023-05-05,125,237.65,29706.17,19386.25,10319.92,0.0,256.27,Spring,Friday,False,False
6,SKU0006,2023-05-06,144,244.7,35236.15,22332.96,12903.19,0.0,229.93,Spring,Saturday,False,False
6,SKU0006,2023-05-07,133,259.7,34539.94,20626.97,13912.97,0.0,247.09,Spring,Sunday,False,False
6,SKU0006,2023-05-08,101,251.75,25426.52,15664.09,9762.43,0.0,235.28,Spring,Monday,False,False
6,SKU0006,2023-05-09,103,241.17,24840.23,15974.27,8865.96,0.0,230.9,Spring,Tuesday,False,False
6,SKU0006,2023-05-10,144,223.41,32170.82,22332.96,9837.86,0.0,211.47,Spring,Wednesday,False,False
6,SKU0006,2023-05-11,126,217.76,27437.98,19541.34,7896.64,0.0,217.01,Spring,Thursday,False,False
6,SKU0006,2023-05-12,126,249.49,31436.32,19541.34,11894.98,0.0,249.72,Spring,Friday,False,False
6,SKU0006,2023-05-13,121,260.39,31507.59,18765.89,12741.7,0.0,226.13,Spring,Saturday,False,False
6,SKU0006,2023-05-14,153,242.26,37065.42,23728.77,13336.65,0.0,246.82,Spring,Sunday,False,False
6,SKU0006,2023-05-15,141,256.81,36209.93,21867.69,14342.24,0.0,255.26,Spring,Monday,False,False
6,SKU0006,2023-05-16,133,246.1,32731.81,20626.97,12104.84,0.0,248.65,Spring,Tuesday,False,False
6,SKU0006,2023-05-17,117,241.02,28199.04,18145.53,10053.51,0.0,214.73,Spring,Wednesday,False,False
6,SKU0006,2023-05-18,126,248.26,31281.0,19541.34,11739.66,0.0,244.15,Spring,Thursday,False,False
6,SKU0006,2023-05-19,129,224.44,28952.25,20006.61,8945.64,0.0,224.86,Spring,Friday,False,False
6,SKU0006,2023-05-20,152,238.08,36188.16,23573.68,12614.48,0.0,255.57,Spring,Saturday,False,False
6,SKU0006,2023-05-21,152,225.18,34228.01,23573.68,10654.33,0.0,223.56,Spring,Sunday,False,False
6,SKU0006,2023-05-22,121,241.99,29280.81,18765.89,10514.92,0.0,220.98,Spring,Monday,False,False
6,SKU0006,2023-05-23,124,251.72,31213.24,19231.16,11982.08,0.0,254.71,Spring,Tuesday,False,False
6,SKU0006,2023-05-24,108,236.06,25494.76,16749.72,8745.04,0.0,264.41,Spring,Wednesday,False,False
6,SKU0006,2023-05-25,114,223.65,25496.54,17680.26,7816.28,0.0,207.81,Spring,Thursday,False,False
6,SKU0006,2023-05-26,190,173.24,32915.21,29467.1,3448.11,23.52,240.53,Spring,Friday,False,True
6,SKU0006,2023-05-27,124,220.11,27293.53,19231.16,8062.37,0.0,266.9,Spring,Saturday,False,False
6,SKU0006,2023-05-28,122,242.4,29572.49,18920.98,10651.51,0.0,268.3,Spring,Sunday,False,False
6,SKU0006,2023-05-29,138,221.86,30616.92,21402.42,9214.5,0.0,256.69,Spring,Monday,False,False
6,SKU0006,2023-05-30,171,212.29,36301.06,26520.39,9780.67,15.96,264.58,Spring,Tuesday,False,True
6,SKU0006,2023-05-31,145,223.01,32336.2,22488.05,9848.15,0.0,221.8,Spring,Wednesday,False,False
6,SKU0006,2023-06-01,110,243.69,26805.46,17059.9,9745.56,0.0,266.15,Summer,Thursday,False,False
6,SKU0006,2023-06-02,79,238.88,18871.7,12252.11,6619.59,0.0,227.81,Summer,Friday,False,False
6,SKU0006,2023-06-03,141,250.05,35257.32,21867.69,13389.63,0.0,229.45,Summer,Saturday,False,False
6,SKU0006,2023-06-04,161,223.55,35991.84,24969.49,11022.35,0.0,231.04,Summer,Sunday,False,False
6,SKU0006,2023-06-05,158,200.57,31690.17,24504.22,7185.95,21.26,257.82,Summer,Monday,False,True
6,SKU0006,2023-06-06,124,228.01,28273.53,19231.16,9042.37,0.0,268.85,Summer,Tuesday,False,False
6,SKU0006,2023-06-07,92,253.62,23332.69,14268.28,9064.41,0.0,243.89,Summer,Wednesday,False,False
6,SKU0006,2023-06-08,124,217.91,27020.72,19231.16,7789.56,0.0,214.48,Summer,Thursday,False,False
6,SKU0006,2023-06-09,87,249.48,21704.6,13492.83,8211.77,0.0,264.91,Summer,Friday,False,False
6,SKU0006,2023-06-10,180,180.47,32483.92,27916.2,4567.72,18.66,255.05,Summer,Saturday,False,True
6,SKU0006,2023-06-12,110,237.55,26130.35,17059.9,9070.45,0.0,255.42,Summer,Monday,False,False
6,SKU0006,2023-06-13,103,243.95,25126.69,15974.27,9152.42,0.0,203.16,Summer,Tuesday,False,False
6,SKU0006,2023-06-14,93,237.17,22057.09,14423.37,7633.72,0.0,245.29,Summer,Wednesday,False,False
6,SKU0006,2023-06-16,125,221.98,27747.91,19386.25,8361.66,0.0,211.26,Summer,Friday,False,False
6,SKU0006,2023-06-17,129,248.16,32013.05,20006.61,12006.44,0.0,236.21,Summer,Saturday,False,False
6,SKU0006,2023-06-18,151,217.29,32811.27,23418.59,9392.68,0.0,256.21,Summer,Sunday,False,False
6,SKU0006,2023-06-19,180,184.81,33265.89,27916.2,5349.69,16.04,215.75,Summer,Monday,False,True
6,SKU0006,2023-06-20,126,249.18,31396.44,19541.34,11855.1,0.0,254.56,Summer,Tuesday,False,False
6,SKU0006,2023-06-21,85,258.91,22007.04,13182.65,8824.39,0.0,269.55,Summer,Wednesday,False,False
6,SKU0006,2023-06-22,117,244.47,28602.79,18145.53,10457.26,0.0,205.46,Summer,Thursday,False,False
6,SKU0006,2023-06-23,134,235.33,31534.05,20782.06,10751.99,0.0,241.19,Summer,Friday,False,False
6,SKU0006,2023-06-24,145,236.47,34288.0,22488.05,11799.95,0.0,260.88,Summer,Saturday,False,False
6,SKU0006,2023-06-25,141,219.69,30975.61,21867.69,9107.92,0.0,223.0,Summer,Sunday,False,False
6,SKU0006,2023-06-26,107,228.31,24429.6,16594.63,7834.97,0.0,251.7,Summer,Monday,False,False
6,SKU0006,2023-06-27,139,221.45,30781.55,21557.51,9224.04,0.0,203.44,Summer,Tuesday,False,False
6,SKU0006,2023-06-28,81,261.6,21189.62,12562.29,8627.33,0.0,223.33,Summer,Wednesday,False,False
6,SKU0006,2023-06-29,90,254.82,22934.19,13958.1,8976.09,0.0,252.96,Summer,Thursday,False,False
6,SKU0006,2023-06-30,97,260.92,25309.0,15043.73,10265.27,0.0,262.91,Summer,Friday,False,False
6,SKU0006,2023-07-01,264,200.55,52946.46,40943.76,12002.7,19.83,218.17,Summer,Saturday,False,True
6,SKU0006,2023-07-02,140,243.19,34046.71,21712.6,12334.11,0.0,252.53,Summer,Sunday,False,False
6,SKU0006,2023-07-03,105,215.56,22633.32,16284.45,6348.87,0.0,272.16,Summer,Monday,False,False
6,SKU0006,2023-07-04,145,227.89,33043.33,22488.05,10555.28,0.0,228.51,Summer,Tuesday,True,False
6,SKU0006,2023-07-05,104,232.24,24152.8,16129.36,8023.44,0.0,268.95,Summer,Wednesday,False,False
6,SKU0006,2023-07-06,110,216.03,23763.35,17059.9,6703.45,0.0,266.38,Summer,Thursday,False,False
6,SKU0006,2023-07-07,141,215.96,30450.9,21867.69,8583.21,0.0,269.39,Summer,Friday,False,False
6,SKU0006,2023-07-08,110,232.01,25520.68,17059.9,8460.78,0.0,219.33,Summer,Saturday,False,False
6,SKU0006,2023-07-09,182,217.62,39606.47,28226.38,11380.09,0.0,207.21,Summer,Sunday,False,False
6,SKU0006,2023-07-10,116,260.74,30246.05,17990.44,12255.61,0.0,264.51,Summer,Monday,False,False
6,SKU0006,2023-07-11,217,198.79,43136.57,33654.53,9482.04,11.9,249.34,Summer,Tuesday,False,True
6,SKU0006,2023-07-12,107,231.08,24725.44,16594.63,8130.81,0.0,264.66,Summer,Wednesday,False,False
6,SKU0006,2023-07-13,106,247.4,26224.6,16439.54,9785.06,0.0,218.69,Summer,Thursday,False,False
6,SKU0006,2023-07-14,92,228.36,21009.3,14268.28,6741.02,0.0,211.74,Summer,Friday,False,False
6,SKU0006,2023-07-15,115,258.07,29677.92,17835.35,11842.57,0.0,238.34,Summer,Saturday,False,False
6,SKU0006,2023-07-16,141,245.27,34583.51,21867.69,12715.82,0.0,266.73,Summer,Sunday,False,False
6,SKU0006,2023-07-17,146,217.84,31804.08,22643.14,9160.94,0.0,251.27,Summer,Monday,False,False
6,SKU0006,2023-07-18,96,232.49,22319.08,14888.64,7430.44,0.0,215.16,Summer,Tuesday,False,False
6,SKU0006,2023-07-19,106,237.63,25188.27,16439.54,8748.73,0.0,262.71,Summer,Wednesday,False,False
6,SKU0006,2023-07-20,111,235.46,26135.98,17214.99,8920.99,0.0,242.53,Summer,Thursday,False,False
6,SKU0006,2023-07-21,84,252.79,21233.96,13027.56,8206.4,0.0,205.58,Summer,Friday,False,False
6,SKU0006,2023-07-22,241,201.71,48612.8,37376.69,11236.11,21.89,209.99,Summer,Saturday,False,True
6,SKU0006,2023-07-23,114,251.17,28633.56,17680.26,10953.3,0.0,214.4,Summer,Sunday,False,False
6,SKU0006,2023-07-24,108,240.72,25997.49,16749.72,9247.77,0.0,260.96,Summer,Monday,False,False
6,SKU0006,2023-07-25,105,236.11,24791.25,16284.45,8506.8,0.0,204.99,Summer,Tuesday,False,False
6,SKU0006,2023-07-26,90,261.23,23510.6,13958.1,9552.5,0.0,235.98,Summer,Wednesday,False,False
6,SKU0006,2023-07-27,123,216.77,26662.19,19076.07,7586.12,0.0,220.45,Summer,Thursday,False,False
6,SKU0006,2023-07-28,114,225.68,25727.17,17680.26,8046.91,0.0,206.23,Summer,Friday,False,False
6,SKU0006,2023-07-29,130,231.97,30156.45,20161.7,9994.75,0.0,222.53,Summer,Saturday,False,False
6,SKU0006,2023-07-30,113,252.96,28585.04,17525.17,11059.87,0.0,253.21,Summer,Sunday,False,False
6,SKU0006,2023-07-31,185,210.95,39025.48,28691.65,10333.83,12.73,240.61,Summer,Monday,False,True
6,SKU0006,2023-08-01,142,235.06,33379.14,22022.78,11356.36,0.0,220.97,Summer,Tuesday,False,False
6,SKU0006,2023-08-02,191,198.26,37867.71,29622.19,8245.52,10.08,250.84,Summer,Wednesday,False,True
6,SKU0006,2023-08-03,137,224.3,30729.3,21247.33,9481.97,0.0,261.69,Summer,Thursday,False,False
6,SKU0006,2023-08-04,90,235.71,21214.06,13958.1,7255.96,0.0,234.12,Summer,Friday,False,False
6,SKU0006,2023-08-05,130,254.02,33022.96,20161.7,12861.26,0.0,244.69,Summer,Saturday,False,False
6,SKU0006,2023-08-06,106,254.38,26964.35,16439.54,10524.81,0.0,236.81,Summer,Sunday,False,False
6,SKU0006,2023-08-07,132,219.54,28979.35,20471.88,8507.47,16.04,225.04,Summer,Monday,False,True
6,SKU0006,2023-08-08,98,242.86,23800.48,15198.82,8601.66,0.0,259.72,Summer,Tuesday,False,False
6,SKU0006,2023-08-09,225,194.26,43709.37,34895.25,8814.12,20.0,220.87,Summer,Wednesday,False,True
6,SKU0006,2023-08-10,212,199.79,42356.31,32879.08,9477.23,18.78,270.2,Summer,Thursday,False,True
6,SKU0006,2023-08-11,197,195.7,38553.18,30552.73,8000.45,21.36,247.98,Summer,Friday,False,True
6,SKU0006,2023-08-12,114,214.88,24496.83,17680.26,6816.57,0.0,274.21,Summer,Saturday,False,False
6,SKU0006,2023-08-13,193,225.36,43493.89,29932.37,13561.52,10.63,238.73,Summer,Sunday,False,True
6,SKU0006,2023-08-14,122,228.94,27931.03,18920.98,9010.05,0.0,261.63,Summer,Monday,False,False
6,SKU0006,2023-08-15,117,233.59,27329.96,18145.53,9184.43,0.0,273.65,Summer,Tuesday,False,False
6,SKU0006,2023-08-16,79,245.66,19407.44,12252.11,7155.33,0.0,245.06,Summer,Wednesday,False,False
6,SKU0006,2023-08-17,91,253.57,23074.7,14113.19,8961.51,0.0,242.65,Summer,Thursday,False,False
6,SKU0006,2023-08-18,113,234.35,26481.27,17525.17,8956.1,0.0,209.94,Summer,Friday,False,False
6,SKU0006,2023-08-20,94,227.44,21379.53,14578.46,6801.07,0.0,215.28,Summer,Sunday,False,False
6,SKU0006,2023-08-21,116,223.47,25922.93,17990.44,7932.49,0.0,272.03,Summer,Monday,False,False
6,SKU0006,2023-08-22,112,243.14,27231.59,17370.08,9861.51,0.0,268.09,Summer,Tuesday,False,False
6,SKU0006,2023-08-24,115,258.22,29694.87,17835.35,11859.52,0.0,233.65,Summer,Thursday,False,False
6,SKU0006,2023-08-26,118,239.34,28242.48,18300.62,9941.86,0.0,241.5,Summer,Saturday,False,False
6,SKU0006,2023-08-27,104,218.99,22774.77,16129.36,6645.41,0.0,214.15,Summer,Sunday,False,False
6,SKU0006,2023-08-28,116,216.05,25061.68,17990.44,7071.24,0.0,247.75,Summer,Monday,False,False
6,SKU0006,2023-08-29,217,196.84,42714.18,33654.53,9059.65,24.05,260.02,Summer,Tuesday,False,True
6,SKU0006,2023-08-30,131,247.4,32409.01,20316.79,12092.22,0.0,243.72,Summer,Wednesday,False,False
6,SKU0006,2023-08-31,115,256.97,29551.53,17835.35,11716.18,0.0,234.92,Summer,Thursday,False,False
6,SKU0006,2023-09-01,226,220.08,49738.66,35050.34,14688.32,0.0,271.71,Fall,Friday,False,False
6,SKU0006,2023-09-02,247,240.39,59376.23,38307.23,21069.0,0.0,271.85,Fall,Saturday,False,False
6,SKU0006,2023-09-03,216,238.99,51622.3,33499.44,18122.86,0.0,263.75,Fall,Sunday,False,False
6,SKU0006,2023-09-04,178,259.03,46106.94,27606.02,18500.92,0.0,224.58,Fall,Monday,False,False
6,SKU0006,2023-09-05,234,250.9,58711.48,36291.06,22420.42,0.0,265.81,Fall,Tuesday,False,False
6,SKU0006,2023-09-06,168,239.23,40190.19,26055.12,14135.07,0.0,243.69,Fall,Wednesday,False,False
6,SKU0006,2023-09-07,244,238.93,58298.14,37841.96,20456.18,0.0,203.64,Fall,Thursday,False,False
6,SKU0006,2023-09-08,176,253.48,44612.91,27295.84,17317.07,0.0,206.16,Fall,Friday,False,False
6,SKU0006,2023-09-09,284,237.32,67400.21,44045.56,23354.65,0.0,263.12,Fall,Saturday,False,False
6,SKU0006,2023-09-10,190,232.89,44248.25,29467.1,14781.15,0.0,245.45,Fall,Sunday,False,False
6,SKU0006,2023-09-11,326,218.0,71067.26,50559.34,20507.92,11.26,266.59,Fall,Monday,False,True
6,SKU0006,2023-09-12,172,242.92,41781.43,26675.48,15105.95,0.0,245.75,Fall,Tuesday,False,False
6,SKU0006,2023-09-13,143,257.87,36875.39,22177.87,14697.52,0.0,254.79,Fall,Wednesday,False,False
6,SKU0006,2023-09-14,187,259.75,48573.78,29001.83,19571.95,0.0,263.5,Fall,Thursday,False,False
6,SKU0006,2023-09-16,198,248.78,49258.95,30707.82,18551.13,0.0,259.39,Fall,Saturday,False,False
6,SKU0006,2023-09-17,185,234.95,43465.84,28691.65,14774.19,0.0,205.96,Fall,Sunday,False,False
6,SKU0006,2023-09-18,188,245.39,46133.67,29156.92,16976.75,0.0,223.15,Fall,Monday,False,False
6,SKU0006,2023-09-19,187,247.71,46321.99,29001.83,17320.16,0.0,226.67,Fall,Tuesday,False,False
6,SKU0006,2023-09-20,230,219.85,50564.69,35670.7,14893.99,0.0,244.4,Fall,Wednesday,False,False
6,SKU0006,2023-09-21,218,246.17,53665.03,33809.62,19855.41,0.0,215.82,Fall,Thursday,False,False
6,SKU0006,2023-09-22,181,256.96,46509.96,28071.29,18438.67,0.0,253.06,Fall,Friday,False,False
