data/sales_data.csv
product_id,sku,date,quantity,price,revenue,cost,profit,discount_percent,competitor_price,season,day_of_week,is_holiday,promotion_active
6,SKU0006,2023-09-23,295,243.84,71933.05,45751.55,26181.5,0.0,220.61,Fall,Saturday,False,False
6,SKU0006,2023-09-25,193,229.65,44321.95,29932.37,14389.58,0.0,203.64,Fall,Monday,False,False
6,SKU0006,2023-09-26,161,219.62,35358.41,24969.49,10388.92,0.0,273.05,Fall,Tuesday,False,False
6,SKU0006,2023-09-27,180,251.01,45181.72,27916.2,17265.52,0.0,231.92,Fall,Wednesday,False,False
6,SKU0006,2023-09-28,201,220.71,44362.26,31173.09,13189.17,0.0,243.89,Fall,Thursday,False,False
6,SKU0006,2023-09-29,237,225.33,53404.15,36756.33,16647.82,0.0,240.94,Fall,Friday,False,False
6,SKU0006,2023-09-30,247,244.04,60278.85,38307.23,21971.62,0.0,212.65,Fall,Saturday,False,False
6,SKU0006,2023-10-01,195,237.62,46336.46,30242.55,16093.91,0.0,256.7,Fall,Sunday,False,False
6,SKU0006,2023-10-02,198,242.21,47958.53,30707.82,17250.71,0.0,247.42,Fall,Monday,False,False
6,SKU0006,2023-10-03,360,198.78,71560.09,55832.4,15727.69,13.22,244.79,Fall,Tuesday,False,True
6,SKU0006,2023-10-04,231,249.33,57594.32,35825.79,21768.53,0.0,256.89,Fall,Wednesday,False,False
6,SKU0006,2023-10-05,210,253.63,53261.31,32568.9,20692.41,0.0,265.31,Fall,Thursday,False,False
6,SKU0006,2023-10-06,236,219.89,51894.48,36601.24,15293.24,0.0,254.33,Fall,Friday,False,False
6,SKU0006,2023-10-07,245,231.05,56606.59,37997.05,18609.54,0.0,205.94,Fall,Saturday,False,False
6,SKU0006,2023-10-08,247,241.29,59597.73,38307.23,21290.5,0.0,226.61,Fall,Sunday,False,False
6,SKU0006,2023-10-09,257,215.79,55457.14,39858.13,15599.01,0.0,267.69,Fall,Monday,False,False
6,SKU0006,2023-10-10,163,229.16,37352.37,25279.67,12072.7,0.0,211.73,Fall,Tuesday,False,False
6,SKU0006,2023-10-11,300,205.83,61748.96,46527.0,15221.96,10.47,223.51,Fall,Wednesday,False,True
6,SKU0006,2023-10-12,284,203.04,57664.38,44045.56,13618.82,16.03,256.9,Fall,Thursday,False,True
6,SKU0006,2023-10-13,192,258.24,49581.96,29777.28,19804.68,0.0,258.1,Fall,Friday,False,False
6,SKU0006,2023-10-14,293,227.08,66535.84,45441.37,21094.47,0.0,256.71,Fall,Saturday,False,False
6,SKU0006,2023-10-15,213,240.83,51296.52,33034.17,18262.35,0.0,255.03,Fall,Sunday,False,False
6,SKU0006,2023-10-16,127,236.77,30070.24,19696.43,10373.81,0.0,209.75,Fall,Monday,False,False
6,SKU0006,2023-10-17,325,187.24,60854.56,50404.25,10450.31,17.75,259.16,Fall,Tuesday,False,True
6,SKU0006,2023-10-18,218,244.45,53289.66,33809.62,19480.04,0.0,247.66,Fall,Wednesday,False,False
6,SKU0006,2023-10-19,210,240.79,50566.12,32568.9,17997.22,0.0,241.35,Fall,Thursday,False,False
6,SKU0006,2023-10-20,219,226.62,49630.03,33964.71,15665.32,0.0,231.14,Fall,Friday,False,False
6,SKU0006,2023-10-21,228,235.75,53751.76,35360.52,18391.24,0.0,230.09,Fall,Saturday,False,False
6,SKU0006,2023-10-22,177,257.33,45547.62,27450.93,18096.69,0.0,227.17,Fall,Sunday,False,False
6,SKU0006,2023-10-23,219,229.7,50304.93,33964.71,16340.22,0.0,210.73,Fall,Monday,False,False
6,SKU0006,2023-10-24,165,249.21,41119.99,25589.85,15530.14,0.0,207.0,Fall,Tuesday,False,False
6,SKU0006,2023-10-25,262,237.54,62235.1,40633.58,21601.52,0.0,252.7,Fall,Wednesday,False,False
6,SKU0006,2023-10-26,205,247.89,50818.32,31793.45,19024.87,0.0,207.85,Fall,Thursday,False,False
6,SKU0006,2023-10-27,271,220.29,59699.75,42029.39,17670.36,10.93,241.31,Fall,Friday,False,True
6,SKU0006,2023-10-28,202,253.27,51161.37,31328.18,19833.19,0.0,225.31,Fall,Saturday,False,False
6,SKU0006,2023-10-29,223,248.59,55435.68,34585.07,20850.61,0.0,239.65,Fall,Sunday,False,False
6,SKU0006,2023-10-30,194,232.51,45107.01,30087.46,15019.55,0.0,237.56,Fall,Monday,False,False
6,SKU0006,2023-10-31,506,195.03,98686.37,78475.54,20210.83,19.77,212.54,Fall,Tuesday,True,True
6,SKU0006,2023-11-01,199,242.43,48244.56,30862.91,17381.65,0.0,223.81,Fall,Wednesday,False,False
6,SKU0006,2023-11-02,179,232.64,41642.05,27761.11,13880.94,0.0,259.04,Fall,Thursday,False,False
6,SKU0006,2023-11-03,249,241.31,60085.75,38617.41,21468.34,0.0,238.42,Fall,Friday,False,False
6,SKU0006,2023-11-05,273,229.57,62672.23,42339.57,20332.66,0.0,228.88,Fall,Sunday,False,False
6,SKU0006,2023-11-06,184,230.96,42496.79,28536.56,13960.23,0.0,243.7,Fall,Monday,False,False
6,SKU0006,2023-11-07,215,229.46,49334.47,33344.35,15990.12,0.0,218.61,Fall,Tuesday,False,False
6,SKU0006,2023-11-09,132,255.64,33744.19,20471.88,13272.31,0.0,260.0,Fall,Thursday,False,False
6,SKU0006,2023-11-10,243,252.12,61264.69,37686.87,23577.82,0.0,216.0,Fall,Friday,False,False
6,SKU0006,2023-11-11,271,248.17,67254.76,42029.39,25225.37,0.0,231.19,Fall,Saturday,False,False
6,SKU0006,2023-11-12,217,243.77,52897.05,33654.53,19242.52,0.0,206.65,Fall,Sunday,False,False
6,SKU0006,2023-11-13,158,246.96,39020.28,24504.22,14516.06,0.0,216.18,Fall,Monday,False,False
6,SKU0006,2023-11-14,215,228.78,49186.63,33344.35,15842.28,0.0,259.94,Fall,Tuesday,False,False
6,SKU0006,2023-11-15,185,256.8,47507.67,28691.65,18816.02,0.0,236.74,Fall,Wednesday,False,False
6,SKU0006,2023-11-16,197,251.19,49484.23,30552.73,18931.5,0.0,230.74,Fall,Thursday,False,False
6,SKU0006,2023-11-17,215,223.18,47983.83,33344.35,14639.48,0.0,209.96,Fall,Friday,False,False
6,SKU0006,2023-11-18,233,261.14,60846.44,36135.97,24710.47,0.0,271.28,Fall,Saturday,False,False
6,SKU0006,2023-11-19,286,239.41,68472.56,44355.74,24116.82,0.0,207.1,Fall,Sunday,False,False
6,SKU0006,2023-11-21,165,239.38,39497.11,25589.85,13907.26,0.0,253.7,Fall,Tuesday,False,False
6,SKU0006,2023-11-22,255,220.84,56314.48,39547.95,16766.53,0.0,215.19,Fall,Wednesday,False,False
6,SKU0006,2023-11-23,226,259.68,58687.95,35050.34,23637.61,0.0,259.04,Fall,Thursday,False,False
6,SKU0006,2023-11-24,593,210.78,124990.19,91968.37,33021.82,16.69,232.05,Fall,Friday,True,True
6,SKU0006,2023-11-25,272,222.57,60539.4,42184.48,18354.92,0.0,208.26,Fall,Saturday,True,False
6,SKU0006,2023-11-26,226,258.62,58448.02,35050.34,23397.68,0.0,240.66,Fall,Sunday,False,False
6,SKU0006,2023-11-27,128,250.99,32127.22,19851.52,12275.7,0.0,219.13,Fall,Monday,False,False
6,SKU0006,2023-11-28,209,242.83,50752.47,32413.81,18338.66,0.0,256.68,Fall,Tuesday,False,False
6,SKU0006,2023-11-29,327,181.84,59460.98,50714.43,8746.55,24.61,229.19,Fall,Wednesday,False,True
6,SKU0006,2023-11-30,252,239.27,60296.23,39082.68,21213.55,0.0,211.64,Fall,Thursday,False,False
6,SKU0006,2023-12-01,154,250.59,38590.28,23883.86,14706.42,0.0,265.7,Winter,Friday,False,False
6,SKU0006,2023-12-02,156,250.65,39100.71,24194.04,14906.67,0.0,206.18,Winter,Saturday,False,False
6,SKU0006,2023-12-03,206,235.22,48455.98,31948.54,16507.44,0.0,229.11,Winter,Sunday,False,False
6,SKU0006,2023-12-04,132,230.9,30478.15,20471.88,10006.27,0.0,216.9,Winter,Monday,False,False
6,SKU0006,2023-12-05,219,220.06,48192.3,33964.71,14227.59,0.0,213.85,Winter,Tuesday,False,False
6,SKU0006,2023-12-06,127,236.09,29983.72,19696.43,10287.29,0.0,246.82,Winter,Wednesday,False,False
6,SKU0006,2023-12-07,168,261.37,43910.1,26055.12,17854.98,0.0,247.25,Winter,Thursday,False,False
6,SKU0006,2023-12-08,136,218.79,29755.42,21092.24,8663.18,0.0,258.18,Winter,Friday,False,False
6,SKU0006,2023-12-09,219,226.33,49566.49,33964.71,15601.78,0.0,248.73,Winter,Saturday,False,False
6,SKU0006,2023-12-11,190,241.23,45833.48,29467.1,16366.38,0.0,214.96,Winter,Monday,False,False
6,SKU0006,2023-12-12,279,188.22,52513.99,43270.11,9243.88,20.71,207.16,Winter,Tuesday,False,True
6,SKU0006,2023-12-13,178,243.69,43377.47,27606.02,15771.45,0.0,220.49,Winter,Wednesday,False,False
6,SKU0006,2023-12-15,185,252.57,46726.13,28691.65,18034.48,0.0,254.29,Winter,Friday,False,False
6,SKU0006,2023-12-16,186,221.65,41227.11,28846.74,12380.37,0.0,219.23,Winter,Saturday,False,False
6,SKU0006,2023-12-18,101,255.93,25849.23,15664.09,10185.14,0.0,255.8,Winter,Monday,False,False
6,SKU0006,2023-12-19,158,248.87,39321.02,24504.22,14816.8,0.0,236.75,Winter,Tuesday,False,False
6,SKU0006,2023-12-20,157,257.93,40494.5,24349.13,16145.37,0.0,227.53,Winter,Wednesday,False,False
6,SKU0006,2023-12-21,209,226.87,47414.95,32413.81,15001.14,0.0,271.21,Winter,Thursday,False,False
6,SKU0006,2023-12-22,185,235.14,43500.93,28691.65,14809.28,0.0,217.86,Winter,Friday,False,False
6,SKU0006,2023-12-23,177,232.0,41063.48,27450.93,13612.55,0.0,245.96,Winter,Saturday,False,False
6,SKU0006,2023-12-24,179,248.36,44456.87,27761.11,16695.76,0.0,203.92,Winter,Sunday,False,False
6,SKU0006,2023-12-25,233,250.8,58436.33,36135.97,22300.36,0.0,250.73,Winter,Monday,True,False
6,SKU0006,2023-12-26,230,243.17,55928.98,35670.7,20258.28,0.0,235.49,Winter,Tuesday,True,False
6,SKU0006,2023-12-27,161,246.29,39652.09,24969.49,14682.6,0.0,255.45,Winter,Wednesday,False,False
6,SKU0006,2023-12-28,167,241.84,40387.3,25900.03,14487.27,0.0,244.78,Winter,Thursday,False,False
6,SKU0006,2023-12-29,216,222.14,47981.54,33499.44,14482.1,0.0,252.24,Winter,Friday,False,False
6,SKU0006,2023-12-30,301,223.56,67290.34,46682.09,20608.25,14.72,212.32,Winter,Saturday,False,True
6,SKU0006,2023-12-31,226,227.83,51488.85,35050.34,16438.51,0.0,212.65,Winter,Sunday,False,False
6,SKU0006,2024-01-01,345,216.48,74685.05,53506.05,21179.0,0.0,254.98,Winter,Monday,True,False
6,SKU0006,2024-01-02,137,250.42,34307.57,21247.33,13060.24,0.0,220.89,Winter,Tuesday,False,False
6,SKU0006,2024-01-03,122,257.91,31464.48,18920.98,12543.5,0.0,249.24,Winter,Wednesday,False,False
6,SKU0006,2024-01-04,218,222.51,48506.24,33809.62,14696.62,0.0,243.47,Winter,Thursday,False,False
6,SKU0006,2024-01-05,150,261.3,39195.68,23263.5,15932.18,0.0,250.02,Winter,Friday,False,False
6,SKU0006,2024-01-06,213,233.44,49723.0,33034.17,16688.83,0.0,270.36,Winter,Saturday,False,False
6,SKU0006,2024-01-07,177,261.67,46315.26,27450.93,18864.33,0.0,239.65,Winter,Sunday,False,False
6,SKU0006,2024-01-08,314,184.5,57933.73,48698.26,9235.47,23.86,211.48,Winter,Monday,False,True
6,SKU0006,2024-01-09,249,215.45,53647.34,38617.41,15029.93,0.0,266.44,Winter,Tuesday,False,False
6,SKU0006,2024-01-10,325,208.63,67804.54,50404.25,17400.29,15.79,211.01,Winter,Wednesday,False,True
6,SKU0006,2024-01-11,206,238.98,49229.49,31948.54,17280.95,0.0,250.87,Winter,Thursday,False,False
6,SKU0006,2024-01-12,136,253.01,34409.8,21092.24,13317.56,0.0,230.46,Winter,Friday,False,False
6,SKU0006,2024-01-13,320,187.16,59892.05,49628.8,10263.25,14.43,259.85,Winter,Saturday,False,True
6,SKU0006,2024-01-14,116,258.51,29987.4,17990.44,11996.96,0.0,242.4,Winter,Sunday,False,False
6,SKU0006,2024-01-15,156,245.75,38337.32,24194.04,14143.28,0.0,208.9,Winter,Monday,False,False
6,SKU0006,2024-01-16,228,217.0,49476.06,35360.52,14115.54,0.0,232.96,Winter,Tuesday,False,False
6,SKU0006,2024-01-17,184,255.6,47030.13,28536.56,18493.57,0.0,216.77,Winter,Wednesday,False,False
6,SKU0006,2024-01-18,165,256.08,42253.6,25589.85,16663.75,0.0,262.37,Winter,Thursday,False,False
6,SKU0006,2024-01-19,199,216.4,43064.39,30862.91,12201.48,0.0,258.15,Winter,Friday,False,False
6,SKU0006,2024-01-20,305,213.7,65178.84,47302.45,17876.39,16.06,229.3,Winter,Saturday,False,True
6,SKU0006,2024-01-21,208,259.76,54030.46,32258.72,21771.74,0.0,244.92,Winter,Sunday,False,False
6,SKU0006,2024-01-23,140,235.54,32975.84,21712.6,11263.24,0.0,250.66,Winter,Tuesday,False,False
6,SKU0006,2024-01-25,193,258.46,49882.43,29932.37,19950.06,0.0,209.0,Winter,Thursday,False,False
6,SKU0006,2024-01-26,295,191.41,56465.24,45751.55,10713.69,24.9,223.01,Winter,Friday,False,True
6,SKU0006,2024-01-27,240,240.59,57741.05,37221.6,20519.45,0.0,246.77,Winter,Saturday,False,False
6,SKU0006,2024-01-28,306,242.97,74347.44,47457.54,26889.9,0.0,236.41,Winter,Sunday,False,False
6,SKU0006,2024-01-29,198,215.46,42660.67,30707.82,11952.85,0.0,257.23,Winter,Monday,False,False
6,SKU0006,2024-01-30,191,240.9,46012.24,29622.19,16390.05,0.0,212.89,Winter,Tuesday,False,False
6,SKU0006,2024-01-31,160,241.82,38691.13,24814.4,13876.73,0.0,214.21,Winter,Wednesday,False,False
6,SKU0006,2024-02-01,178,252.2,44890.89,27606.02,17284.87,0.0,241.46,Winter,Thursday,False,False
6,SKU0006,2024-02-02,194,239.56,46473.91,30087.46,16386.45,0.0,211.28,Winter,Friday,False,False
6,SKU0006,2024-02-03,218,247.29,53909.47,33809.62,20099.85,0.0,258.76,Winter,Saturday,False,False
6,SKU0006,2024-02-04,362,168.55,61013.3,56142.58,4870.72,22.04,228.8,Winter,Sunday,False,True
6,SKU0006,2024-02-05,185,241.91,44753.23,28691.65,16061.58,0.0,204.48,Winter,Monday,False,False
6,SKU0006,2024-02-06,239,220.78,52765.65,37066.51,15699.14,0.0,212.31,Winter,Tuesday,False,False
6,SKU0006,2024-02-07,185,251.2,46471.65,28691.65,17780.0,0.0,263.6,Winter,Wednesday,False,False
6,SKU0006,2024-02-08,206,242.29,49911.6,31948.54,17963.06,0.0,216.18,Winter,Thursday,False,False
6,SKU0006,2024-02-10,226,257.56,58208.61,35050.34,23158.27,0.0,212.77,Winter,Saturday,False,False
6,SKU0006,2024-02-11,376,201.15,75631.08,58313.84,17317.24,15.03,271.34,Winter,Sunday,False,True
6,SKU0006,2024-02-12,157,236.54,37137.43,24349.13,12788.3,0.0,250.84,Winter,Monday,False,False
6,SKU0006,2024-02-13,199,228.9,45551.74,30862.91,14688.83,0.0,258.93,Winter,Tuesday,False,False
6,SKU0006,2024-02-14,349,191.26,66749.16,54126.41,12622.75,22.52,222.88,Winter,Wednesday,True,True
6,SKU0006,2024-02-15,162,243.0,39366.12,25124.58,14241.54,0.0,234.0,Winter,Thursday,False,False
6,SKU0006,2024-02-16,201,221.46,44514.34,31173.09,13341.25,0.0,226.74,Winter,Friday,False,False
6,SKU0006,2024-02-17,231,236.18,54557.49,35825.79,18731.7,0.0,265.92,Winter,Saturday,False,False
6,SKU0006,2024-02-18,188,227.35,42742.55,29156.92,13585.63,0.0,221.88,Winter,Sunday,False,False
6,SKU0006,2024-02-19,199,254.03,50551.62,30862.91,19688.71,0.0,223.83,Winter,Monday,False,False
6,SKU0006,2024-02-20,186,254.59,47353.11,28846.74,18506.37,0.0,258.61,Winter,Tuesday,False,False
6,SKU0006,2024-02-21,153,255.06,39024.13,23728.77,15295.36,0.0,263.26,Winter,Wednesday,False,False
6,SKU0006,2024-02-22,132,254.37,33577.06,20471.88,13105.18,0.0,204.1,Winter,Thursday,False,False
6,SKU0006,2024-02-23,195,217.76,42463.98,30242.55,12221.43,0.0,269.05,Winter,Friday,False,False
6,SKU0006,2024-02-24,208,234.31,48735.57,32258.72,16476.85,0.0,235.69,Winter,Saturday,False,False
6,SKU0006,2024-02-25,239,221.23,52874.09,37066.51,15807.58,0.0,236.45,Winter,Sunday,False,False
6,SKU0006,2024-02-26,184,222.52,40942.98,28536.56,12406.42,0.0,226.3,Winter,Monday,False,False
6,SKU0006,2024-02-28,312,181.64,56670.68,48388.08,8282.6,24.18,215.89,Winter,Wednesday,False,True
6,SKU0006,2024-02-29,167,248.96,41576.14,25900.03,15676.11,0.0,212.56,Winter,Thursday,False,False
6,SKU0006,2024-03-01,141,233.33,32899.0,21867.69,11031.31,0.0,268.96,Spring,Friday,False,False
6,SKU0006,2024-03-02,139,232.55,32323.94,21557.51,10766.43,0.0,207.03,Spring,Saturday,False,False
6,SKU0006,2024-03-03,187,241.58,45175.56,29001.83,16173.73,0.0,270.72,Spring,Sunday,False,False
6,SKU0006,2024-03-04,163,182.53,29752.3,25279.67,4472.63,24.62,263.21,Spring,Monday,False,True
6,SKU0006,2024-03-05,163,219.95,35852.07,25279.67,10572.4,0.0,208.98,Spring,Tuesday,False,False
6,SKU0006,2024-03-06,132,218.6,28855.09,20471.88,8383.21,0.0,256.06,Spring,Wednesday,False,False
6,SKU0006,2024-03-07,134,253.72,33999.07,20782.06,13217.01,0.0,206.62,Spring,Thursday,False,False
6,SKU0006,2024-03-10,149,226.98,33819.52,23108.41,10711.11,0.0,273.53,Spring,Sunday,False,False
6,SKU0006,2024-03-11,186,186.79,34743.58,28846.74,5896.84,21.78,226.23,Spring,Monday,False,True
6,SKU0006,2024-03-12,144,253.43,36493.62,22332.96,14160.66,0.0,243.43,Spring,Tuesday,False,False
6,SKU0006,2024-03-13,122,243.04,29651.2,18920.98,10730.22,0.0,264.74,Spring,Wednesday,False,False
6,SKU0006,2024-03-14,140,221.02,30942.16,21712.6,9229.56,0.0,271.28,Spring,Thursday,False,False
6,SKU0006,2024-03-15,152,234.47,35639.19,23573.68,12065.51,0.0,271.48,Spring,Friday,False,False
6,SKU0006,2024-03-16,127,239.3,30391.11,19696.43,10694.68,0.0,236.75,Spring,Saturday,False,False
6,SKU0006,2024-03-17,156,253.44,39536.31,24194.04,15342.27,0.0,267.35,Spring,Sunday,False,False
6,SKU0006,2024-03-18,125,218.11,27264.36,19386.25,7878.11,0.0,206.06,Spring,Monday,False,False
6,SKU0006,2024-03-19,122,241.53,29467.13,18920.98,10546.15,0.0,218.68,Spring,Tuesday,False,False
6,SKU0006,2024-03-20,128,237.09,30347.0,19851.52,10495.48,0.0,272.3,Spring,Wednesday,False,False
6,SKU0006,2024-03-21,93,249.5,23203.31,14423.37,8779.94,0.0,240.32,Spring,Thursday,False,False
6,SKU0006,2024-03-22,117,226.29,26475.48,18145.53,8329.95,0.0,213.65,Spring,Friday,False,False
6,SKU0006,2024-03-23,185,234.1,43307.9,28691.65,14616.25,0.0,241.87,Spring,Saturday,False,False
6,SKU0006,2024-03-24,278,204.87,56952.67,43115.02,13837.65,12.91,273.65,Spring,Sunday,False,True
6,SKU0006,2024-03-25,116,257.26,29841.96,17990.44,11851.52,0.0,238.84,Spring,Monday,False,False
6,SKU0006,2024-03-26,120,260.92,31310.08,18610.8,12699.28,0.0,219.12,Spring,Tuesday,False,False
6,SKU0006,2024-03-27,114,252.81,28820.42,17680.26,11140.16,0.0,263.64,Spring,Wednesday,False,False
6,SKU0006,2024-03-29,123,236.0,29028.0,19076.07,9951.93,0.0,222.62,Spring,Friday,False,False
6,SKU0006,2024-03-30,277,187.17,51845.33,42959.93,8885.4,19.3,228.88,Spring,Saturday,False,True
6,SKU0006,2024-03-31,188,224.57,42219.13,29156.92,13062.21,0.0,261.84,Spring,Sunday,False,False
6,SKU0006,2024-04-01,110,240.55,26460.39,17059.9,9400.49,0.0,257.62,Spring,Monday,False,False
6,SKU0006,2024-04-02,156,238.28,37172.35,24194.04,12978.31,0.0,255.11,Spring,Tuesday,False,False
6,SKU0006,2024-04-03,95,243.38,23120.74,14733.55,8387.19,0.0,209.95,Spring,Wednesday,False,False
6,SKU0006,2024-04-04,301,171.92,51747.37,46682.09,5065.28,21.68,209.59,Spring,Thursday,False,True
6,SKU0006,2024-04-05,131,215.65,28250.32,20316.79,7933.53,0.0,223.92,Spring,Friday,False,False
6,SKU0006,2024-04-06,141,247.28,34867.04,21867.69,12999.35,0.0,253.11,Spring,Saturday,False,False
6,SKU0006,2024-04-07,119,215.88,25689.17,18455.71,7233.46,0.0,229.36,Spring,Sunday,False,False
6,SKU0006,2024-04-08,111,253.75,28166.76,17214.99,10951.77,0.0,252.82,Spring,Monday,False,False
6,SKU0006,2024-04-09,176,200.85,35349.86,27295.84,8054.02,10.01,212.49,Spring,Tuesday,False,True
