data/sales_data.csv
product_id,sku,date,quantity,price,revenue,cost,profit,discount_percent,competitor_price,season,day_of_week,is_holiday,promotion_active
6,SKU0006,2024-04-10,119,229.71,27335.73,18455.71,8880.02,0.0,243.32,Spring,Wednesday,False,False
6,SKU0006,2024-04-11,135,217.58,29373.35,20937.15,8436.2,0.0,232.71,Spring,Thursday,False,False
6,SKU0006,2024-04-12,134,258.59,34651.51,20782.06,13869.45,0.0,210.75,Spring,Friday,False,False
6,SKU0006,2024-04-13,150,249.07,37361.0,23263.5,14097.5,0.0,265.69,Spring,Saturday,False,False
6,SKU0006,2024-04-14,154,245.98,37881.1,23883.86,13997.24,0.0,221.39,Spring,Sunday,False,False
6,SKU0006,2024-04-16,101,260.35,26295.73,15664.09,10631.64,0.0,257.57,Spring,Tuesday,False,False
6,SKU0006,2024-04-17,150,255.04,38256.11,23263.5,14992.61,0.0,242.23,Spring,Wednesday,False,False
6,SKU0006,2024-04-18,108,248.54,26842.31,16749.72,10092.59,0.0,229.02,Spring,Thursday,False,False
6,SKU0006,2024-04-19,292,177.74,51900.03,45286.28,6613.75,21.26,203.51,Spring,Friday,False,True
6,SKU0006,2024-04-20,134,260.43,34897.19,20782.06,14115.13,0.0,272.23,Spring,Saturday,False,False
6,SKU0006,2024-04-21,167,215.32,35958.84,25900.03,10058.81,0.0,244.25,Spring,Sunday,False,False
6,SKU0006,2024-04-22,275,175.68,48311.97,42649.75,5662.22,24.07,233.48,Spring,Monday,False,True
6,SKU0006,2024-04-23,145,248.08,35972.09,22488.05,13484.04,0.0,207.42,Spring,Tuesday,False,False
6,SKU0006,2024-04-24,121,244.65,29603.11,18765.89,10837.22,0.0,271.2,Spring,Wednesday,False,False
6,SKU0006,2024-04-25,122,230.81,28159.14,18920.98,9238.16,0.0,266.65,Spring,Thursday,False,False
6,SKU0006,2024-04-26,128,231.88,29680.61,19851.52,9829.09,0.0,220.25,Spring,Friday,False,False
6,SKU0006,2024-04-27,157,241.8,37962.78,24349.13,13613.65,0.0,228.68,Spring,Saturday,False,False
6,SKU0006,2024-04-28,343,164.36,56375.87,53195.87,3180.0,24.46,244.16,Spring,Sunday,False,True
6,SKU0006,2024-04-29,129,233.72,30150.17,20006.61,10143.56,0.0,268.23,Spring,Monday,False,False
6,SKU0006,2024-04-30,150,217.55,32631.82,23263.5,9368.32,0.0,254.14,Spring,Tuesday,False,False
6,SKU0006,2024-05-01,172,216.84,37297.15,26675.48,10621.67,0.0,220.11,Spring,Wednesday,False,False
6,SKU0006,2024-05-02,139,227.48,31620.26,21557.51,10062.75,0.0,254.11,Spring,Thursday,False,False
6,SKU0006,2024-05-03,128,246.34,31531.62,19851.52,11680.1,0.0,223.49,Spring,Friday,False,False
6,SKU0006,2024-05-04,107,260.7,27895.22,16594.63,11300.59,0.0,218.92,Spring,Saturday,False,False
6,SKU0006,2024-05-05,151,200.88,30332.39,23418.59,6913.8,15.65,214.06,Spring,Sunday,False,True
6,SKU0006,2024-05-06,141,225.14,31744.93,21867.69,9877.24,0.0,262.11,Spring,Monday,False,False
6,SKU0006,2024-05-07,217,189.59,41141.54,33654.53,7487.01,15.69,267.15,Spring,Tuesday,False,True
6,SKU0006,2024-05-08,126,219.79,27693.19,19541.34,8151.85,0.0,215.96,Spring,Wednesday,False,False
6,SKU0006,2024-05-09,254,169.52,43057.24,39392.86,3664.38,24.21,213.51,Spring,Thursday,False,True
6,SKU0006,2024-05-10,130,229.42,29825.14,20161.7,9663.44,0.0,207.8,Spring,Friday,False,False
6,SKU0006,2024-05-12,156,234.87,36639.12,24194.04,12445.08,0.0,228.3,Spring,Sunday,False,False
6,SKU0006,2024-05-13,181,205.7,37232.6,28071.29,9161.31,18.12,239.35,Spring,Monday,False,True
6,SKU0006,2024-05-14,155,221.97,34405.04,24038.95,10366.09,0.0,209.14,Spring,Tuesday,False,False
6,SKU0006,2024-05-15,129,225.24,29055.41,20006.61,9048.8,0.0,269.2,Spring,Wednesday,False,False
6,SKU0006,2024-05-16,132,247.11,32618.56,20471.88,12146.68,0.0,268.92,Spring,Thursday,False,False
6,SKU0006,2024-05-17,112,250.73,28082.01,17370.08,10711.93,0.0,242.64,Spring,Friday,False,False
6,SKU0006,2024-05-18,138,236.27,32605.09,21402.42,11202.67,0.0,264.42,Spring,Saturday,False,False
6,SKU0006,2024-05-19,258,197.11,50854.48,40013.22,10841.26,18.9,214.8,Spring,Sunday,False,True
6,SKU0006,2024-05-20,187,224.83,42042.74,29001.83,13040.91,13.6,265.97,Spring,Monday,False,True
6,SKU0006,2024-05-21,126,256.96,32376.96,19541.34,12835.62,0.0,229.3,Spring,Tuesday,False,False
6,SKU0006,2024-05-22,132,218.45,28835.35,20471.88,8363.47,0.0,235.98,Spring,Wednesday,False,False
6,SKU0006,2024-05-23,139,218.82,30415.43,21557.51,8857.92,10.02,209.31,Spring,Thursday,False,True
6,SKU0006,2024-05-24,126,222.48,28031.92,19541.34,8490.58,0.0,242.23,Spring,Friday,False,False
6,SKU0006,2024-05-25,172,235.33,40476.55,26675.48,13801.07,0.0,209.89,Spring,Saturday,False,False
6,SKU0006,2024-05-26,139,249.36,34661.54,21557.51,13104.03,0.0,228.05,Spring,Sunday,False,False
6,SKU0006,2024-05-27,115,252.23,29006.73,17835.35,11171.38,0.0,267.94,Spring,Monday,False,False
6,SKU0006,2024-05-28,140,247.49,34649.27,21712.6,12936.67,0.0,233.86,Spring,Tuesday,False,False
6,SKU0006,2024-05-29,112,238.75,26739.94,17370.08,9369.86,0.0,229.4,Spring,Wednesday,False,False
6,SKU0006,2024-05-30,105,218.63,22956.33,16284.45,6671.88,0.0,225.21,Spring,Thursday,False,False
6,SKU0006,2024-05-31,119,247.68,29473.87,18455.71,11018.16,0.0,253.2,Spring,Friday,False,False
6,SKU0006,2024-06-01,193,215.54,41598.58,29932.37,11666.21,10.67,273.85,Summer,Saturday,False,True
6,SKU0006,2024-06-02,121,226.02,27348.16,18765.89,8582.27,0.0,260.67,Summer,Sunday,False,False
6,SKU0006,2024-06-03,115,225.05,25880.18,17835.35,8044.83,0.0,229.68,Summer,Monday,False,False
6,SKU0006,2024-06-04,120,239.01,28680.79,18610.8,10069.99,0.0,267.18,Summer,Tuesday,False,False
6,SKU0006,2024-06-05,117,227.92,26666.17,18145.53,8520.64,0.0,225.07,Summer,Wednesday,False,False
6,SKU0006,2024-06-06,214,180.48,38622.97,33189.26,5433.71,17.71,256.78,Summer,Thursday,False,True
6,SKU0006,2024-06-07,156,217.32,33901.24,24194.04,9707.2,0.0,246.83,Summer,Friday,False,False
6,SKU0006,2024-06-08,125,244.58,30572.25,19386.25,11186.0,0.0,219.18,Summer,Saturday,False,False
6,SKU0006,2024-06-09,150,222.16,33323.98,23263.5,10060.48,0.0,222.67,Summer,Sunday,False,False
6,SKU0006,2024-06-10,108,228.04,24628.59,16749.72,7878.87,0.0,212.24,Summer,Monday,False,False
6,SKU0006,2024-06-11,97,239.79,23259.46,15043.73,8215.73,0.0,232.98,Summer,Tuesday,False,False
6,SKU0006,2024-06-12,105,231.91,24351.02,16284.45,8066.57,0.0,216.86,Summer,Wednesday,False,False
6,SKU0006,2024-06-14,195,200.48,39094.43,30242.55,8851.88,10.76,252.62,Summer,Friday,False,True
6,SKU0006,2024-06-15,196,221.0,43316.17,30397.64,12918.53,0.0,238.46,Summer,Saturday,False,False
6,SKU0006,2024-06-16,129,220.81,28484.44,20006.61,8477.83,0.0,220.25,Summer,Sunday,False,False
6,SKU0006,2024-06-17,115,216.72,24922.45,17835.35,7087.1,0.0,212.16,Summer,Monday,False,False
6,SKU0006,2024-06-18,179,206.05,36882.16,27761.11,9121.05,10.71,216.91,Summer,Tuesday,False,True
6,SKU0006,2024-06-19,112,254.1,28459.56,17370.08,11089.48,0.0,259.58,Summer,Wednesday,False,False
6,SKU0006,2024-06-20,110,254.26,27968.67,17059.9,10908.77,0.0,228.28,Summer,Thursday,False,False
6,SKU0006,2024-06-21,145,219.32,31801.24,22488.05,9313.19,0.0,212.26,Summer,Friday,False,False
6,SKU0006,2024-06-22,150,189.01,28351.32,23263.5,5087.82,12.43,232.57,Summer,Saturday,False,True
6,SKU0006,2024-06-23,83,247.47,20539.66,12872.47,7667.19,0.0,236.43,Summer,Sunday,False,False
6,SKU0006,2024-06-24,101,243.76,24619.7,15664.09,8955.61,0.0,214.2,Summer,Monday,False,False
6,SKU0006,2024-06-25,130,240.07,31209.6,20161.7,11047.9,0.0,259.01,Summer,Tuesday,False,False
6,SKU0006,2024-06-26,80,254.93,20394.18,12407.2,7986.98,0.0,261.59,Summer,Wednesday,False,False
6,SKU0006,2024-06-27,100,204.22,20421.7,15509.0,4912.7,12.43,260.18,Summer,Thursday,False,True
6,SKU0006,2024-06-28,131,220.4,28871.82,20316.79,8555.03,0.0,238.68,Summer,Friday,False,False
6,SKU0006,2024-06-29,138,241.33,33303.35,21402.42,11900.93,0.0,263.03,Summer,Saturday,False,False
6,SKU0006,2024-06-30,104,258.04,26836.33,16129.36,10706.97,0.0,256.72,Summer,Sunday,False,False
6,SKU0006,2024-07-01,98,233.02,22836.41,15198.82,7637.59,0.0,269.37,Summer,Monday,False,False
6,SKU0006,2024-07-02,158,201.14,31779.53,24504.22,7275.31,15.91,224.51,Summer,Tuesday,False,True
6,SKU0006,2024-07-03,108,251.15,27124.58,16749.72,10374.86,0.0,249.77,Summer,Wednesday,False,False
6,SKU0006,2024-07-04,134,235.33,31534.28,20782.06,10752.22,0.0,251.83,Summer,Thursday,True,False
6,SKU0006,2024-07-05,128,223.74,28638.5,19851.52,8786.98,0.0,232.65,Summer,Friday,False,False
6,SKU0006,2024-07-06,123,207.18,25482.58,19076.07,6406.51,15.65,212.08,Summer,Saturday,False,True
6,SKU0006,2024-07-07,126,221.17,27867.09,19541.34,8325.75,0.0,211.22,Summer,Sunday,False,False
6,SKU0006,2024-07-08,100,221.75,22174.81,15509.0,6665.81,0.0,232.22,Summer,Monday,False,False
6,SKU0006,2024-07-09,101,254.29,25683.08,15664.09,10018.99,0.0,249.66,Summer,Tuesday,False,False
6,SKU0006,2024-07-10,108,227.46,24565.68,16749.72,7815.96,0.0,251.43,Summer,Wednesday,False,False
6,SKU0006,2024-07-11,122,245.1,29902.32,18920.98,10981.34,0.0,241.02,Summer,Thursday,False,False
6,SKU0006,2024-07-12,74,261.81,19373.76,11476.66,7897.1,0.0,247.02,Summer,Friday,False,False
6,SKU0006,2024-07-13,125,259.13,32391.77,19386.25,13005.52,0.0,220.0,Summer,Saturday,False,False
6,SKU0006,2024-07-14,137,253.9,34784.56,21247.33,13537.23,0.0,245.81,Summer,Sunday,False,False
6,SKU0006,2024-07-15,150,227.32,34098.35,23263.5,10834.85,0.0,227.06,Summer,Monday,False,False
6,SKU0006,2024-07-16,112,221.13,24766.94,17370.08,7396.86,0.0,273.63,Summer,Tuesday,False,False
6,SKU0006,2024-07-17,108,261.22,28212.24,16749.72,11462.52,0.0,228.98,Summer,Wednesday,False,False
6,SKU0006,2024-07-18,130,208.0,27039.72,20161.7,6878.02,13.37,217.29,Summer,Thursday,False,True
6,SKU0006,2024-07-19,68,253.34,17227.22,10546.12,6681.1,0.0,208.44,Summer,Friday,False,False
6,SKU0006,2024-07-20,142,255.22,36241.63,22022.78,14218.85,0.0,231.85,Summer,Saturday,False,False
6,SKU0006,2024-07-21,129,249.04,32126.11,20006.61,12119.5,0.0,236.23,Summer,Sunday,False,False
6,SKU0006,2024-07-22,122,258.46,31531.89,18920.98,12610.91,0.0,222.03,Summer,Monday,False,False
6,SKU0006,2024-07-23,90,236.38,21274.43,13958.1,7316.33,0.0,266.87,Summer,Tuesday,False,False
6,SKU0006,2024-07-24,126,227.54,28670.16,19541.34,9128.82,0.0,267.34,Summer,Wednesday,False,False
6,SKU0006,2024-07-25,132,259.93,34310.8,20471.88,13838.92,0.0,219.98,Summer,Thursday,False,False
6,SKU0006,2024-07-26,120,237.27,28472.74,18610.8,9861.94,0.0,230.94,Summer,Friday,False,False
6,SKU0006,2024-07-27,138,243.12,33550.09,21402.42,12147.67,0.0,271.69,Summer,Saturday,False,False
6,SKU0006,2024-07-28,231,192.78,44531.4,35825.79,8705.61,14.21,227.38,Summer,Sunday,False,True
6,SKU0006,2024-07-29,85,240.29,20424.94,13182.65,7242.29,0.0,243.8,Summer,Monday,False,False
6,SKU0006,2024-07-30,124,259.45,32171.34,19231.16,12940.18,0.0,224.74,Summer,Tuesday,False,False
6,SKU0006,2024-07-31,185,181.59,33593.64,28691.65,4901.99,21.41,225.94,Summer,Wednesday,False,True
6,SKU0006,2024-08-01,119,242.21,28823.37,18455.71,10367.66,0.0,263.24,Summer,Thursday,False,False
6,SKU0006,2024-08-02,80,255.47,20437.33,12407.2,8030.13,0.0,235.25,Summer,Friday,False,False
6,SKU0006,2024-08-03,119,221.26,26330.39,18455.71,7874.68,0.0,254.16,Summer,Saturday,False,False
6,SKU0006,2024-08-04,171,227.42,38888.64,26520.39,12368.25,0.0,269.6,Summer,Sunday,False,False
6,SKU0006,2024-08-05,97,262.35,25447.96,15043.73,10404.23,0.0,249.38,Summer,Monday,False,False
6,SKU0006,2024-08-06,143,226.57,32398.88,22177.87,10221.01,0.0,270.16,Summer,Tuesday,False,False
6,SKU0006,2024-08-07,115,229.1,26346.91,17835.35,8511.56,0.0,224.92,Summer,Wednesday,False,False
6,SKU0006,2024-08-08,88,217.4,19131.6,13647.92,5483.68,0.0,218.56,Summer,Thursday,False,False
6,SKU0006,2024-08-09,134,225.52,30220.35,20782.06,9438.29,0.0,251.53,Summer,Friday,False,False
6,SKU0006,2024-08-10,212,191.48,40593.34,32879.08,7714.26,20.29,270.11,Summer,Saturday,False,True
6,SKU0006,2024-08-11,138,258.63,35691.02,21402.42,14288.6,0.0,211.42,Summer,Sunday,False,False
6,SKU0006,2024-08-12,111,240.94,26744.06,17214.99,9529.07,0.0,269.56,Summer,Monday,False,False
6,SKU0006,2024-08-13,92,222.2,20442.79,14268.28,6174.51,0.0,272.2,Summer,Tuesday,False,False
6,SKU0006,2024-08-14,107,257.51,27553.53,16594.63,10958.9,0.0,267.65,Summer,Wednesday,False,False
6,SKU0006,2024-08-15,156,227.14,35433.19,24194.04,11239.15,0.0,249.37,Summer,Thursday,False,False
6,SKU0006,2024-08-16,132,217.06,28651.87,20471.88,8179.99,0.0,248.82,Summer,Friday,False,False
6,SKU0006,2024-08-17,130,245.67,31936.78,20161.7,11775.08,0.0,204.62,Summer,Saturday,False,False
6,SKU0006,2024-08-18,148,252.76,37407.79,22953.32,14454.47,0.0,261.53,Summer,Sunday,False,False
6,SKU0006,2024-08-19,117,235.96,27607.5,18145.53,9461.97,0.0,244.13,Summer,Monday,False,False
6,SKU0006,2024-08-20,120,230.2,27623.66,18610.8,9012.86,0.0,236.31,Summer,Tuesday,False,False
6,SKU0006,2024-08-21,87,258.21,22464.64,13492.83,8971.81,0.0,206.15,Summer,Wednesday,False,False
6,SKU0006,2024-08-22,112,248.16,27793.55,17370.08,10423.47,0.0,261.05,Summer,Thursday,False,False
6,SKU0006,2024-08-23,141,217.74,30701.44,21867.69,8833.75,0.0,229.11,Summer,Friday,False,False
6,SKU0006,2024-08-25,314,171.28,53781.41,48698.26,5083.15,22.85,211.97,Summer,Sunday,False,True
6,SKU0006,2024-08-26,114,230.0,26220.04,17680.26,8539.78,0.0,270.48,Summer,Monday,False,False
6,SKU0006,2024-08-27,107,216.0,23112.34,16594.63,6517.71,0.0,272.08,Summer,Tuesday,False,False
6,SKU0006,2024-08-28,139,220.63,30667.5,21557.51,9109.99,0.0,257.43,Summer,Wednesday,False,False
6,SKU0006,2024-08-29,105,244.69,25692.08,16284.45,9407.63,0.0,273.92,Summer,Thursday,False,False
6,SKU0006,2024-08-30,132,224.21,29595.78,20471.88,9123.9,0.0,247.36,Summer,Friday,False,False
6,SKU0006,2024-08-31,138,222.1,30649.42,21402.42,9247.0,0.0,215.41,Summer,Saturday,False,False
6,SKU0006,2024-09-01,229,243.42,55742.38,35515.61,20226.77,0.0,254.8,Fall,Sunday,False,False
6,SKU0006,2024-09-02,200,252.16,50431.38,31018.0,19413.38,0.0,254.29,Fall,Monday,False,False
6,SKU0006,2024-09-03,211,231.55,48856.91,32723.99,16132.92,0.0,250.0,Fall,Tuesday,False,False
6,SKU0006,2024-09-04,145,225.94,32760.81,22488.05,10272.76,0.0,248.62,Fall,Wednesday,False,False
6,SKU0006,2024-09-05,165,235.87,38917.78,25589.85,13327.93,0.0,216.42,Fall,Thursday,False,False
6,SKU0006,2024-09-07,232,237.34,55063.83,35980.88,19082.95,0.0,266.83,Fall,Saturday,False,False
6,SKU0006,2024-09-08,206,252.05,51922.36,31948.54,19973.82,0.0,219.03,Fall,Sunday,False,False
6,SKU0006,2024-09-09,156,238.95,37275.76,24194.04,13081.72,0.0,236.42,Fall,Monday,False,False
6,SKU0006,2024-09-11,134,243.71,32657.47,20782.06,11875.41,0.0,211.46,Fall,Wednesday,False,False
6,SKU0006,2024-09-12,207,222.3,46015.81,32103.63,13912.18,0.0,230.09,Fall,Thursday,False,False
6,SKU0006,2024-09-13,284,208.8,59298.55,44045.56,15252.99,12.34,248.97,Fall,Friday,False,True
6,SKU0006,2024-09-14,185,261.53,48382.81,28691.65,19691.16,0.0,271.72,Fall,Saturday,False,False
6,SKU0006,2024-09-15,227,244.9,55593.38,35205.43,20387.95,0.0,209.23,Fall,Sunday,False,False
6,SKU0006,2024-09-16,201,246.53,49552.94,31173.09,18379.85,0.0,233.93,Fall,Monday,False,False
6,SKU0006,2024-09-17,270,227.25,61357.3,41874.3,19483.0,0.0,258.6,Fall,Tuesday,False,False
6,SKU0006,2024-09-18,157,230.22,36143.94,24349.13,11794.81,0.0,212.19,Fall,Wednesday,False,False
6,SKU0006,2024-09-19,212,261.02,55336.65,32879.08,22457.57,0.0,252.26,Fall,Thursday,False,False
6,SKU0006,2024-09-20,207,260.18,53857.88,32103.63,21754.25,0.0,239.2,Fall,Friday,False,False
6,SKU0006,2024-09-21,198,250.74,49646.34,30707.82,18938.52,0.0,274.19,Fall,Saturday,False,False
6,SKU0006,2024-09-22,222,262.0,58164.31,34429.98,23734.33,0.0,243.33,Fall,Sunday,False,False
6,SKU0006,2024-09-23,177,246.47,43625.9,27450.93,16174.97,0.0,264.39,Fall,Monday,False,False
6,SKU0006,2024-09-24,186,260.47,48447.92,28846.74,19601.18,0.0,229.8,Fall,Tuesday,False,False
6,SKU0006,2024-09-25,236,244.23,57637.75,36601.24,21036.51,0.0,217.92,Fall,Wednesday,False,False
6,SKU0006,2024-09-26,199,257.7,51281.98,30862.91,20419.07,0.0,267.02,Fall,Thursday,False,False
6,SKU0006,2024-09-27,212,237.59,50368.61,32879.08,17489.53,0.0,207.58,Fall,Friday,False,False
6,SKU0006,2024-09-28,219,240.11,52583.36,33964.71,18618.65,0.0,251.75,Fall,Saturday,False,False
6,SKU0006,2024-09-29,198,219.73,43506.29,30707.82,12798.47,0.0,237.57,Fall,Sunday,False,False
6,SKU0006,2024-09-30,178,255.63,45501.28,27606.02,17895.26,0.0,258.08,Fall,Monday,False,False
6,SKU0006,2024-10-02,160,225.23,36036.25,24814.4,11221.85,0.0,231.53,Fall,Wednesday,False,False
6,SKU0006,2024-10-03,271,201.84,54699.94,42029.39,12670.55,19.96,262.09,Fall,Thursday,False,True
6,SKU0006,2024-10-04,205,232.18,47596.02,31793.45,15802.57,0.0,255.1,Fall,Friday,False,False
6,SKU0006,2024-10-05,220,216.89,47715.57,34119.8,13595.77,0.0,243.52,Fall,Saturday,False,False
6,SKU0006,2024-10-06,192,259.44,49813.12,29777.28,20035.84,0.0,229.17,Fall,Sunday,False,False
6,SKU0006,2024-10-07,176,249.12,43844.51,27295.84,16548.67,0.0,243.34,Fall,Monday,False,False
6,SKU0006,2024-10-08,161,231.07,37202.4,24969.49,12232.91,0.0,204.02,Fall,Tuesday,False,False
6,SKU0006,2024-10-09,182,219.1,39875.83,28226.38,11649.45,0.0,245.22,Fall,Wednesday,False,False
6,SKU0006,2024-10-10,225,230.06,51763.51,34895.25,16868.26,0.0,228.42,Fall,Thursday,False,False
6,SKU0006,2024-10-12,188,226.84,42646.44,29156.92,13489.52,0.0,214.14,Fall,Saturday,False,False
6,SKU0006,2024-10-13,360,196.1,70597.02,55832.4,14764.62,19.78,254.99,Fall,Sunday,False,True
6,SKU0006,2024-10-14,412,174.1,71727.93,63897.08,7830.85,24.11,256.63,Fall,Monday,False,True
6,SKU0006,2024-10-15,176,259.91,45744.76,27295.84,18448.92,0.0,240.89,Fall,Tuesday,False,False
6,SKU0006,2024-10-16,186,234.11,43545.12,28846.74,14698.38,0.0,240.26,Fall,Wednesday,False,False
6,SKU0006,2024-10-17,211,222.61,46971.25,32723.99,14247.26,0.0,237.45,Fall,Thursday,False,False
6,SKU0006,2024-10-18,251,190.98,47936.01,38927.59,9008.42,21.56,249.48,Fall,Friday,False,True
6,SKU0006,2024-10-19,278,216.09,60073.4,43115.02,16958.38,0.0,252.59,Fall,Saturday,False,False
6,SKU0006,2024-10-20,248,240.26,59584.23,38462.32,21121.91,0.0,241.8,Fall,Sunday,False,False
