data/sales_data.csv
product_id,sku,date,quantity,price,revenue,cost,profit,discount_percent,competitor_price,season,day_of_week,is_holiday,promotion_active
6,SKU0006,2024-10-21,173,254.86,44090.14,26830.57,17259.57,0.0,270.15,Fall,Monday,False,False
6,SKU0006,2024-10-22,210,257.69,54115.57,32568.9,21546.67,0.0,224.91,Fall,Tuesday,False,False
6,SKU0006,2024-10-23,177,219.12,38783.48,27450.93,11332.55,0.0,226.35,Fall,Wednesday,False,False
6,SKU0006,2024-10-24,211,260.26,54914.01,32723.99,22190.02,0.0,259.05,Fall,Thursday,False,False
6,SKU0006,2024-10-25,214,223.41,47809.78,33189.26,14620.52,0.0,206.08,Fall,Friday,False,False
6,SKU0006,2024-10-26,244,218.04,53202.92,37841.96,15360.96,0.0,258.26,Fall,Saturday,False,False
6,SKU0006,2024-10-27,241,232.78,56101.1,37376.69,18724.41,0.0,243.11,Fall,Sunday,False,False
6,SKU0006,2024-10-28,179,258.72,46311.18,27761.11,18550.07,0.0,253.7,Fall,Monday,False,False
6,SKU0006,2024-10-29,401,191.57,76820.23,62191.09,14629.14,18.42,224.94,Fall,Tuesday,False,True
6,SKU0006,2024-10-30,167,235.51,39330.26,25900.03,13430.23,0.0,243.78,Fall,Wednesday,False,False
6,SKU0006,2024-10-31,209,258.8,54089.74,32413.81,21675.93,0.0,209.18,Fall,Thursday,True,False
6,SKU0006,2024-11-01,232,233.14,54089.3,35980.88,18108.42,0.0,252.25,Fall,Friday,False,False
6,SKU0006,2024-11-02,313,228.84,71628.33,48543.17,23085.16,10.5,228.08,Fall,Saturday,False,True
6,SKU0006,2024-11-04,226,261.27,59046.9,35050.34,23996.56,0.0,246.94,Fall,Monday,False,False
6,SKU0006,2024-11-05,187,235.8,44095.09,29001.83,15093.26,0.0,248.26,Fall,Tuesday,False,False
6,SKU0006,2024-11-06,233,221.29,51561.62,36135.97,15425.65,0.0,218.75,Fall,Wednesday,False,False
6,SKU0006,2024-11-07,156,247.89,38671.17,24194.04,14477.13,0.0,254.28,Fall,Thursday,False,False
6,SKU0006,2024-11-08,225,231.43,52071.92,34895.25,17176.67,0.0,214.34,Fall,Friday,False,False
6,SKU0006,2024-11-09,257,224.59,57719.11,39858.13,17860.98,0.0,273.49,Fall,Saturday,False,False
6,SKU0006,2024-11-10,247,244.04,60278.86,38307.23,21971.63,0.0,247.24,Fall,Sunday,False,False
6,SKU0006,2024-11-11,175,241.94,42338.87,27140.75,15198.12,0.0,230.97,Fall,Monday,False,False
6,SKU0006,2024-11-12,150,234.49,35174.04,23263.5,11910.54,0.0,224.18,Fall,Tuesday,False,False
6,SKU0006,2024-11-13,221,227.23,50217.73,34274.89,15942.84,0.0,268.9,Fall,Wednesday,False,False
6,SKU0006,2024-11-14,141,229.41,32346.63,21867.69,10478.94,0.0,208.03,Fall,Thursday,False,False
6,SKU0006,2024-11-15,183,243.94,44641.75,28381.47,16260.28,0.0,269.24,Fall,Friday,False,False
6,SKU0006,2024-11-16,257,250.67,64422.78,39858.13,24564.65,0.0,253.32,Fall,Saturday,False,False
6,SKU0006,2024-11-17,253,227.9,57658.85,39237.77,18421.08,0.0,219.02,Fall,Sunday,False,False
6,SKU0006,2024-11-18,237,256.59,60812.76,36756.33,24056.43,0.0,240.45,Fall,Monday,False,False
6,SKU0006,2024-11-19,220,246.11,54144.27,34119.8,20024.47,0.0,213.27,Fall,Tuesday,False,False
6,SKU0006,2024-11-20,304,192.84,58623.76,47147.36,11476.4,16.3,236.96,Fall,Wednesday,False,True
6,SKU0006,2024-11-21,180,261.9,47142.54,27916.2,19226.34,0.0,240.97,Fall,Thursday,False,False
6,SKU0006,2024-11-22,194,239.67,46495.63,30087.46,16408.17,0.0,222.11,Fall,Friday,False,False
6,SKU0006,2024-11-24,260,241.99,62917.0,40323.4,22593.6,0.0,252.29,Fall,Sunday,True,False
6,SKU0006,2024-11-26,127,257.65,32721.76,19696.43,13025.33,0.0,216.6,Fall,Tuesday,False,False
6,SKU0006,2024-11-27,188,252.17,47407.98,29156.92,18251.06,0.0,236.64,Fall,Wednesday,False,False
6,SKU0006,2024-11-28,177,255.74,45265.68,27450.93,17814.75,0.0,220.31,Fall,Thursday,False,False
6,SKU0006,2024-11-29,255,190.41,48553.94,39547.95,9005.99,16.49,269.3,Fall,Friday,False,True
6,SKU0006,2024-11-30,245,243.89,59754.03,37997.05,21756.98,0.0,261.72,Fall,Saturday,False,False
6,SKU0006,2024-12-01,232,249.92,57982.32,35980.88,22001.44,0.0,212.57,Winter,Sunday,False,False
6,SKU0006,2024-12-02,180,249.76,44956.58,27916.2,17040.38,0.0,264.26,Winter,Monday,False,False
6,SKU0006,2024-12-03,172,239.97,41275.3,26675.48,14599.82,0.0,216.43,Winter,Tuesday,False,False
6,SKU0006,2024-12-04,194,244.71,47473.42,30087.46,17385.96,0.0,271.8,Winter,Wednesday,False,False
6,SKU0006,2024-12-05,204,235.27,47995.33,31638.36,16356.97,0.0,268.86,Winter,Thursday,False,False
6,SKU0006,2024-12-06,176,259.81,45725.84,27295.84,18430.0,0.0,228.61,Winter,Friday,False,False
6,SKU0006,2024-12-07,201,227.12,45650.59,31173.09,14477.5,0.0,230.57,Winter,Saturday,False,False
6,SKU0006,2024-12-08,408,184.51,75280.73,63276.72,12004.01,18.13,266.16,Winter,Sunday,False,True
6,SKU0006,2024-12-09,229,223.5,51181.46,35515.61,15665.85,0.0,214.09,Winter,Monday,False,False
6,SKU0006,2024-12-10,178,221.22,39376.65,27606.02,11770.63,0.0,216.76,Winter,Tuesday,False,False
6,SKU0006,2024-12-11,255,223.48,56986.91,39547.95,17438.96,0.0,249.77,Winter,Wednesday,False,False
6,SKU0006,2024-12-12,295,187.96,55448.64,45751.55,9697.09,16.76,238.92,Winter,Thursday,False,True
6,SKU0006,2024-12-13,173,252.96,43762.69,26830.57,16932.12,0.0,261.62,Winter,Friday,False,False
6,SKU0006,2024-12-14,216,216.3,46720.58,33499.44,13221.14,0.0,273.57,Winter,Saturday,False,False
6,SKU0006,2024-12-15,217,248.66,53958.63,33654.53,20304.1,0.0,243.54,Winter,Sunday,False,False
6,SKU0006,2024-12-16,128,250.69,32087.77,19851.52,12236.25,0.0,213.76,Winter,Monday,False,False
6,SKU0006,2024-12-17,182,219.02,39861.47,28226.38,11635.09,0.0,237.69,Winter,Tuesday,False,False
6,SKU0006,2024-12-18,166,217.81,36157.08,25744.94,10412.14,0.0,273.93,Winter,Wednesday,False,False
6,SKU0006,2024-12-19,175,254.9,44606.64,27140.75,17465.89,0.0,219.16,Winter,Thursday,False,False
6,SKU0006,2024-12-20,197,254.57,50150.8,30552.73,19598.07,0.0,214.5,Winter,Friday,False,False
6,SKU0006,2024-12-21,235,243.83,57298.98,36446.15,20852.83,0.0,230.79,Winter,Saturday,False,False
6,SKU0006,2024-12-22,134,250.61,33581.29,20782.06,12799.23,0.0,256.77,Winter,Sunday,False,False
6,SKU0006,2024-12-23,253,224.23,56731.42,39237.77,17493.65,0.0,273.96,Winter,Monday,False,False
6,SKU0006,2024-12-24,201,225.9,45405.03,31173.09,14231.94,0.0,212.43,Winter,Tuesday,False,False
6,SKU0006,2024-12-25,191,262.05,50052.45,29622.19,20430.26,0.0,265.64,Winter,Wednesday,True,False
6,SKU0006,2024-12-26,256,225.21,57654.43,39703.04,17951.39,0.0,236.34,Winter,Thursday,True,False
6,SKU0006,2024-12-27,313,198.08,62000.16,48543.17,13456.99,20.05,235.47,Winter,Friday,False,True
6,SKU0006,2024-12-28,217,215.25,46709.44,33654.53,13054.91,0.0,212.97,Winter,Saturday,False,False
6,SKU0006,2024-12-29,221,243.85,53890.26,34274.89,19615.37,0.0,225.37,Winter,Sunday,False,False
6,SKU0006,2024-12-30,181,217.44,39357.38,28071.29,11286.09,0.0,229.31,Winter,Monday,False,False
6,SKU0006,2024-12-31,252,226.96,57194.96,39082.68,18112.28,12.6,244.45,Winter,Tuesday,False,True
7,SKU0007,2023-01-01,221,2070.69,457622.99,279768.32,177854.67,0.0,1672.41,Winter,Sunday,True,False
7,SKU0007,2023-01-02,120,2110.36,253243.04,151910.4,101332.64,0.0,1682.71,Winter,Monday,False,False
7,SKU0007,2023-01-03,178,1931.4,343788.6,225333.76,118454.84,0.0,2122.6,Winter,Tuesday,False,False
7,SKU0007,2023-01-04,173,2063.33,356956.06,219004.16,137951.9,0.0,1665.02,Winter,Wednesday,False,False
7,SKU0007,2023-01-05,205,1816.33,372347.72,259513.6,112834.12,0.0,2121.15,Winter,Thursday,False,False
7,SKU0007,2023-01-06,174,2096.02,364706.92,220270.08,144436.84,0.0,2131.23,Winter,Friday,False,False
7,SKU0007,2023-01-07,193,2109.73,407178.34,244322.56,162855.78,0.0,2171.41,Winter,Saturday,False,False
7,SKU0007,2023-01-08,176,2055.16,361708.09,222801.92,138906.17,0.0,2191.42,Winter,Sunday,False,False
7,SKU0007,2023-01-09,184,2021.97,372042.71,232929.28,139113.43,0.0,1807.62,Winter,Monday,False,False
7,SKU0007,2023-01-10,127,2059.24,261523.3,160771.84,100751.46,0.0,2159.24,Winter,Tuesday,False,False
7,SKU0007,2023-01-11,170,1772.32,301293.7,215206.4,86087.3,0.0,1971.9,Winter,Wednesday,False,False
7,SKU0007,2023-01-12,131,2111.37,276589.57,165835.52,110754.05,0.0,2051.37,Winter,Thursday,False,False
7,SKU0007,2023-01-13,210,1885.05,395861.4,265843.2,130018.2,0.0,1692.89,Winter,Friday,False,False
7,SKU0007,2023-01-14,229,1986.06,454808.45,289895.68,164912.77,0.0,1997.2,Winter,Saturday,False,False
7,SKU0007,2023-01-15,229,1902.89,435762.66,289895.68,145866.98,0.0,1820.06,Winter,Sunday,False,False
7,SKU0007,2023-01-16,200,1950.36,390071.7,253184.0,136887.7,0.0,2208.84,Winter,Monday,False,False
7,SKU0007,2023-01-17,144,1997.13,287586.27,182292.48,105293.79,0.0,2105.0,Winter,Tuesday,False,False
7,SKU0007,2023-01-18,334,1607.26,536824.76,422817.28,114007.48,11.95,1682.99,Winter,Wednesday,False,True
